
Discarded input sections

 .group         0x0000000000000000        0xc ./Application/app_module.o
 .group         0x0000000000000000        0xc ./Application/app_module.o
 .group         0x0000000000000000        0xc ./Application/app_module.o
 .group         0x0000000000000000        0xc ./Application/app_module.o
 .group         0x0000000000000000        0xc ./Application/app_module.o
 .group         0x0000000000000000        0xc ./Application/app_module.o
 .group         0x0000000000000000        0xc ./Application/app_module.o
 .group         0x0000000000000000        0xc ./Application/app_module.o
 .group         0x0000000000000000        0xc ./Application/app_module.o
 .group         0x0000000000000000        0xc ./Application/app_module.o
 .group         0x0000000000000000        0xc ./Application/app_module.o
 .group         0x0000000000000000        0xc ./Application/app_module.o
 .group         0x0000000000000000        0xc ./Application/app_module.o
 .group         0x0000000000000000        0xc ./Application/app_module.o
 .group         0x0000000000000000        0xc ./Application/app_module.o
 .group         0x0000000000000000        0xc ./Application/app_module.o
 .group         0x0000000000000000        0xc ./Application/app_module.o
 .group         0x0000000000000000        0xc ./Application/app_module.o
 .group         0x0000000000000000        0xc ./Application/app_module.o
 .group         0x0000000000000000        0xc ./Application/app_module.o
 .group         0x0000000000000000        0xc ./Application/app_module.o
 .group         0x0000000000000000        0xc ./Application/app_module.o
 .group         0x0000000000000000        0xc ./Application/app_module.o
 .group         0x0000000000000000        0xc ./Application/app_module.o
 .group         0x0000000000000000        0xc ./Application/app_module.o
 .group         0x0000000000000000        0xc ./Application/app_module.o
 .group         0x0000000000000000        0xc ./Application/app_module.o
 .group         0x0000000000000000        0xc ./Application/app_module.o
 .group         0x0000000000000000        0xc ./Application/app_module.o
 .group         0x0000000000000000        0xc ./Application/app_module.o
 .group         0x0000000000000000        0xc ./Middlewares/ThreadX/RTOS/ModuleLib/txm_block_allocate.o
 .group         0x0000000000000000        0xc ./Middlewares/ThreadX/RTOS/ModuleLib/txm_block_allocate.o
 .group         0x0000000000000000        0xc ./Middlewares/ThreadX/RTOS/ModuleLib/txm_block_allocate.o
 .group         0x0000000000000000        0xc ./Middlewares/ThreadX/RTOS/ModuleLib/txm_block_allocate.o
 .group         0x0000000000000000        0xc ./Middlewares/ThreadX/RTOS/ModuleLib/txm_block_allocate.o
 .group         0x0000000000000000        0xc ./Middlewares/ThreadX/RTOS/ModuleLib/txm_block_allocate.o
 .group         0x0000000000000000        0xc ./Middlewares/ThreadX/RTOS/ModuleLib/txm_block_allocate.o
 .group         0x0000000000000000        0xc ./Middlewares/ThreadX/RTOS/ModuleLib/txm_block_allocate.o
 .group         0x0000000000000000        0xc ./Middlewares/ThreadX/RTOS/ModuleLib/txm_block_allocate.o
 .group         0x0000000000000000        0xc ./Middlewares/ThreadX/RTOS/ModuleLib/txm_block_allocate.o
 .group         0x0000000000000000        0xc ./Middlewares/ThreadX/RTOS/ModuleLib/txm_block_allocate.o
 .group         0x0000000000000000        0xc ./Middlewares/ThreadX/RTOS/ModuleLib/txm_block_allocate.o
 .group         0x0000000000000000        0xc ./Middlewares/ThreadX/RTOS/ModuleLib/txm_block_allocate.o
 .group         0x0000000000000000        0xc ./Middlewares/ThreadX/RTOS/ModuleLib/txm_block_allocate.o
 .group         0x0000000000000000        0xc ./Middlewares/ThreadX/RTOS/ModuleLib/txm_block_allocate.o
 .group         0x0000000000000000        0xc ./Middlewares/ThreadX/RTOS/ModuleLib/txm_block_allocate.o
 .group         0x0000000000000000        0xc ./Middlewares/ThreadX/RTOS/ModuleLib/txm_block_allocate.o
 .group         0x0000000000000000        0xc ./Middlewares/ThreadX/RTOS/ModuleLib/txm_block_allocate.o
 .group         0x0000000000000000        0xc ./Middlewares/ThreadX/RTOS/ModuleLib/txm_block_allocate.o
 .group         0x0000000000000000        0xc ./Middlewares/ThreadX/RTOS/ModuleLib/txm_block_allocate.o
 .group         0x0000000000000000        0xc ./Middlewares/ThreadX/RTOS/ModuleLib/txm_block_allocate.o
 .group         0x0000000000000000        0xc ./Middlewares/ThreadX/RTOS/ModuleLib/txm_block_allocate.o
 .group         0x0000000000000000        0xc ./Middlewares/ThreadX/RTOS/ModuleLib/txm_block_allocate.o
 .group         0x0000000000000000        0xc ./Middlewares/ThreadX/RTOS/ModuleLib/txm_block_allocate.o
 .group         0x0000000000000000        0xc ./Middlewares/ThreadX/RTOS/ModuleLib/txm_block_allocate.o
 .group         0x0000000000000000        0xc ./Middlewares/ThreadX/RTOS/ModuleLib/txm_block_allocate.o
[...]
Memory Configuration

Name             Origin             Length             Attributes
FLASH            0x0000000008020000 0x0000000000020000 xr
RAM              0x000000002001c000 0x0000000000004000 xw
*default*        0x0000000000000000 0xffffffffffffffff

Linker script and memory map

LOAD ./Application/app_module.o
LOAD ./Middlewares/ThreadX/RTOS/ModuleLib/txm_block_allocate.o
LOAD ./Middlewares/ThreadX/RTOS/ModuleLib/txm_block_pool_create.o
LOAD ./Middlewares/ThreadX/RTOS/ModuleLib/txm_block_pool_delete.o
LOAD ./Middlewares/ThreadX/RTOS/ModuleLib/txm_block_pool_info_get.o
LOAD ./Middlewares/ThreadX/RTOS/ModuleLib/txm_block_pool_performance_info_get.o
LOAD ./Middlewares/ThreadX/RTOS/ModuleLib/txm_block_pool_performance_system_info_get.o
LOAD ./Middlewares/ThreadX/RTOS/ModuleLib/txm_block_pool_prioritize.o
LOAD ./Middlewares/ThreadX/RTOS/ModuleLib/txm_block_release.o
LOAD ./Middlewares/ThreadX/RTOS/ModuleLib/txm_byte_allocate.o
LOAD ./Middlewares/ThreadX/RTOS/ModuleLib/txm_byte_pool_create.o
LOAD ./Middlewares/ThreadX/RTOS/ModuleLib/txm_byte_pool_delete.o
LOAD ./Middlewares/ThreadX/RTOS/ModuleLib/txm_byte_pool_info_get.o
LOAD ./Middlewares/ThreadX/RTOS/ModuleLib/txm_byte_pool_performance_info_get.o
LOAD ./Middlewares/ThreadX/RTOS/ModuleLib/txm_byte_pool_performance_system_info_get.o
LOAD ./Middlewares/ThreadX/RTOS/ModuleLib/txm_byte_pool_prioritize.o
LOAD ./Middlewares/ThreadX/RTOS/ModuleLib/txm_byte_release.o
LOAD ./Middlewares/ThreadX/RTOS/ModuleLib/txm_event_flags_create.o
LOAD ./Middlewares/ThreadX/RTOS/ModuleLib/txm_event_flags_delete.o
LOAD ./Middlewares/ThreadX/RTOS/ModuleLib/txm_event_flags_get.o
LOAD ./Middlewares/ThreadX/RTOS/ModuleLib/txm_event_flags_info_get.o
LOAD ./Middlewares/ThreadX/RTOS/ModuleLib/txm_event_flags_performance_info_get.o
LOAD ./Middlewares/ThreadX/RTOS/ModuleLib/txm_event_flags_performance_system_info_get.o
LOAD ./Middlewares/ThreadX/RTOS/ModuleLib/txm_event_flags_set.o
LOAD ./Middlewares/ThreadX/RTOS/ModuleLib/txm_event_flags_set_notify.o
LOAD ./Middlewares/ThreadX/RTOS/ModuleLib/txm_module_application_request.o
LOAD ./Middlewares/ThreadX/RTOS/ModuleLib/txm_module_callback_request_thread_entry.o
LOAD ./Middlewares/ThreadX/RTOS/ModuleLib/txm_module_object_allocate.o
LOAD ./Middlewares/ThreadX/RTOS/ModuleLib/txm_module_object_deallocate.o
LOAD ./Middlewares/ThreadX/RTOS/ModuleLib/txm_module_object_pointer_get.o
LOAD ./Middlewares/ThreadX/RTOS/ModuleLib/txm_module_object_pointer_get_extended.o
LOAD ./Middlewares/ThreadX/RTOS/ModuleLib/txm_module_thread_shell_entry.o
LOAD ./Middlewares/ThreadX/RTOS/ModuleLib/txm_module_thread_system_suspend.o
LOAD ./Middlewares/ThreadX/RTOS/ModuleLib/txm_mutex_create.o
LOAD ./Middlewares/ThreadX/RTOS/ModuleLib/txm_mutex_delete.o
LOAD ./Middlewares/ThreadX/RTOS/ModuleLib/txm_mutex_get.o
LOAD ./Middlewares/ThreadX/RTOS/ModuleLib/txm_mutex_info_get.o
LOAD ./Middlewares/ThreadX/RTOS/ModuleLib/txm_mutex_performance_info_get.o
LOAD ./Middlewares/ThreadX/RTOS/ModuleLib/txm_mutex_performance_system_info_get.o
LOAD ./Middlewares/ThreadX/RTOS/ModuleLib/txm_mutex_prioritize.o
LOAD ./Middlewares/ThreadX/RTOS/ModuleLib/txm_mutex_put.o
LOAD ./Middlewares/ThreadX/RTOS/ModuleLib/txm_queue_create.o
LOAD ./Middlewares/ThreadX/RTOS/ModuleLib/txm_queue_delete.o
LOAD ./Middlewares/ThreadX/RTOS/ModuleLib/txm_queue_flush.o
LOAD ./Middlewares/ThreadX/RTOS/ModuleLib/txm_queue_front_send.o
LOAD ./Middlewares/ThreadX/RTOS/ModuleLib/txm_queue_info_get.o
LOAD ./Middlewares/ThreadX/RTOS/ModuleLib/txm_queue_performance_info_get.o
LOAD ./Middlewares/ThreadX/RTOS/ModuleLib/txm_queue_performance_system_info_get.o
LOAD ./Middlewares/ThreadX/RTOS/ModuleLib/txm_queue_prioritize.o
LOAD ./Middlewares/ThreadX/RTOS/ModuleLib/txm_queue_receive.o
LOAD ./Middlewares/ThreadX/RTOS/ModuleLib/txm_queue_send.o
LOAD ./Middlewares/ThreadX/RTOS/ModuleLib/txm_queue_send_notify.o
LOAD ./Middlewares/ThreadX/RTOS/ModuleLib/txm_semaphore_ceiling_put.o
LOAD ./Middlewares/ThreadX/RTOS/ModuleLib/txm_semaphore_create.o
LOAD ./Middlewares/ThreadX/RTOS/ModuleLib/txm_semaphore_delete.o
LOAD ./Middlewares/ThreadX/RTOS/ModuleLib/txm_semaphore_get.o
LOAD ./Middlewares/ThreadX/RTOS/ModuleLib/txm_semaphore_info_get.o
LOAD ./Middlewares/ThreadX/RTOS/ModuleLib/txm_semaphore_performance_info_get.o
LOAD ./Middlewares/ThreadX/RTOS/ModuleLib/txm_semaphore_performance_system_info_get.o
LOAD ./Middlewares/ThreadX/RTOS/ModuleLib/txm_semaphore_prioritize.o
LOAD ./Middlewares/ThreadX/RTOS/ModuleLib/txm_semaphore_put.o
LOAD ./Middlewares/ThreadX/RTOS/ModuleLib/txm_semaphore_put_notify.o
LOAD ./Middlewares/ThreadX/RTOS/ModuleLib/txm_thread_create.o
LOAD ./Middlewares/ThreadX/RTOS/ModuleLib/txm_thread_delete.o
LOAD ./Middlewares/ThreadX/RTOS/ModuleLib/txm_thread_entry_exit_notify.o
LOAD ./Middlewares/ThreadX/RTOS/ModuleLib/txm_thread_identify.o
LOAD ./Middlewares/ThreadX/RTOS/ModuleLib/txm_thread_info_get.o
LOAD ./Middlewares/ThreadX/RTOS/ModuleLib/txm_thread_interrupt_control.o
LOAD ./Middlewares/ThreadX/RTOS/ModuleLib/txm_thread_performance_info_get.o
LOAD ./Middlewares/ThreadX/RTOS/ModuleLib/txm_thread_performance_system_info_get.o
LOAD ./Middlewares/ThreadX/RTOS/ModuleLib/txm_thread_preemption_change.o
LOAD ./Middlewares/ThreadX/RTOS/ModuleLib/txm_thread_priority_change.o
LOAD ./Middlewares/ThreadX/RTOS/ModuleLib/txm_thread_relinquish.o
LOAD ./Middlewares/ThreadX/RTOS/ModuleLib/txm_thread_reset.o
LOAD ./Middlewares/ThreadX/RTOS/ModuleLib/txm_thread_resume.o
LOAD ./Middlewares/ThreadX/RTOS/ModuleLib/txm_thread_sleep.o
LOAD ./Middlewares/ThreadX/RTOS/ModuleLib/txm_thread_stack_error_notify.o
LOAD ./Middlewares/ThreadX/RTOS/ModuleLib/txm_thread_suspend.o
LOAD ./Middlewares/ThreadX/RTOS/ModuleLib/txm_thread_terminate.o
LOAD ./Middlewares/ThreadX/RTOS/ModuleLib/txm_thread_time_slice_change.o
LOAD ./Middlewares/ThreadX/RTOS/ModuleLib/txm_thread_wait_abort.o
LOAD ./Middlewares/ThreadX/RTOS/ModuleLib/txm_time_get.o
LOAD ./Middlewares/ThreadX/RTOS/ModuleLib/txm_time_set.o
LOAD ./Middlewares/ThreadX/RTOS/ModuleLib/txm_timer_activate.o
LOAD ./Middlewares/ThreadX/RTOS/ModuleLib/txm_timer_change.o
LOAD ./Middlewares/ThreadX/RTOS/ModuleLib/txm_timer_create.o
LOAD ./Middlewares/ThreadX/RTOS/ModuleLib/txm_timer_deactivate.o
LOAD ./Middlewares/ThreadX/RTOS/ModuleLib/txm_timer_delete.o
LOAD ./Middlewares/ThreadX/RTOS/ModuleLib/txm_timer_info_get.o
LOAD ./Middlewares/ThreadX/RTOS/ModuleLib/txm_timer_performance_info_get.o
LOAD ./Middlewares/ThreadX/RTOS/ModuleLib/txm_timer_performance_system_info_get.o
LOAD ./Middlewares/ThreadX/RTOS/ModuleLib/txm_trace_buffer_full_notify.o
LOAD ./Middlewares/ThreadX/RTOS/ModuleLib/txm_trace_disable.o
LOAD ./Middlewares/ThreadX/RTOS/ModuleLib/txm_trace_enable.o
LOAD ./Middlewares/ThreadX/RTOS/ModuleLib/txm_trace_event_filter.o
LOAD ./Middlewares/ThreadX/RTOS/ModuleLib/txm_trace_event_unfilter.o
LOAD ./Middlewares/ThreadX/RTOS/ModuleLib/txm_trace_interrupt_control.o
LOAD ./Middlewares/ThreadX/RTOS/ModuleLib/txm_trace_isr_enter_insert.o
LOAD ./Middlewares/ThreadX/RTOS/ModuleLib/txm_trace_isr_exit_insert.o
LOAD ./Middlewares/ThreadX/RTOS/ModuleLib/txm_trace_user_event_insert.o
LOAD ./gcc_setup.o
LOAD ./txm_module_preamble.o
START GROUP
LOAD C:/ST/STM32CubeIDE_1.14.1/STM32CubeIDE/plugins/com.st.stm32cube.ide.mcu.externaltools.gnu-tools-for-stm32.11.3.rel1.win32_1.1.100.202309141235/tools/bin/../lib/gcc/arm-none-eabi/11.3.1/../../../../arm-none-eabi/lib/thumb/v7e-m+fp/hard\libc_nano.a
LOAD C:/ST/STM32CubeIDE_1.14.1/STM32CubeIDE/plugins/com.st.stm32cube.ide.mcu.externaltools.gnu-tools-for-stm32.11.3.rel1.win32_1.1.100.202309141235/tools/bin/../lib/gcc/arm-none-eabi/11.3.1/../../../../arm-none-eabi/lib/thumb/v7e-m+fp/hard\libm.a
END GROUP
                0x0000000008020000                __FLASH_segment_start__ = 0x8020000
                0x000000000803ffff                __FLASH_segment_end__ = 0x803ffff
                0x000000002001c000                __RAM_segment_start__ = 0x2001c000
                0x000000002001ffff                __RAM_segment_end__ = 0x2001ffff
                0x0000000000000080                __HEAPSIZE__ = 0x80
                0x0000000008020000                __preamble_load_start__ = __FLASH_segment_start__

.preamble       0x0000000008020000       0x9c
                0x0000000008020000                __preamble_start__ = .
 *preamble*()
 .text          0x0000000008020000       0x80 ./txm_module_preamble.o
                0x0000000008020000                __txm_module_preamble
 .data          0x0000000008020080        0x0 ./txm_module_preamble.o
 .bss           0x0000000008020080        0x0 ./txm_module_preamble.o
 .ARM.attributes
                0x0000000008020080       0x1c ./txm_module_preamble.o
                0x000000000802009c                __preamble_end__ = (__preamble_start__ + SIZEOF (.preamble))
                0x000000000802009c                __dynsym_load_start__ = ALIGN (__preamble_end__, 0x4)

.dynsym         0x000000000802009c        0x0
                0x000000000802009c                . = ALIGN (0x4)
 *(.dynsym)
 *(.dynsym*)
                0x000000000802009c                . = ALIGN (0x4)
                0x000000000802009c                __dynsym_end__ = (__dynsym_load_start__ + SIZEOF (.dynsym))
                0x000000000802009c                __dynstr_load_start__ = ALIGN (__dynsym_end__, 0x4)

.dynstr         0x000000000802009c        0x0
                0x000000000802009c                . = ALIGN (0x4)
 *(.dynstr)
 *(.dynstr*)
                0x000000000802009c                . = ALIGN (0x4)
                0x000000000802009c                __dynstr_end__ = (__dynstr_load_start__ + SIZEOF (.dynstr))
                0x000000000802009c                __reldyn_load_start__ = ALIGN (__dynstr_end__, 0x4)

.rel.dyn        0x000000000802009c        0x0
                0x000000000802009c                . = ALIGN (0x4)
 *(.rel.dyn)
 *(.rel.dyn*)
                0x000000000802009c                . = ALIGN (0x4)
 .rel.iplt      0x000000000802009c        0x0 ./Application/app_module.o
 .rel.got       0x000000000802009c        0x0 ./Application/app_module.o
                0x000000000802009c                __reldyn_end__ = (__reldyn_load_start__ + SIZEOF (.rel.dyn))
                0x000000000802009c                __relplt_load_start__ = ALIGN (__reldyn_end__, 0x4)

.rel.plt        0x000000000802009c        0x0
                0x000000000802009c                . = ALIGN (0x4)
 *(.rel.plt)
 *(.rel.plt*)
                0x000000000802009c                . = ALIGN (0x4)
                0x000000000802009c                __relplt_end__ = (__relplt_load_start__ + SIZEOF (.rel.plt))
                0x000000000802009c                __plt_load_start__ = ALIGN (__relplt_end__, 0x4)

.plt            0x000000000802009c        0x0
                0x000000000802009c                . = ALIGN (0x4)
 *(.plt)
 *(.plt*)
                0x000000000802009c                . = ALIGN (0x4)
                0x000000000802009c                __plt_end__ = (__plt_load_start__ + SIZEOF (.plt))
                0x000000000802009c                __interp_load_start__ = ALIGN (__plt_end__, 0x4)

.interp         0x000000000802009c        0x0
                0x000000000802009c                . = ALIGN (0x4)
 *(.interp)
 *(.interp*)
                0x000000000802009c                . = ALIGN (0x4)
                0x000000000802009c                __interp_end__ = (__interp_load_start__ + SIZEOF (.interp))
                0x000000000802009c                __hash_load_start__ = ALIGN (__interp_end__, 0x4)

.hash           0x000000000802009c        0x0
                0x000000000802009c                . = ALIGN (0x4)
 *(.hash)
 *(.hash*)
                0x000000000802009c                . = ALIGN (0x4)
                0x000000000802009c                __hash_end__ = (__hash_load_start__ + SIZEOF (.hash))
                0x000000000802009c                __text_load_start__ = ALIGN (__hash_end__, 0x4)

.text           0x000000000802009c     0x186c
                0x000000000802009c                __text_start__ = .
 *(.text .text.* .glue_7t .glue_7 .gnu.linkonce.t.* .gcc_except_table)
 .glue_7        0x000000000802009c        0x0 linker stubs
 .glue_7t       0x000000000802009c        0x0 linker stubs
 .text          0x000000000802009c      0x200 ./Application/app_module.o
                0x000000000802009c                default_module_start
                0x000000000802014c                MaliciousTimerFunction
                0x000000000802015a                MainThread_Entry
                0x000000000802016e                thread_0_entry
                0x000000000802028c                Error_Handler
 .text          0x000000000802029c       0x30 ./Middlewares/ThreadX/RTOS/ModuleLib/txm_block_allocate.o
                0x000000000802029c                _txe_block_allocate
 .text          0x00000000080202cc       0x44 ./Middlewares/ThreadX/RTOS/ModuleLib/txm_block_pool_create.o
                0x00000000080202cc                _txe_block_pool_create
 .text          0x0000000008020310       0x2c ./Middlewares/ThreadX/RTOS/ModuleLib/txm_block_pool_delete.o
                0x0000000008020310                _txe_block_pool_delete
 .text          0x000000000802033c       0x48 ./Middlewares/ThreadX/RTOS/ModuleLib/txm_block_pool_info_get.o
                0x000000000802033c                _txe_block_pool_info_get
 .text          0x0000000008020384       0x40 ./Middlewares/ThreadX/RTOS/ModuleLib/txm_block_pool_performance_info_get.o
                0x0000000008020384                _tx_block_pool_performance_info_get
 .text          0x00000000080203c4       0x3c ./Middlewares/ThreadX/RTOS/ModuleLib/txm_block_pool_performance_system_info_get.o
                0x00000000080203c4                _tx_block_pool_performance_system_info_get
 .text          0x0000000008020400       0x2c ./Middlewares/ThreadX/RTOS/ModuleLib/txm_block_pool_prioritize.o
                0x0000000008020400                _txe_block_pool_prioritize
 .text          0x000000000802042c       0x2c ./Middlewares/ThreadX/RTOS/ModuleLib/txm_block_release.o
                0x000000000802042c                _txe_block_release
 .text          0x0000000008020458       0x3c ./Middlewares/ThreadX/RTOS/ModuleLib/txm_byte_allocate.o
                0x0000000008020458                _txe_byte_allocate
 .text          0x0000000008020494       0x40 ./Middlewares/ThreadX/RTOS/ModuleLib/txm_byte_pool_create.o
                0x0000000008020494                _txe_byte_pool_create
 .text          0x00000000080204d4       0x2c ./Middlewares/ThreadX/RTOS/ModuleLib/txm_byte_pool_delete.o
                0x00000000080204d4                _txe_byte_pool_delete
 .text          0x0000000008020500       0x48 ./Middlewares/ThreadX/RTOS/ModuleLib/txm_byte_pool_info_get.o
                0x0000000008020500                _txe_byte_pool_info_get
 .text          0x0000000008020548       0x4c ./Middlewares/ThreadX/RTOS/ModuleLib/txm_byte_pool_performance_info_get.o
                0x0000000008020548                _tx_byte_pool_performance_info_get
 .text          0x0000000008020594       0x48 ./Middlewares/ThreadX/RTOS/ModuleLib/txm_byte_pool_performance_system_info_get.o
                0x0000000008020594                _tx_byte_pool_performance_system_info_get
 .text          0x00000000080205dc       0x2c ./Middlewares/ThreadX/RTOS/ModuleLib/txm_byte_pool_prioritize.o
                0x00000000080205dc                _txe_byte_pool_prioritize
 .text          0x0000000008020608       0x2c ./Middlewares/ThreadX/RTOS/ModuleLib/txm_byte_release.o
                0x0000000008020608                _txe_byte_release
 .text          0x0000000008020634       0x30 ./Middlewares/ThreadX/RTOS/ModuleLib/txm_event_flags_create.o
                0x0000000008020634                _txe_event_flags_create
 .text          0x0000000008020664       0x2c ./Middlewares/ThreadX/RTOS/ModuleLib/txm_event_flags_delete.o
                0x0000000008020664                _txe_event_flags_delete
 .text          0x0000000008020690       0x40 ./Middlewares/ThreadX/RTOS/ModuleLib/txm_event_flags_get.o
                0x0000000008020690                _txe_event_flags_get
 .text          0x00000000080206d0       0x44 ./Middlewares/ThreadX/RTOS/ModuleLib/txm_event_flags_info_get.o
                0x00000000080206d0                _txe_event_flags_info_get
 .text          0x0000000008020714       0x40 ./Middlewares/ThreadX/RTOS/ModuleLib/txm_event_flags_performance_info_get.o
                0x0000000008020714                _tx_event_flags_performance_info_get
 .text          0x0000000008020754       0x3c ./Middlewares/ThreadX/RTOS/ModuleLib/txm_event_flags_performance_system_info_get.o
                0x0000000008020754                _tx_event_flags_performance_system_info_get
 .text          0x0000000008020790       0x30 ./Middlewares/ThreadX/RTOS/ModuleLib/txm_event_flags_set.o
                0x0000000008020790                _txe_event_flags_set
 .text          0x00000000080207c0       0x2c ./Middlewares/ThreadX/RTOS/ModuleLib/txm_event_flags_set_notify.o
                0x00000000080207c0                _txe_event_flags_set_notify
 .text          0x00000000080207ec       0x34 ./Middlewares/ThreadX/RTOS/ModuleLib/txm_module_application_request.o
                0x00000000080207ec                _txm_module_application_request
 .text          0x0000000008020820       0xc4 ./Middlewares/ThreadX/RTOS/ModuleLib/txm_module_callback_request_thread_entry.o
                0x0000000008020820                _txm_module_callback_request_thread_entry
 .text          0x00000000080208e4       0x2c ./Middlewares/ThreadX/RTOS/ModuleLib/txm_module_object_allocate.o
                0x00000000080208e4                _txm_module_object_allocate
 .text          0x0000000008020910       0x2c ./Middlewares/ThreadX/RTOS/ModuleLib/txm_module_object_deallocate.o
                0x0000000008020910                _txm_module_object_deallocate
 .text          0x000000000802093c       0x30 ./Middlewares/ThreadX/RTOS/ModuleLib/txm_module_object_pointer_get.o
                0x000000000802093c                _txm_module_object_pointer_get
 .text          0x000000000802096c       0x3c ./Middlewares/ThreadX/RTOS/ModuleLib/txm_module_object_pointer_get_extended.o
                0x000000000802096c                _txm_module_object_pointer_get_extended
 .text          0x00000000080209a8       0x94 ./Middlewares/ThreadX/RTOS/ModuleLib/txm_module_thread_shell_entry.o
                0x00000000080209a8                _txm_module_thread_shell_entry
 .text          0x0000000008020a3c       0x2c ./Middlewares/ThreadX/RTOS/ModuleLib/txm_module_thread_system_suspend.o
                0x0000000008020a3c                _txm_module_thread_system_suspend
 .text          0x0000000008020a68       0x3c ./Middlewares/ThreadX/RTOS/ModuleLib/txm_mutex_create.o
                0x0000000008020a68                _txe_mutex_create
 .text          0x0000000008020aa4       0x2c ./Middlewares/ThreadX/RTOS/ModuleLib/txm_mutex_delete.o
                0x0000000008020aa4                _txe_mutex_delete
 .text          0x0000000008020ad0       0x2c ./Middlewares/ThreadX/RTOS/ModuleLib/txm_mutex_get.o
                0x0000000008020ad0                _txe_mutex_get
 .text          0x0000000008020afc       0x48 ./Middlewares/ThreadX/RTOS/ModuleLib/txm_mutex_info_get.o
                0x0000000008020afc                _txe_mutex_info_get
 .text          0x0000000008020b44       0x48 ./Middlewares/ThreadX/RTOS/ModuleLib/txm_mutex_performance_info_get.o
                0x0000000008020b44                _tx_mutex_performance_info_get
 .text          0x0000000008020b8c       0x44 ./Middlewares/ThreadX/RTOS/ModuleLib/txm_mutex_performance_system_info_get.o
                0x0000000008020b8c                _tx_mutex_performance_system_info_get
 .text          0x0000000008020bd0       0x2c ./Middlewares/ThreadX/RTOS/ModuleLib/txm_mutex_prioritize.o
                0x0000000008020bd0                _txe_mutex_prioritize
 .text          0x0000000008020bfc       0x2c ./Middlewares/ThreadX/RTOS/ModuleLib/txm_mutex_put.o
                0x0000000008020bfc                _txe_mutex_put
 .text          0x0000000008020c28       0x44 ./Middlewares/ThreadX/RTOS/ModuleLib/txm_queue_create.o
                0x0000000008020c28                _txe_queue_create
 .text          0x0000000008020c6c       0x2c ./Middlewares/ThreadX/RTOS/ModuleLib/txm_queue_delete.o
                0x0000000008020c6c                _txe_queue_delete
 .text          0x0000000008020c98       0x2c ./Middlewares/ThreadX/RTOS/ModuleLib/txm_queue_flush.o
                0x0000000008020c98                _txe_queue_flush
 .text          0x0000000008020cc4       0x30 ./Middlewares/ThreadX/RTOS/ModuleLib/txm_queue_front_send.o
                0x0000000008020cc4                _txe_queue_front_send
 .text          0x0000000008020cf4       0x48 ./Middlewares/ThreadX/RTOS/ModuleLib/txm_queue_info_get.o
                0x0000000008020cf4                _txe_queue_info_get
 .text          0x0000000008020d3c       0x48 ./Middlewares/ThreadX/RTOS/ModuleLib/txm_queue_performance_info_get.o
                0x0000000008020d3c                _tx_queue_performance_info_get
 .text          0x0000000008020d84       0x44 ./Middlewares/ThreadX/RTOS/ModuleLib/txm_queue_performance_system_info_get.o
                0x0000000008020d84                _tx_queue_performance_system_info_get
 .text          0x0000000008020dc8       0x2c ./Middlewares/ThreadX/RTOS/ModuleLib/txm_queue_prioritize.o
                0x0000000008020dc8                _txe_queue_prioritize
 .text          0x0000000008020df4       0x30 ./Middlewares/ThreadX/RTOS/ModuleLib/txm_queue_receive.o
                0x0000000008020df4                _txe_queue_receive
 .text          0x0000000008020e24       0x30 ./Middlewares/ThreadX/RTOS/ModuleLib/txm_queue_send.o
                0x0000000008020e24                _txe_queue_send
 .text          0x0000000008020e54       0x2c ./Middlewares/ThreadX/RTOS/ModuleLib/txm_queue_send_notify.o
                0x0000000008020e54                _txe_queue_send_notify
 .text          0x0000000008020e80       0x2c ./Middlewares/ThreadX/RTOS/ModuleLib/txm_semaphore_ceiling_put.o
                0x0000000008020e80                _txe_semaphore_ceiling_put
 .text          0x0000000008020eac       0x3c ./Middlewares/ThreadX/RTOS/ModuleLib/txm_semaphore_create.o
                0x0000000008020eac                _txe_semaphore_create
 .text          0x0000000008020ee8       0x2c ./Middlewares/ThreadX/RTOS/ModuleLib/txm_semaphore_delete.o
                0x0000000008020ee8                _txe_semaphore_delete
 .text          0x0000000008020f14       0x2c ./Middlewares/ThreadX/RTOS/ModuleLib/txm_semaphore_get.o
                0x0000000008020f14                _txe_semaphore_get
 .text          0x0000000008020f40       0x44 ./Middlewares/ThreadX/RTOS/ModuleLib/txm_semaphore_info_get.o
                0x0000000008020f40                _txe_semaphore_info_get
 .text          0x0000000008020f84       0x40 ./Middlewares/ThreadX/RTOS/ModuleLib/txm_semaphore_performance_info_get.o
                0x0000000008020f84                _tx_semaphore_performance_info_get
 .text          0x0000000008020fc4       0x3c ./Middlewares/ThreadX/RTOS/ModuleLib/txm_semaphore_performance_system_info_get.o
                0x0000000008020fc4                _tx_semaphore_performance_system_info_get
 .text          0x0000000008021000       0x2c ./Middlewares/ThreadX/RTOS/ModuleLib/txm_semaphore_prioritize.o
                0x0000000008021000                _txe_semaphore_prioritize
 .text          0x000000000802102c       0x2c ./Middlewares/ThreadX/RTOS/ModuleLib/txm_semaphore_put.o
                0x000000000802102c                _txe_semaphore_put
 .text          0x0000000008021058       0x2c ./Middlewares/ThreadX/RTOS/ModuleLib/txm_semaphore_put_notify.o
                0x0000000008021058                _txe_semaphore_put_notify
 .text          0x0000000008021084       0x58 ./Middlewares/ThreadX/RTOS/ModuleLib/txm_thread_create.o
                0x0000000008021084                _txe_thread_create
 .text          0x00000000080210dc       0x2c ./Middlewares/ThreadX/RTOS/ModuleLib/txm_thread_delete.o
                0x00000000080210dc                _txe_thread_delete
 .text          0x0000000008021108       0x2c ./Middlewares/ThreadX/RTOS/ModuleLib/txm_thread_entry_exit_notify.o
                0x0000000008021108                _txe_thread_entry_exit_notify
 .text          0x0000000008021134       0x2c ./Middlewares/ThreadX/RTOS/ModuleLib/txm_thread_identify.o
                0x0000000008021134                _tx_thread_identify
 .text          0x0000000008021160       0x50 ./Middlewares/ThreadX/RTOS/ModuleLib/txm_thread_info_get.o
                0x0000000008021160                _txe_thread_info_get
 .text          0x00000000080211b0       0x2c ./Middlewares/ThreadX/RTOS/ModuleLib/txm_thread_interrupt_control.o
                0x00000000080211b0                _tx_thread_interrupt_control
 .text          0x00000000080211dc       0x58 ./Middlewares/ThreadX/RTOS/ModuleLib/txm_thread_performance_info_get.o
                0x00000000080211dc                _tx_thread_performance_info_get
 .text          0x0000000008021234       0x58 ./Middlewares/ThreadX/RTOS/ModuleLib/txm_thread_performance_system_info_get.o
                0x0000000008021234                _tx_thread_performance_system_info_get
 .text          0x000000000802128c       0x30 ./Middlewares/ThreadX/RTOS/ModuleLib/txm_thread_preemption_change.o
                0x000000000802128c                _txe_thread_preemption_change
 .text          0x00000000080212bc       0x30 ./Middlewares/ThreadX/RTOS/ModuleLib/txm_thread_priority_change.o
                0x00000000080212bc                _txe_thread_priority_change
 .text          0x00000000080212ec       0x20 ./Middlewares/ThreadX/RTOS/ModuleLib/txm_thread_relinquish.o
                0x00000000080212ec                _txe_thread_relinquish
 .text          0x000000000802130c       0x2c ./Middlewares/ThreadX/RTOS/ModuleLib/txm_thread_reset.o
                0x000000000802130c                _txe_thread_reset
 .text          0x0000000008021338       0x2c ./Middlewares/ThreadX/RTOS/ModuleLib/txm_thread_resume.o
                0x0000000008021338                _txe_thread_resume
 .text          0x0000000008021364       0x2c ./Middlewares/ThreadX/RTOS/ModuleLib/txm_thread_sleep.o
                0x0000000008021364                _tx_thread_sleep
 .text          0x0000000008021390       0x2c ./Middlewares/ThreadX/RTOS/ModuleLib/txm_thread_stack_error_notify.o
                0x0000000008021390                _tx_thread_stack_error_notify
 .text          0x00000000080213bc       0x2c ./Middlewares/ThreadX/RTOS/ModuleLib/txm_thread_suspend.o
                0x00000000080213bc                _txe_thread_suspend
 .text          0x00000000080213e8       0x2c ./Middlewares/ThreadX/RTOS/ModuleLib/txm_thread_terminate.o
                0x00000000080213e8                _txe_thread_terminate
 .text          0x0000000008021414       0x30 ./Middlewares/ThreadX/RTOS/ModuleLib/txm_thread_time_slice_change.o
                0x0000000008021414                _txe_thread_time_slice_change
 .text          0x0000000008021444       0x2c ./Middlewares/ThreadX/RTOS/ModuleLib/txm_thread_wait_abort.o
                0x0000000008021444                _txe_thread_wait_abort
 .text          0x0000000008021470       0x28 ./Middlewares/ThreadX/RTOS/ModuleLib/txm_time_get.o
                0x0000000008021470                _tx_time_get
 .text          0x0000000008021498       0x28 ./Middlewares/ThreadX/RTOS/ModuleLib/txm_time_set.o
                0x0000000008021498                _tx_time_set
 .text          0x00000000080214c0       0x2c ./Middlewares/ThreadX/RTOS/ModuleLib/txm_timer_activate.o
                0x00000000080214c0                _txe_timer_activate
 .text          0x00000000080214ec       0x30 ./Middlewares/ThreadX/RTOS/ModuleLib/txm_timer_change.o
                0x00000000080214ec                _txe_timer_change
 .text          0x000000000802151c       0x4c ./Middlewares/ThreadX/RTOS/ModuleLib/txm_timer_create.o
                0x000000000802151c                _txe_timer_create
 .text          0x0000000008021568       0x2c ./Middlewares/ThreadX/RTOS/ModuleLib/txm_timer_deactivate.o
                0x0000000008021568                _txe_timer_deactivate
 .text          0x0000000008021594       0x2c ./Middlewares/ThreadX/RTOS/ModuleLib/txm_timer_delete.o
                0x0000000008021594                _txe_timer_delete
 .text          0x00000000080215c0       0x44 ./Middlewares/ThreadX/RTOS/ModuleLib/txm_timer_info_get.o
                0x00000000080215c0                _txe_timer_info_get
 .text          0x0000000008021604       0x44 ./Middlewares/ThreadX/RTOS/ModuleLib/txm_timer_performance_info_get.o
                0x0000000008021604                _tx_timer_performance_info_get
 .text          0x0000000008021648       0x40 ./Middlewares/ThreadX/RTOS/ModuleLib/txm_timer_performance_system_info_get.o
                0x0000000008021648                _tx_timer_performance_system_info_get
 .text          0x0000000008021688       0x2c ./Middlewares/ThreadX/RTOS/ModuleLib/txm_trace_buffer_full_notify.o
                0x0000000008021688                _tx_trace_buffer_full_notify
 .text          0x00000000080216b4       0x28 ./Middlewares/ThreadX/RTOS/ModuleLib/txm_trace_disable.o
                0x00000000080216b4                _tx_trace_disable
 .text          0x00000000080216dc       0x30 ./Middlewares/ThreadX/RTOS/ModuleLib/txm_trace_enable.o
                0x00000000080216dc                _tx_trace_enable
 .text          0x000000000802170c       0x2c ./Middlewares/ThreadX/RTOS/ModuleLib/txm_trace_event_filter.o
                0x000000000802170c                _tx_trace_event_filter
 .text          0x0000000008021738       0x2c ./Middlewares/ThreadX/RTOS/ModuleLib/txm_trace_event_unfilter.o
                0x0000000008021738                _tx_trace_event_unfilter
 .text          0x0000000008021764       0x2c ./Middlewares/ThreadX/RTOS/ModuleLib/txm_trace_interrupt_control.o
                0x0000000008021764                _tx_trace_interrupt_control
 .text          0x0000000008021790       0x28 ./Middlewares/ThreadX/RTOS/ModuleLib/txm_trace_isr_enter_insert.o
                0x0000000008021790                _tx_trace_isr_enter_insert
 .text          0x00000000080217b8       0x28 ./Middlewares/ThreadX/RTOS/ModuleLib/txm_trace_isr_exit_insert.o
                0x00000000080217b8                _tx_trace_isr_exit_insert
 .text          0x00000000080217e0       0x40 ./Middlewares/ThreadX/RTOS/ModuleLib/txm_trace_user_event_insert.o
                0x00000000080217e0                _tx_trace_user_event_insert
 .text          0x0000000008021820       0xe8 ./gcc_setup.o
                0x0000000008021820                _gcc_setup
                0x0000000008021908                __text_end__ = (__text_start__ + SIZEOF (.text))
                0x0000000008021908                __dtors_load_start__ = ALIGN (__text_end__, 0x4)

.vfp11_veneer   0x0000000008020000        0x0
 .vfp11_veneer  0x0000000008020000        0x0 linker stubs

.v4_bx          0x0000000008020000        0x0
 .v4_bx         0x0000000008020000        0x0 linker stubs

.iplt           0x0000000008020000        0x0
 .iplt          0x0000000008020000        0x0 ./Application/app_module.o

.dtors          0x0000000008021908        0x0
                0x0000000008021908                __dtors_start__ = .
 *(SORT_BY_NAME(.dtors.*))
 *(.dtors)
                0x0000000008021908                __dtors_end__ = (__dtors_start__ + SIZEOF (.dtors))
                0x0000000008021908                __ctors_load_start__ = ALIGN (__dtors_end__, 0x4)

.ctors          0x0000000008021908        0x0
                0x0000000008021908                __ctors_start__ = .
 *(SORT_BY_NAME(.ctors.*))
 *(.ctors)
                0x0000000008021908                __ctors_end__ = (__ctors_start__ + SIZEOF (.ctors))
                0x0000000008021908                __got_load_start__ = ALIGN (__ctors_end__, 0x4)

.got            0x0000000008021908       0x2c
                0x0000000008021908                . = ALIGN (0x4)
                0x0000000008021908                _sgot = .
 *(.got)
 .got           0x0000000008021908       0x20 ./Application/app_module.o
 *(.got*)
 .got.plt       0x0000000008021928        0xc ./Application/app_module.o
                0x0000000008021928                _GLOBAL_OFFSET_TABLE_
                0x0000000008021934                . = ALIGN (0x4)
                0x0000000008021934                _egot = .
                0x0000000008021934                __got_end__ = (__got_load_start__ + SIZEOF (.got))
                0x0000000008021934                __rodata_load_start__ = ALIGN (__got_end__, 0x4)

.rodata         0x0000000008021934       0x44
                0x0000000008021934                __rodata_start__ = .
 *(.rodata .rodata.* .gnu.linkonce.r.*)
 .rodata        0x0000000008021934       0x44 ./Application/app_module.o
                0x0000000008021978                __rodata_end__ = (__rodata_start__ + SIZEOF (.rodata))
                0x0000000000001978                __code_size__ = (__rodata_end__ - __FLASH_segment_start__)
                0x0000000008021978                __fast_load_start__ = ALIGN (__rodata_end__, 0x4)
                0x0000000008021978                __fast_load_end__ = (__fast_load_start__ + SIZEOF (.fast))
                0x000000002001c000                __new_got_start__ = ALIGN (__RAM_segment_start__, 0x4)
                0x000000002001c02c                __new_got_end__ = (__new_got_start__ + SIZEOF (.got))

.fast           0x000000002001c02c        0x0 load address 0x0000000008021978
                0x000000002001c02c                __fast_start__ = .
 *(.fast .fast.*)
                0x000000002001c02c                __fast_end__ = (__fast_start__ + SIZEOF (.fast))

.fast_run       0x000000002001c02c        0x0
                0x000000002001c02c                __fast_run_start__ = .
                0x000000002001c02c                . = MAX ((__fast_run_start__ + SIZEOF (.fast)), .)
                0x000000002001c02c                __fast_run_end__ = (__fast_run_start__ + SIZEOF (.fast_run))
                0x0000000008021978                __data_load_start__ = ALIGN ((__fast_load_start__ + SIZEOF (.fast)), 0x4)

.data           0x000000002001c02c        0x0 load address 0x0000000008021978
                0x000000002001c02c                __data_start__ = .
 *(.data .data.* .gnu.linkonce.d.*)
 .data          0x000000002001c02c        0x0 ./Application/app_module.o
 .data          0x000000002001c02c        0x0 ./Middlewares/ThreadX/RTOS/ModuleLib/txm_block_allocate.o
 .data          0x000000002001c02c        0x0 ./Middlewares/ThreadX/RTOS/ModuleLib/txm_block_pool_create.o
 .data          0x000000002001c02c        0x0 ./Middlewares/ThreadX/RTOS/ModuleLib/txm_block_pool_delete.o
 .data          0x000000002001c02c        0x0 ./Middlewares/ThreadX/RTOS/ModuleLib/txm_block_pool_info_get.o
 .data          0x000000002001c02c        0x0 ./Middlewares/ThreadX/RTOS/ModuleLib/txm_block_pool_performance_info_get.o
 .data          0x000000002001c02c        0x0 ./Middlewares/ThreadX/RTOS/ModuleLib/txm_block_pool_performance_system_info_get.o
 .data          0x000000002001c02c        0x0 ./Middlewares/ThreadX/RTOS/ModuleLib/txm_block_pool_prioritize.o
 .data          0x000000002001c02c        0x0 ./Middlewares/ThreadX/RTOS/ModuleLib/txm_block_release.o
 .data          0x000000002001c02c        0x0 ./Middlewares/ThreadX/RTOS/ModuleLib/txm_byte_allocate.o
 .data          0x000000002001c02c        0x0 ./Middlewares/ThreadX/RTOS/ModuleLib/txm_byte_pool_create.o
 .data          0x000000002001c02c        0x0 ./Middlewares/ThreadX/RTOS/ModuleLib/txm_byte_pool_delete.o
 .data          0x000000002001c02c        0x0 ./Middlewares/ThreadX/RTOS/ModuleLib/txm_byte_pool_info_get.o
 .data          0x000000002001c02c        0x0 ./Middlewares/ThreadX/RTOS/ModuleLib/txm_byte_pool_performance_info_get.o
 .data          0x000000002001c02c        0x0 ./Middlewares/ThreadX/RTOS/ModuleLib/txm_byte_pool_performance_system_info_get.o
 .data          0x000000002001c02c        0x0 ./Middlewares/ThreadX/RTOS/ModuleLib/txm_byte_pool_prioritize.o
 .data          0x000000002001c02c        0x0 ./Middlewares/ThreadX/RTOS/ModuleLib/txm_byte_release.o
 .data          0x000000002001c02c        0x0 ./Middlewares/ThreadX/RTOS/ModuleLib/txm_event_flags_create.o
 .data          0x000000002001c02c        0x0 ./Middlewares/ThreadX/RTOS/ModuleLib/txm_event_flags_delete.o
 .data          0x000000002001c02c        0x0 ./Middlewares/ThreadX/RTOS/ModuleLib/txm_event_flags_get.o
 .data          0x000000002001c02c        0x0 ./Middlewares/ThreadX/RTOS/ModuleLib/txm_event_flags_info_get.o
 .data          0x000000002001c02c        0x0 ./Middlewares/ThreadX/RTOS/ModuleLib/txm_event_flags_performance_info_get.o
 .data          0x000000002001c02c        0x0 ./Middlewares/ThreadX/RTOS/ModuleLib/txm_event_flags_performance_system_info_get.o
 .data          0x000000002001c02c        0x0 ./Middlewares/ThreadX/RTOS/ModuleLib/txm_event_flags_set.o
 .data          0x000000002001c02c        0x0 ./Middlewares/ThreadX/RTOS/ModuleLib/txm_event_flags_set_notify.o
 .data          0x000000002001c02c        0x0 ./Middlewares/ThreadX/RTOS/ModuleLib/txm_module_application_request.o
 .data          0x000000002001c02c        0x0 ./Middlewares/ThreadX/RTOS/ModuleLib/txm_module_callback_request_thread_entry.o
 .data          0x000000002001c02c        0x0 ./Middlewares/ThreadX/RTOS/ModuleLib/txm_module_object_allocate.o
 .data          0x000000002001c02c        0x0 ./Middlewares/ThreadX/RTOS/ModuleLib/txm_module_object_deallocate.o
 .data          0x000000002001c02c        0x0 ./Middlewares/ThreadX/RTOS/ModuleLib/txm_module_object_pointer_get.o
 .data          0x000000002001c02c        0x0 ./Middlewares/ThreadX/RTOS/ModuleLib/txm_module_object_pointer_get_extended.o
 .data          0x000000002001c02c        0x0 ./Middlewares/ThreadX/RTOS/ModuleLib/txm_module_thread_shell_entry.o
 .data          0x000000002001c02c        0x0 ./Middlewares/ThreadX/RTOS/ModuleLib/txm_module_thread_system_suspend.o
 .data          0x000000002001c02c        0x0 ./Middlewares/ThreadX/RTOS/ModuleLib/txm_mutex_create.o
 .data          0x000000002001c02c        0x0 ./Middlewares/ThreadX/RTOS/ModuleLib/txm_mutex_delete.o
 .data          0x000000002001c02c        0x0 ./Middlewares/ThreadX/RTOS/ModuleLib/txm_mutex_get.o
 .data          0x000000002001c02c        0x0 ./Middlewares/ThreadX/RTOS/ModuleLib/txm_mutex_info_get.o
 .data          0x000000002001c02c        0x0 ./Middlewares/ThreadX/RTOS/ModuleLib/txm_mutex_performance_info_get.o
 .data          0x000000002001c02c        0x0 ./Middlewares/ThreadX/RTOS/ModuleLib/txm_mutex_performance_system_info_get.o
 .data          0x000000002001c02c        0x0 ./Middlewares/ThreadX/RTOS/ModuleLib/txm_mutex_prioritize.o
 .data          0x000000002001c02c        0x0 ./Middlewares/ThreadX/RTOS/ModuleLib/txm_mutex_put.o
 .data          0x000000002001c02c        0x0 ./Middlewares/ThreadX/RTOS/ModuleLib/txm_queue_create.o
 .data          0x000000002001c02c        0x0 ./Middlewares/ThreadX/RTOS/ModuleLib/txm_queue_delete.o
 .data          0x000000002001c02c        0x0 ./Middlewares/ThreadX/RTOS/ModuleLib/txm_queue_flush.o
 .data          0x000000002001c02c        0x0 ./Middlewares/ThreadX/RTOS/ModuleLib/txm_queue_front_send.o
 .data          0x000000002001c02c        0x0 ./Middlewares/ThreadX/RTOS/ModuleLib/txm_queue_info_get.o
 .data          0x000000002001c02c        0x0 ./Middlewares/ThreadX/RTOS/ModuleLib/txm_queue_performance_info_get.o
 .data          0x000000002001c02c        0x0 ./Middlewares/ThreadX/RTOS/ModuleLib/txm_queue_performance_system_info_get.o
 .data          0x000000002001c02c        0x0 ./Middlewares/ThreadX/RTOS/ModuleLib/txm_queue_prioritize.o
 .data          0x000000002001c02c        0x0 ./Middlewares/ThreadX/RTOS/ModuleLib/txm_queue_receive.o
 .data          0x000000002001c02c        0x0 ./Middlewares/ThreadX/RTOS/ModuleLib/txm_queue_send.o
 .data          0x000000002001c02c        0x0 ./Middlewares/ThreadX/RTOS/ModuleLib/txm_queue_send_notify.o
 .data          0x000000002001c02c        0x0 ./Middlewares/ThreadX/RTOS/ModuleLib/txm_semaphore_ceiling_put.o
 .data          0x000000002001c02c        0x0 ./Middlewares/ThreadX/RTOS/ModuleLib/txm_semaphore_create.o
 .data          0x000000002001c02c        0x0 ./Middlewares/ThreadX/RTOS/ModuleLib/txm_semaphore_delete.o
 .data          0x000000002001c02c        0x0 ./Middlewares/ThreadX/RTOS/ModuleLib/txm_semaphore_get.o
 .data          0x000000002001c02c        0x0 ./Middlewares/ThreadX/RTOS/ModuleLib/txm_semaphore_info_get.o
 .data          0x000000002001c02c        0x0 ./Middlewares/ThreadX/RTOS/ModuleLib/txm_semaphore_performance_info_get.o
 .data          0x000000002001c02c        0x0 ./Middlewares/ThreadX/RTOS/ModuleLib/txm_semaphore_performance_system_info_get.o
 .data          0x000000002001c02c        0x0 ./Middlewares/ThreadX/RTOS/ModuleLib/txm_semaphore_prioritize.o
 .data          0x000000002001c02c        0x0 ./Middlewares/ThreadX/RTOS/ModuleLib/txm_semaphore_put.o
 .data          0x000000002001c02c        0x0 ./Middlewares/ThreadX/RTOS/ModuleLib/txm_semaphore_put_notify.o
 .data          0x000000002001c02c        0x0 ./Middlewares/ThreadX/RTOS/ModuleLib/txm_thread_create.o
 .data          0x000000002001c02c        0x0 ./Middlewares/ThreadX/RTOS/ModuleLib/txm_thread_delete.o
 .data          0x000000002001c02c        0x0 ./Middlewares/ThreadX/RTOS/ModuleLib/txm_thread_entry_exit_notify.o
 .data          0x000000002001c02c        0x0 ./Middlewares/ThreadX/RTOS/ModuleLib/txm_thread_identify.o
 .data          0x000000002001c02c        0x0 ./Middlewares/ThreadX/RTOS/ModuleLib/txm_thread_info_get.o
 .data          0x000000002001c02c        0x0 ./Middlewares/ThreadX/RTOS/ModuleLib/txm_thread_interrupt_control.o
 .data          0x000000002001c02c        0x0 ./Middlewares/ThreadX/RTOS/ModuleLib/txm_thread_performance_info_get.o
 .data          0x000000002001c02c        0x0 ./Middlewares/ThreadX/RTOS/ModuleLib/txm_thread_performance_system_info_get.o
 .data          0x000000002001c02c        0x0 ./Middlewares/ThreadX/RTOS/ModuleLib/txm_thread_preemption_change.o
 .data          0x000000002001c02c        0x0 ./Middlewares/ThreadX/RTOS/ModuleLib/txm_thread_priority_change.o
 .data          0x000000002001c02c        0x0 ./Middlewares/ThreadX/RTOS/ModuleLib/txm_thread_relinquish.o
 .data          0x000000002001c02c        0x0 ./Middlewares/ThreadX/RTOS/ModuleLib/txm_thread_reset.o
 .data          0x000000002001c02c        0x0 ./Middlewares/ThreadX/RTOS/ModuleLib/txm_thread_resume.o
 .data          0x000000002001c02c        0x0 ./Middlewares/ThreadX/RTOS/ModuleLib/txm_thread_sleep.o
 .data          0x000000002001c02c        0x0 ./Middlewares/ThreadX/RTOS/ModuleLib/txm_thread_stack_error_notify.o
 .data          0x000000002001c02c        0x0 ./Middlewares/ThreadX/RTOS/ModuleLib/txm_thread_suspend.o
 .data          0x000000002001c02c        0x0 ./Middlewares/ThreadX/RTOS/ModuleLib/txm_thread_terminate.o
 .data          0x000000002001c02c        0x0 ./Middlewares/ThreadX/RTOS/ModuleLib/txm_thread_time_slice_change.o
 .data          0x000000002001c02c        0x0 ./Middlewares/ThreadX/RTOS/ModuleLib/txm_thread_wait_abort.o
 .data          0x000000002001c02c        0x0 ./Middlewares/ThreadX/RTOS/ModuleLib/txm_time_get.o
 .data          0x000000002001c02c        0x0 ./Middlewares/ThreadX/RTOS/ModuleLib/txm_time_set.o
 .data          0x000000002001c02c        0x0 ./Middlewares/ThreadX/RTOS/ModuleLib/txm_timer_activate.o
 .data          0x000000002001c02c        0x0 ./Middlewares/ThreadX/RTOS/ModuleLib/txm_timer_change.o
 .data          0x000000002001c02c        0x0 ./Middlewares/ThreadX/RTOS/ModuleLib/txm_timer_create.o
 .data          0x000000002001c02c        0x0 ./Middlewares/ThreadX/RTOS/ModuleLib/txm_timer_deactivate.o
 .data          0x000000002001c02c        0x0 ./Middlewares/ThreadX/RTOS/ModuleLib/txm_timer_delete.o
 .data          0x000000002001c02c        0x0 ./Middlewares/ThreadX/RTOS/ModuleLib/txm_timer_info_get.o
 .data          0x000000002001c02c        0x0 ./Middlewares/ThreadX/RTOS/ModuleLib/txm_timer_performance_info_get.o
 .data          0x000000002001c02c        0x0 ./Middlewares/ThreadX/RTOS/ModuleLib/txm_timer_performance_system_info_get.o
 .data          0x000000002001c02c        0x0 ./Middlewares/ThreadX/RTOS/ModuleLib/txm_trace_buffer_full_notify.o
 .data          0x000000002001c02c        0x0 ./Middlewares/ThreadX/RTOS/ModuleLib/txm_trace_disable.o
 .data          0x000000002001c02c        0x0 ./Middlewares/ThreadX/RTOS/ModuleLib/txm_trace_enable.o
 .data          0x000000002001c02c        0x0 ./Middlewares/ThreadX/RTOS/ModuleLib/txm_trace_event_filter.o
 .data          0x000000002001c02c        0x0 ./Middlewares/ThreadX/RTOS/ModuleLib/txm_trace_event_unfilter.o
 .data          0x000000002001c02c        0x0 ./Middlewares/ThreadX/RTOS/ModuleLib/txm_trace_interrupt_control.o
 .data          0x000000002001c02c        0x0 ./Middlewares/ThreadX/RTOS/ModuleLib/txm_trace_isr_enter_insert.o
 .data          0x000000002001c02c        0x0 ./Middlewares/ThreadX/RTOS/ModuleLib/txm_trace_isr_exit_insert.o
 .data          0x000000002001c02c        0x0 ./Middlewares/ThreadX/RTOS/ModuleLib/txm_trace_user_event_insert.o
 .data          0x000000002001c02c        0x0 ./gcc_setup.o
                0x000000002001c02c                __data_end__ = (__data_start__ + SIZEOF (.data))
                0x0000000008021978                __data_load_end__ = (__data_load_start__ + SIZEOF (.data))
                0x0000000008021978                __FLASH_segment_used_end__ = (ALIGN ((__fast_load_start__ + SIZEOF (.fast)), 0x4) + SIZEOF (.data))

.igot.plt       0x000000002001c000        0x0
 .igot.plt      0x000000002001c000        0x0 ./Application/app_module.o

.data_run       0x000000002001c02c        0x0
                0x000000002001c02c                __data_run_start__ = .
                0x000000002001c02c                . = MAX ((__data_run_start__ + SIZEOF (.data)), .)
                0x000000002001c02c                __data_run_end__ = (__data_run_start__ + SIZEOF (.data_run))
                0x000000002001c02c                __bss_load_start__ = ALIGN (__data_run_end__, 0x4)

.bss            0x000000002001c02c      0x82c
                0x000000002001c02c                __bss_start__ = .
 *(.bss .bss.* .gnu.linkonce.b.*)
 *fill*         0x000000002001c02c       0x14 
 .bss           0x000000002001c040      0x810 ./Application/app_module.o
                0x000000002001c040                default_module_pool_space
                0x000000002001c840                thread_0
                0x000000002001c844                byte_pool_0
                0x000000002001c848                resident_queue
                0x000000002001c84c                privileged_read_test
 .bss           0x000000002001c850        0x0 ./Middlewares/ThreadX/RTOS/ModuleLib/txm_block_allocate.o
 .bss           0x000000002001c850        0x0 ./Middlewares/ThreadX/RTOS/ModuleLib/txm_block_pool_create.o
 .bss           0x000000002001c850        0x0 ./Middlewares/ThreadX/RTOS/ModuleLib/txm_block_pool_delete.o
 .bss           0x000000002001c850        0x0 ./Middlewares/ThreadX/RTOS/ModuleLib/txm_block_pool_info_get.o
 .bss           0x000000002001c850        0x0 ./Middlewares/ThreadX/RTOS/ModuleLib/txm_block_pool_performance_info_get.o
 .bss           0x000000002001c850        0x0 ./Middlewares/ThreadX/RTOS/ModuleLib/txm_block_pool_performance_system_info_get.o
 .bss           0x000000002001c850        0x0 ./Middlewares/ThreadX/RTOS/ModuleLib/txm_block_pool_prioritize.o
 .bss           0x000000002001c850        0x0 ./Middlewares/ThreadX/RTOS/ModuleLib/txm_block_release.o
 .bss           0x000000002001c850        0x0 ./Middlewares/ThreadX/RTOS/ModuleLib/txm_byte_allocate.o
 .bss           0x000000002001c850        0x0 ./Middlewares/ThreadX/RTOS/ModuleLib/txm_byte_pool_create.o
 .bss           0x000000002001c850        0x0 ./Middlewares/ThreadX/RTOS/ModuleLib/txm_byte_pool_delete.o
 .bss           0x000000002001c850        0x0 ./Middlewares/ThreadX/RTOS/ModuleLib/txm_byte_pool_info_get.o
 .bss           0x000000002001c850        0x0 ./Middlewares/ThreadX/RTOS/ModuleLib/txm_byte_pool_performance_info_get.o
 .bss           0x000000002001c850        0x0 ./Middlewares/ThreadX/RTOS/ModuleLib/txm_byte_pool_performance_system_info_get.o
 .bss           0x000000002001c850        0x0 ./Middlewares/ThreadX/RTOS/ModuleLib/txm_byte_pool_prioritize.o
 .bss           0x000000002001c850        0x0 ./Middlewares/ThreadX/RTOS/ModuleLib/txm_byte_release.o
 .bss           0x000000002001c850        0x0 ./Middlewares/ThreadX/RTOS/ModuleLib/txm_event_flags_create.o
 .bss           0x000000002001c850        0x0 ./Middlewares/ThreadX/RTOS/ModuleLib/txm_event_flags_delete.o
 .bss           0x000000002001c850        0x0 ./Middlewares/ThreadX/RTOS/ModuleLib/txm_event_flags_get.o
 .bss           0x000000002001c850        0x0 ./Middlewares/ThreadX/RTOS/ModuleLib/txm_event_flags_info_get.o
 .bss           0x000000002001c850        0x0 ./Middlewares/ThreadX/RTOS/ModuleLib/txm_event_flags_performance_info_get.o
 .bss           0x000000002001c850        0x0 ./Middlewares/ThreadX/RTOS/ModuleLib/txm_event_flags_performance_system_info_get.o
 .bss           0x000000002001c850        0x0 ./Middlewares/ThreadX/RTOS/ModuleLib/txm_event_flags_set.o
 .bss           0x000000002001c850        0x0 ./Middlewares/ThreadX/RTOS/ModuleLib/txm_event_flags_set_notify.o
 .bss           0x000000002001c850        0x0 ./Middlewares/ThreadX/RTOS/ModuleLib/txm_module_application_request.o
 .bss           0x000000002001c850        0x0 ./Middlewares/ThreadX/RTOS/ModuleLib/txm_module_callback_request_thread_entry.o
 .bss           0x000000002001c850        0x0 ./Middlewares/ThreadX/RTOS/ModuleLib/txm_module_object_allocate.o
 .bss           0x000000002001c850        0x0 ./Middlewares/ThreadX/RTOS/ModuleLib/txm_module_object_deallocate.o
 .bss           0x000000002001c850        0x0 ./Middlewares/ThreadX/RTOS/ModuleLib/txm_module_object_pointer_get.o
 .bss           0x000000002001c850        0x0 ./Middlewares/ThreadX/RTOS/ModuleLib/txm_module_object_pointer_get_extended.o
 .bss           0x000000002001c850        0x8 ./Middlewares/ThreadX/RTOS/ModuleLib/txm_module_thread_shell_entry.o
                0x000000002001c850                _txm_module_entry_info
                0x000000002001c854                _txm_module_kernel_call_dispatcher
 .bss           0x000000002001c858        0x0 ./Middlewares/ThreadX/RTOS/ModuleLib/txm_module_thread_system_suspend.o
 .bss           0x000000002001c858        0x0 ./Middlewares/ThreadX/RTOS/ModuleLib/txm_mutex_create.o
 .bss           0x000000002001c858        0x0 ./Middlewares/ThreadX/RTOS/ModuleLib/txm_mutex_delete.o
 .bss           0x000000002001c858        0x0 ./Middlewares/ThreadX/RTOS/ModuleLib/txm_mutex_get.o
 .bss           0x000000002001c858        0x0 ./Middlewares/ThreadX/RTOS/ModuleLib/txm_mutex_info_get.o
 .bss           0x000000002001c858        0x0 ./Middlewares/ThreadX/RTOS/ModuleLib/txm_mutex_performance_info_get.o
 .bss           0x000000002001c858        0x0 ./Middlewares/ThreadX/RTOS/ModuleLib/txm_mutex_performance_system_info_get.o
 .bss           0x000000002001c858        0x0 ./Middlewares/ThreadX/RTOS/ModuleLib/txm_mutex_prioritize.o
 .bss           0x000000002001c858        0x0 ./Middlewares/ThreadX/RTOS/ModuleLib/txm_mutex_put.o
 .bss           0x000000002001c858        0x0 ./Middlewares/ThreadX/RTOS/ModuleLib/txm_queue_create.o
 .bss           0x000000002001c858        0x0 ./Middlewares/ThreadX/RTOS/ModuleLib/txm_queue_delete.o
 .bss           0x000000002001c858        0x0 ./Middlewares/ThreadX/RTOS/ModuleLib/txm_queue_flush.o
 .bss           0x000000002001c858        0x0 ./Middlewares/ThreadX/RTOS/ModuleLib/txm_queue_front_send.o
 .bss           0x000000002001c858        0x0 ./Middlewares/ThreadX/RTOS/ModuleLib/txm_queue_info_get.o
 .bss           0x000000002001c858        0x0 ./Middlewares/ThreadX/RTOS/ModuleLib/txm_queue_performance_info_get.o
 .bss           0x000000002001c858        0x0 ./Middlewares/ThreadX/RTOS/ModuleLib/txm_queue_performance_system_info_get.o
 .bss           0x000000002001c858        0x0 ./Middlewares/ThreadX/RTOS/ModuleLib/txm_queue_prioritize.o
 .bss           0x000000002001c858        0x0 ./Middlewares/ThreadX/RTOS/ModuleLib/txm_queue_receive.o
 .bss           0x000000002001c858        0x0 ./Middlewares/ThreadX/RTOS/ModuleLib/txm_queue_send.o
 .bss           0x000000002001c858        0x0 ./Middlewares/ThreadX/RTOS/ModuleLib/txm_queue_send_notify.o
 .bss           0x000000002001c858        0x0 ./Middlewares/ThreadX/RTOS/ModuleLib/txm_semaphore_ceiling_put.o
 .bss           0x000000002001c858        0x0 ./Middlewares/ThreadX/RTOS/ModuleLib/txm_semaphore_create.o
 .bss           0x000000002001c858        0x0 ./Middlewares/ThreadX/RTOS/ModuleLib/txm_semaphore_delete.o
 .bss           0x000000002001c858        0x0 ./Middlewares/ThreadX/RTOS/ModuleLib/txm_semaphore_get.o
 .bss           0x000000002001c858        0x0 ./Middlewares/ThreadX/RTOS/ModuleLib/txm_semaphore_info_get.o
 .bss           0x000000002001c858        0x0 ./Middlewares/ThreadX/RTOS/ModuleLib/txm_semaphore_performance_info_get.o
 .bss           0x000000002001c858        0x0 ./Middlewares/ThreadX/RTOS/ModuleLib/txm_semaphore_performance_system_info_get.o
 .bss           0x000000002001c858        0x0 ./Middlewares/ThreadX/RTOS/ModuleLib/txm_semaphore_prioritize.o
 .bss           0x000000002001c858        0x0 ./Middlewares/ThreadX/RTOS/ModuleLib/txm_semaphore_put.o
 .bss           0x000000002001c858        0x0 ./Middlewares/ThreadX/RTOS/ModuleLib/txm_semaphore_put_notify.o
 .bss           0x000000002001c858        0x0 ./Middlewares/ThreadX/RTOS/ModuleLib/txm_thread_create.o
 .bss           0x000000002001c858        0x0 ./Middlewares/ThreadX/RTOS/ModuleLib/txm_thread_delete.o
 .bss           0x000000002001c858        0x0 ./Middlewares/ThreadX/RTOS/ModuleLib/txm_thread_entry_exit_notify.o
 .bss           0x000000002001c858        0x0 ./Middlewares/ThreadX/RTOS/ModuleLib/txm_thread_identify.o
 .bss           0x000000002001c858        0x0 ./Middlewares/ThreadX/RTOS/ModuleLib/txm_thread_info_get.o
 .bss           0x000000002001c858        0x0 ./Middlewares/ThreadX/RTOS/ModuleLib/txm_thread_interrupt_control.o
 .bss           0x000000002001c858        0x0 ./Middlewares/ThreadX/RTOS/ModuleLib/txm_thread_performance_info_get.o
 .bss           0x000000002001c858        0x0 ./Middlewares/ThreadX/RTOS/ModuleLib/txm_thread_performance_system_info_get.o
 .bss           0x000000002001c858        0x0 ./Middlewares/ThreadX/RTOS/ModuleLib/txm_thread_preemption_change.o
 .bss           0x000000002001c858        0x0 ./Middlewares/ThreadX/RTOS/ModuleLib/txm_thread_priority_change.o
 .bss           0x000000002001c858        0x0 ./Middlewares/ThreadX/RTOS/ModuleLib/txm_thread_relinquish.o
 .bss           0x000000002001c858        0x0 ./Middlewares/ThreadX/RTOS/ModuleLib/txm_thread_reset.o
 .bss           0x000000002001c858        0x0 ./Middlewares/ThreadX/RTOS/ModuleLib/txm_thread_resume.o
 .bss           0x000000002001c858        0x0 ./Middlewares/ThreadX/RTOS/ModuleLib/txm_thread_sleep.o
 .bss           0x000000002001c858        0x0 ./Middlewares/ThreadX/RTOS/ModuleLib/txm_thread_stack_error_notify.o
 .bss           0x000000002001c858        0x0 ./Middlewares/ThreadX/RTOS/ModuleLib/txm_thread_suspend.o
 .bss           0x000000002001c858        0x0 ./Middlewares/ThreadX/RTOS/ModuleLib/txm_thread_terminate.o
 .bss           0x000000002001c858        0x0 ./Middlewares/ThreadX/RTOS/ModuleLib/txm_thread_time_slice_change.o
 .bss           0x000000002001c858        0x0 ./Middlewares/ThreadX/RTOS/ModuleLib/txm_thread_wait_abort.o
 .bss           0x000000002001c858        0x0 ./Middlewares/ThreadX/RTOS/ModuleLib/txm_time_get.o
 .bss           0x000000002001c858        0x0 ./Middlewares/ThreadX/RTOS/ModuleLib/txm_time_set.o
 .bss           0x000000002001c858        0x0 ./Middlewares/ThreadX/RTOS/ModuleLib/txm_timer_activate.o
 .bss           0x000000002001c858        0x0 ./Middlewares/ThreadX/RTOS/ModuleLib/txm_timer_change.o
 .bss           0x000000002001c858        0x0 ./Middlewares/ThreadX/RTOS/ModuleLib/txm_timer_create.o
 .bss           0x000000002001c858        0x0 ./Middlewares/ThreadX/RTOS/ModuleLib/txm_timer_deactivate.o
 .bss           0x000000002001c858        0x0 ./Middlewares/ThreadX/RTOS/ModuleLib/txm_timer_delete.o
 .bss           0x000000002001c858        0x0 ./Middlewares/ThreadX/RTOS/ModuleLib/txm_timer_info_get.o
 .bss           0x000000002001c858        0x0 ./Middlewares/ThreadX/RTOS/ModuleLib/txm_timer_performance_info_get.o
 .bss           0x000000002001c858        0x0 ./Middlewares/ThreadX/RTOS/ModuleLib/txm_timer_performance_system_info_get.o
 .bss           0x000000002001c858        0x0 ./Middlewares/ThreadX/RTOS/ModuleLib/txm_trace_buffer_full_notify.o
 .bss           0x000000002001c858        0x0 ./Middlewares/ThreadX/RTOS/ModuleLib/txm_trace_disable.o
 .bss           0x000000002001c858        0x0 ./Middlewares/ThreadX/RTOS/ModuleLib/txm_trace_enable.o
 .bss           0x000000002001c858        0x0 ./Middlewares/ThreadX/RTOS/ModuleLib/txm_trace_event_filter.o
 .bss           0x000000002001c858        0x0 ./Middlewares/ThreadX/RTOS/ModuleLib/txm_trace_event_unfilter.o
 .bss           0x000000002001c858        0x0 ./Middlewares/ThreadX/RTOS/ModuleLib/txm_trace_interrupt_control.o
 .bss           0x000000002001c858        0x0 ./Middlewares/ThreadX/RTOS/ModuleLib/txm_trace_isr_enter_insert.o
 .bss           0x000000002001c858        0x0 ./Middlewares/ThreadX/RTOS/ModuleLib/txm_trace_isr_exit_insert.o
 .bss           0x000000002001c858        0x0 ./Middlewares/ThreadX/RTOS/ModuleLib/txm_trace_user_event_insert.o
 .bss           0x000000002001c858        0x0 ./gcc_setup.o
 *(COMMON)
                0x000000002001c858                __bss_end__ = (__bss_start__ + SIZEOF (.bss))
                0x000000002001c858                __non_init_load_start__ = ALIGN (__bss_end__, 0x4)

.stack          0x000000002001c000        0x0
 .stack         0x000000002001c000        0x0 ./gcc_setup.o

.stack_process  0x000000002001c000        0x0
 .stack_process
                0x000000002001c000        0x0 ./gcc_setup.o

.non_init       0x000000002001c858        0x0
                0x000000002001c858                __non_init_start__ = .
 *(.non_init .non_init.*)
                0x000000002001c858                __non_init_end__ = (__non_init_start__ + SIZEOF (.non_init))
                0x000000002001c858                __heap_load_start__ = ALIGN (__non_init_end__, 0x4)

.heap           0x000000002001c858       0x80
                0x000000002001c858                __heap_start__ = .
 *(.heap)
 .heap          0x000000002001c858        0x0 ./gcc_setup.o
                0x000000002001c8d8                . = ALIGN (MAX ((__heap_start__ + __HEAPSIZE__), .), 0x4)
 *fill*         0x000000002001c858       0x80 
                0x000000002001c8d8                __heap_end__ = (__heap_start__ + SIZEOF (.heap))
                0x00000000000008d8                __data_size__ = (__heap_end__ - __RAM_segment_start__)
OUTPUT(Tx_Module.elf elf32-littlearm)
LOAD linker stubs

.debug_info     0x0000000000000000    0x1c315
 .debug_info    0x0000000000000000      0xa1e ./Application/app_module.o
 .debug_info    0x0000000000000a1e      0x62f ./Middlewares/ThreadX/RTOS/ModuleLib/txm_block_allocate.o
 .debug_info    0x000000000000104d      0x66a ./Middlewares/ThreadX/RTOS/ModuleLib/txm_block_pool_create.o
 .debug_info    0x00000000000016b7      0x612 ./Middlewares/ThreadX/RTOS/ModuleLib/txm_block_pool_delete.o
 .debug_info    0x0000000000001cc9      0x68b ./Middlewares/ThreadX/RTOS/ModuleLib/txm_block_pool_info_get.o
 .debug_info    0x0000000000002354      0x662 ./Middlewares/ThreadX/RTOS/ModuleLib/txm_block_pool_performance_info_get.o
 .debug_info    0x00000000000029b6      0x13f ./Middlewares/ThreadX/RTOS/ModuleLib/txm_block_pool_performance_system_info_get.o
 .debug_info    0x0000000000002af5      0x612 ./Middlewares/ThreadX/RTOS/ModuleLib/txm_block_pool_prioritize.o
 .debug_info    0x0000000000003107       0xfb ./Middlewares/ThreadX/RTOS/ModuleLib/txm_block_release.o
 .debug_info    0x0000000000003202      0x662 ./Middlewares/ThreadX/RTOS/ModuleLib/txm_byte_allocate.o
 .debug_info    0x0000000000003864      0x66a ./Middlewares/ThreadX/RTOS/ModuleLib/txm_byte_pool_create.o
 .debug_info    0x0000000000003ece      0x61f ./Middlewares/ThreadX/RTOS/ModuleLib/txm_byte_pool_delete.o
 .debug_info    0x00000000000044ed      0x698 ./Middlewares/ThreadX/RTOS/ModuleLib/txm_byte_pool_info_get.o
 .debug_info    0x0000000000004b85      0x696 ./Middlewares/ThreadX/RTOS/ModuleLib/txm_byte_pool_performance_info_get.o
 .debug_info    0x000000000000521b      0x166 ./Middlewares/ThreadX/RTOS/ModuleLib/txm_byte_pool_performance_system_info_get.o
 .debug_info    0x0000000000005381      0x61f ./Middlewares/ThreadX/RTOS/ModuleLib/txm_byte_pool_prioritize.o
 .debug_info    0x00000000000059a0       0xfb ./Middlewares/ThreadX/RTOS/ModuleLib/txm_byte_release.o
 .debug_info    0x0000000000005a9b      0x62b ./Middlewares/ThreadX/RTOS/ModuleLib/txm_event_flags_create.o
 .debug_info    0x00000000000060c6      0x613 ./Middlewares/ThreadX/RTOS/ModuleLib/txm_event_flags_delete.o
 .debug_info    0x00000000000066d9      0x663 ./Middlewares/ThreadX/RTOS/ModuleLib/txm_event_flags_get.o
 .debug_info    0x0000000000006d3c      0x67f ./Middlewares/ThreadX/RTOS/ModuleLib/txm_event_flags_info_get.o
 .debug_info    0x00000000000073bb      0x663 ./Middlewares/ThreadX/RTOS/ModuleLib/txm_event_flags_performance_info_get.o
 .debug_info    0x0000000000007a1e      0x13f ./Middlewares/ThreadX/RTOS/ModuleLib/txm_event_flags_performance_system_info_get.o
 .debug_info    0x0000000000007b5d      0x62b ./Middlewares/ThreadX/RTOS/ModuleLib/txm_event_flags_set.o
 .debug_info    0x0000000000008188      0x630 ./Middlewares/ThreadX/RTOS/ModuleLib/txm_event_flags_set_notify.o
 .debug_info    0x00000000000087b8      0x11e ./Middlewares/ThreadX/RTOS/ModuleLib/txm_module_application_request.o
 .debug_info    0x00000000000088d6      0xf94 ./Middlewares/ThreadX/RTOS/ModuleLib/txm_module_callback_request_thread_entry.o
 .debug_info    0x000000000000986a      0x110 ./Middlewares/ThreadX/RTOS/ModuleLib/txm_module_object_allocate.o
 .debug_info    0x000000000000997a       0xfb ./Middlewares/ThreadX/RTOS/ModuleLib/txm_module_object_deallocate.o
 .debug_info    0x0000000000009a75      0x12a ./Middlewares/ThreadX/RTOS/ModuleLib/txm_module_object_pointer_get.o
 .debug_info    0x0000000000009b9f      0x150 ./Middlewares/ThreadX/RTOS/ModuleLib/txm_module_object_pointer_get_extended.o
 .debug_info    0x0000000000009cef      0xccf ./Middlewares/ThreadX/RTOS/ModuleLib/txm_module_thread_shell_entry.o
 .debug_info    0x000000000000a9be      0x541 ./Middlewares/ThreadX/RTOS/ModuleLib/txm_module_thread_system_suspend.o
 .debug_info    0x000000000000aeff      0x593 ./Middlewares/ThreadX/RTOS/ModuleLib/txm_mutex_create.o
 .debug_info    0x000000000000b492      0x555 ./Middlewares/ThreadX/RTOS/ModuleLib/txm_mutex_delete.o
 .debug_info    0x000000000000b9e7      0x562 ./Middlewares/ThreadX/RTOS/ModuleLib/txm_mutex_get.o
 .debug_info    0x000000000000bf49      0x5ce ./Middlewares/ThreadX/RTOS/ModuleLib/txm_mutex_info_get.o
 .debug_info    0x000000000000c517      0x5bf ./Middlewares/ThreadX/RTOS/ModuleLib/txm_mutex_performance_info_get.o
 .debug_info    0x000000000000cad6      0x159 ./Middlewares/ThreadX/RTOS/ModuleLib/txm_mutex_performance_system_info_get.o
 .debug_info    0x000000000000cc2f      0x555 ./Middlewares/ThreadX/RTOS/ModuleLib/txm_mutex_prioritize.o
 .debug_info    0x000000000000d184      0x555 ./Middlewares/ThreadX/RTOS/ModuleLib/txm_mutex_put.o
 .debug_info    0x000000000000d6d9      0x6b1 ./Middlewares/ThreadX/RTOS/ModuleLib/txm_queue_create.o
 .debug_info    0x000000000000dd8a      0x655 ./Middlewares/ThreadX/RTOS/ModuleLib/txm_queue_delete.o
 .debug_info    0x000000000000e3df      0x655 ./Middlewares/ThreadX/RTOS/ModuleLib/txm_queue_flush.o
 .debug_info    0x000000000000ea34      0x66d ./Middlewares/ThreadX/RTOS/ModuleLib/txm_queue_front_send.o
 .debug_info    0x000000000000f0a1      0x6cd ./Middlewares/ThreadX/RTOS/ModuleLib/txm_queue_info_get.o
 .debug_info    0x000000000000f76e      0x6be ./Middlewares/ThreadX/RTOS/ModuleLib/txm_queue_performance_info_get.o
 .debug_info    0x000000000000fe2c      0x159 ./Middlewares/ThreadX/RTOS/ModuleLib/txm_queue_performance_system_info_get.o
 .debug_info    0x000000000000ff85      0x655 ./Middlewares/ThreadX/RTOS/ModuleLib/txm_queue_prioritize.o
 .debug_info    0x00000000000105da      0x66d ./Middlewares/ThreadX/RTOS/ModuleLib/txm_queue_receive.o
 .debug_info    0x0000000000010c47      0x66d ./Middlewares/ThreadX/RTOS/ModuleLib/txm_queue_send.o
 .debug_info    0x00000000000112b4      0x676 ./Middlewares/ThreadX/RTOS/ModuleLib/txm_queue_send_notify.o
 .debug_info    0x000000000001192a      0x606 ./Middlewares/ThreadX/RTOS/ModuleLib/txm_semaphore_ceiling_put.o
 .debug_info    0x0000000000011f30      0x637 ./Middlewares/ThreadX/RTOS/ModuleLib/txm_semaphore_create.o
 .debug_info    0x0000000000012567      0x5f9 ./Middlewares/ThreadX/RTOS/ModuleLib/txm_semaphore_delete.o
 .debug_info    0x0000000000012b60      0x606 ./Middlewares/ThreadX/RTOS/ModuleLib/txm_semaphore_get.o
 .debug_info    0x0000000000013166      0x665 ./Middlewares/ThreadX/RTOS/ModuleLib/txm_semaphore_info_get.o
 .debug_info    0x00000000000137cb      0x649 ./Middlewares/ThreadX/RTOS/ModuleLib/txm_semaphore_performance_info_get.o
 .debug_info    0x0000000000013e14      0x13f ./Middlewares/ThreadX/RTOS/ModuleLib/txm_semaphore_performance_system_info_get.o
 .debug_info    0x0000000000013f53      0x5f9 ./Middlewares/ThreadX/RTOS/ModuleLib/txm_semaphore_prioritize.o
 .debug_info    0x000000000001454c      0x5f9 ./Middlewares/ThreadX/RTOS/ModuleLib/txm_semaphore_put.o
 .debug_info    0x0000000000014b45      0x616 ./Middlewares/ThreadX/RTOS/ModuleLib/txm_semaphore_put_notify.o
 .debug_info    0x000000000001515b      0x5e0 ./Middlewares/ThreadX/RTOS/ModuleLib/txm_thread_create.o
 .debug_info    0x000000000001573b      0x541 ./Middlewares/ThreadX/RTOS/ModuleLib/txm_thread_delete.o
 .debug_info    0x0000000000015c7c      0x567 ./Middlewares/ThreadX/RTOS/ModuleLib/txm_thread_entry_exit_notify.o
 .debug_info    0x00000000000161e3      0x532 ./Middlewares/ThreadX/RTOS/ModuleLib/txm_thread_identify.o
 .debug_info    0x0000000000016715      0x5d8 ./Middlewares/ThreadX/RTOS/ModuleLib/txm_thread_info_get.o
 .debug_info    0x0000000000016ced       0xf9 ./Middlewares/ThreadX/RTOS/ModuleLib/txm_thread_interrupt_control.o
 .debug_info    0x0000000000016de6      0x5ed ./Middlewares/ThreadX/RTOS/ModuleLib/txm_thread_performance_info_get.o
 .debug_info    0x00000000000173d3      0x1a0 ./Middlewares/ThreadX/RTOS/ModuleLib/txm_thread_performance_system_info_get.o
 .debug_info    0x0000000000017573      0x562 ./Middlewares/ThreadX/RTOS/ModuleLib/txm_thread_preemption_change.o
 .debug_info    0x0000000000017ad5      0x562 ./Middlewares/ThreadX/RTOS/ModuleLib/txm_thread_priority_change.o
 .debug_info    0x0000000000018037       0xce ./Middlewares/ThreadX/RTOS/ModuleLib/txm_thread_relinquish.o
 .debug_info    0x0000000000018105      0x541 ./Middlewares/ThreadX/RTOS/ModuleLib/txm_thread_reset.o
 .debug_info    0x0000000000018646      0x541 ./Middlewares/ThreadX/RTOS/ModuleLib/txm_thread_resume.o
 .debug_info    0x0000000000018b87       0xf9 ./Middlewares/ThreadX/RTOS/ModuleLib/txm_thread_sleep.o
 .debug_info    0x0000000000018c80      0x555 ./Middlewares/ThreadX/RTOS/ModuleLib/txm_thread_stack_error_notify.o
 .debug_info    0x00000000000191d5      0x541 ./Middlewares/ThreadX/RTOS/ModuleLib/txm_thread_suspend.o
 .debug_info    0x0000000000019716      0x541 ./Middlewares/ThreadX/RTOS/ModuleLib/txm_thread_terminate.o
 .debug_info    0x0000000000019c57      0x55e ./Middlewares/ThreadX/RTOS/ModuleLib/txm_thread_time_slice_change.o
 .debug_info    0x000000000001a1b5      0x541 ./Middlewares/ThreadX/RTOS/ModuleLib/txm_thread_wait_abort.o
 .debug_info    0x000000000001a6f6       0xe2 ./Middlewares/ThreadX/RTOS/ModuleLib/txm_time_get.o
 .debug_info    0x000000000001a7d8       0xde ./Middlewares/ThreadX/RTOS/ModuleLib/txm_time_set.o
 .debug_info    0x000000000001a8b6      0x217 ./Middlewares/ThreadX/RTOS/ModuleLib/txm_timer_activate.o
 .debug_info    0x000000000001aacd      0x22f ./Middlewares/ThreadX/RTOS/ModuleLib/txm_timer_change.o
 .debug_info    0x000000000001acfc      0x289 ./Middlewares/ThreadX/RTOS/ModuleLib/txm_timer_create.o
 .debug_info    0x000000000001af85      0x217 ./Middlewares/ThreadX/RTOS/ModuleLib/txm_timer_deactivate.o
 .debug_info    0x000000000001b19c      0x217 ./Middlewares/ThreadX/RTOS/ModuleLib/txm_timer_delete.o
 .debug_info    0x000000000001b3b3      0x283 ./Middlewares/ThreadX/RTOS/ModuleLib/txm_timer_info_get.o
 .debug_info    0x000000000001b636      0x274 ./Middlewares/ThreadX/RTOS/ModuleLib/txm_timer_performance_info_get.o
 .debug_info    0x000000000001b8aa      0x14c ./Middlewares/ThreadX/RTOS/ModuleLib/txm_timer_performance_system_info_get.o
 .debug_info    0x000000000001b9f6      0x10e ./Middlewares/ThreadX/RTOS/ModuleLib/txm_trace_buffer_full_notify.o
 .debug_info    0x000000000001bb04       0xea ./Middlewares/ThreadX/RTOS/ModuleLib/txm_trace_disable.o
 .debug_info    0x000000000001bbee      0x113 ./Middlewares/ThreadX/RTOS/ModuleLib/txm_trace_enable.o
 .debug_info    0x000000000001bd01       0xf9 ./Middlewares/ThreadX/RTOS/ModuleLib/txm_trace_event_filter.o
 .debug_info    0x000000000001bdfa       0xf9 ./Middlewares/ThreadX/RTOS/ModuleLib/txm_trace_event_unfilter.o
 .debug_info    0x000000000001bef3       0xf9 ./Middlewares/ThreadX/RTOS/ModuleLib/txm_trace_interrupt_control.o
 .debug_info    0x000000000001bfec       0xde ./Middlewares/ThreadX/RTOS/ModuleLib/txm_trace_isr_enter_insert.o
 .debug_info    0x000000000001c0ca       0xde ./Middlewares/ThreadX/RTOS/ModuleLib/txm_trace_isr_exit_insert.o
 .debug_info    0x000000000001c1a8      0x148 ./Middlewares/ThreadX/RTOS/ModuleLib/txm_trace_user_event_insert.o
 .debug_info    0x000000000001c2f0       0x25 ./gcc_setup.o

.debug_abbrev   0x0000000000000000     0x5a2a
 .debug_abbrev  0x0000000000000000      0x19d ./Application/app_module.o
 .debug_abbrev  0x000000000000019d       0xf4 ./Middlewares/ThreadX/RTOS/ModuleLib/txm_block_allocate.o
 .debug_abbrev  0x0000000000000291      0x105 ./Middlewares/ThreadX/RTOS/ModuleLib/txm_block_pool_create.o
 .debug_abbrev  0x0000000000000396       0xf1 ./Middlewares/ThreadX/RTOS/ModuleLib/txm_block_pool_delete.o
 .debug_abbrev  0x0000000000000487      0x105 ./Middlewares/ThreadX/RTOS/ModuleLib/txm_block_pool_info_get.o
 .debug_abbrev  0x000000000000058c      0x105 ./Middlewares/ThreadX/RTOS/ModuleLib/txm_block_pool_performance_info_get.o
 .debug_abbrev  0x0000000000000691       0xbf ./Middlewares/ThreadX/RTOS/ModuleLib/txm_block_pool_performance_system_info_get.o
 .debug_abbrev  0x0000000000000750       0xf1 ./Middlewares/ThreadX/RTOS/ModuleLib/txm_block_pool_prioritize.o
 .debug_abbrev  0x0000000000000841       0xaf ./Middlewares/ThreadX/RTOS/ModuleLib/txm_block_release.o
 .debug_abbrev  0x00000000000008f0      0x105 ./Middlewares/ThreadX/RTOS/ModuleLib/txm_byte_allocate.o
 .debug_abbrev  0x00000000000009f5      0x105 ./Middlewares/ThreadX/RTOS/ModuleLib/txm_byte_pool_create.o
 .debug_abbrev  0x0000000000000afa       0xf1 ./Middlewares/ThreadX/RTOS/ModuleLib/txm_byte_pool_delete.o
 .debug_abbrev  0x0000000000000beb      0x105 ./Middlewares/ThreadX/RTOS/ModuleLib/txm_byte_pool_info_get.o
 .debug_abbrev  0x0000000000000cf0      0x105 ./Middlewares/ThreadX/RTOS/ModuleLib/txm_byte_pool_performance_info_get.o
 .debug_abbrev  0x0000000000000df5       0xbf ./Middlewares/ThreadX/RTOS/ModuleLib/txm_byte_pool_performance_system_info_get.o
 .debug_abbrev  0x0000000000000eb4       0xf1 ./Middlewares/ThreadX/RTOS/ModuleLib/txm_byte_pool_prioritize.o
 .debug_abbrev  0x0000000000000fa5       0xaf ./Middlewares/ThreadX/RTOS/ModuleLib/txm_byte_release.o
 .debug_abbrev  0x0000000000001054       0xf4 ./Middlewares/ThreadX/RTOS/ModuleLib/txm_event_flags_create.o
 .debug_abbrev  0x0000000000001148       0xf1 ./Middlewares/ThreadX/RTOS/ModuleLib/txm_event_flags_delete.o
 .debug_abbrev  0x0000000000001239      0x105 ./Middlewares/ThreadX/RTOS/ModuleLib/txm_event_flags_get.o
 .debug_abbrev  0x000000000000133e      0x105 ./Middlewares/ThreadX/RTOS/ModuleLib/txm_event_flags_info_get.o
 .debug_abbrev  0x0000000000001443      0x105 ./Middlewares/ThreadX/RTOS/ModuleLib/txm_event_flags_performance_info_get.o
 .debug_abbrev  0x0000000000001548       0xbf ./Middlewares/ThreadX/RTOS/ModuleLib/txm_event_flags_performance_system_info_get.o
 .debug_abbrev  0x0000000000001607       0xf4 ./Middlewares/ThreadX/RTOS/ModuleLib/txm_event_flags_set.o
 .debug_abbrev  0x00000000000016fb       0xf2 ./Middlewares/ThreadX/RTOS/ModuleLib/txm_event_flags_set_notify.o
 .debug_abbrev  0x00000000000017ed       0xab ./Middlewares/ThreadX/RTOS/ModuleLib/txm_module_application_request.o
 .debug_abbrev  0x0000000000001898      0x140 ./Middlewares/ThreadX/RTOS/ModuleLib/txm_module_callback_request_thread_entry.o
 .debug_abbrev  0x00000000000019d8       0xb3 ./Middlewares/ThreadX/RTOS/ModuleLib/txm_module_object_allocate.o
 .debug_abbrev  0x0000000000001a8b       0xaf ./Middlewares/ThreadX/RTOS/ModuleLib/txm_module_object_deallocate.o
 .debug_abbrev  0x0000000000001b3a       0xb5 ./Middlewares/ThreadX/RTOS/ModuleLib/txm_module_object_pointer_get.o
 .debug_abbrev  0x0000000000001bef       0xc6 ./Middlewares/ThreadX/RTOS/ModuleLib/txm_module_object_pointer_get_extended.o
 .debug_abbrev  0x0000000000001cb5      0x170 ./Middlewares/ThreadX/RTOS/ModuleLib/txm_module_thread_shell_entry.o
 .debug_abbrev  0x0000000000001e25       0xef ./Middlewares/ThreadX/RTOS/ModuleLib/txm_module_thread_system_suspend.o
 .debug_abbrev  0x0000000000001f14      0x105 ./Middlewares/ThreadX/RTOS/ModuleLib/txm_mutex_create.o
 .debug_abbrev  0x0000000000002019       0xf1 ./Middlewares/ThreadX/RTOS/ModuleLib/txm_mutex_delete.o
 .debug_abbrev  0x000000000000210a       0xf2 ./Middlewares/ThreadX/RTOS/ModuleLib/txm_mutex_get.o
 .debug_abbrev  0x00000000000021fc      0x105 ./Middlewares/ThreadX/RTOS/ModuleLib/txm_mutex_info_get.o
 .debug_abbrev  0x0000000000002301      0x105 ./Middlewares/ThreadX/RTOS/ModuleLib/txm_mutex_performance_info_get.o
 .debug_abbrev  0x0000000000002406       0xbf ./Middlewares/ThreadX/RTOS/ModuleLib/txm_mutex_performance_system_info_get.o
 .debug_abbrev  0x00000000000024c5       0xf1 ./Middlewares/ThreadX/RTOS/ModuleLib/txm_mutex_prioritize.o
 .debug_abbrev  0x00000000000025b6       0xf1 ./Middlewares/ThreadX/RTOS/ModuleLib/txm_mutex_put.o
 .debug_abbrev  0x00000000000026a7      0x105 ./Middlewares/ThreadX/RTOS/ModuleLib/txm_queue_create.o
 .debug_abbrev  0x00000000000027ac       0xef ./Middlewares/ThreadX/RTOS/ModuleLib/txm_queue_delete.o
 .debug_abbrev  0x000000000000289b       0xef ./Middlewares/ThreadX/RTOS/ModuleLib/txm_queue_flush.o
 .debug_abbrev  0x000000000000298a       0xf2 ./Middlewares/ThreadX/RTOS/ModuleLib/txm_queue_front_send.o
 .debug_abbrev  0x0000000000002a7c      0x105 ./Middlewares/ThreadX/RTOS/ModuleLib/txm_queue_info_get.o
 .debug_abbrev  0x0000000000002b81      0x105 ./Middlewares/ThreadX/RTOS/ModuleLib/txm_queue_performance_info_get.o
 .debug_abbrev  0x0000000000002c86       0xbf ./Middlewares/ThreadX/RTOS/ModuleLib/txm_queue_performance_system_info_get.o
 .debug_abbrev  0x0000000000002d45       0xef ./Middlewares/ThreadX/RTOS/ModuleLib/txm_queue_prioritize.o
 .debug_abbrev  0x0000000000002e34       0xf2 ./Middlewares/ThreadX/RTOS/ModuleLib/txm_queue_receive.o
 .debug_abbrev  0x0000000000002f26       0xf2 ./Middlewares/ThreadX/RTOS/ModuleLib/txm_queue_send.o
 .debug_abbrev  0x0000000000003018       0xf2 ./Middlewares/ThreadX/RTOS/ModuleLib/txm_queue_send_notify.o
 .debug_abbrev  0x000000000000310a       0xf2 ./Middlewares/ThreadX/RTOS/ModuleLib/txm_semaphore_ceiling_put.o
 .debug_abbrev  0x00000000000031fc      0x105 ./Middlewares/ThreadX/RTOS/ModuleLib/txm_semaphore_create.o
 .debug_abbrev  0x0000000000003301       0xf1 ./Middlewares/ThreadX/RTOS/ModuleLib/txm_semaphore_delete.o
 .debug_abbrev  0x00000000000033f2       0xf2 ./Middlewares/ThreadX/RTOS/ModuleLib/txm_semaphore_get.o
 .debug_abbrev  0x00000000000034e4      0x105 ./Middlewares/ThreadX/RTOS/ModuleLib/txm_semaphore_info_get.o
 .debug_abbrev  0x00000000000035e9      0x105 ./Middlewares/ThreadX/RTOS/ModuleLib/txm_semaphore_performance_info_get.o
 .debug_abbrev  0x00000000000036ee       0xbf ./Middlewares/ThreadX/RTOS/ModuleLib/txm_semaphore_performance_system_info_get.o
 .debug_abbrev  0x00000000000037ad       0xf1 ./Middlewares/ThreadX/RTOS/ModuleLib/txm_semaphore_prioritize.o
 .debug_abbrev  0x000000000000389e       0xf1 ./Middlewares/ThreadX/RTOS/ModuleLib/txm_semaphore_put.o
 .debug_abbrev  0x000000000000398f       0xf2 ./Middlewares/ThreadX/RTOS/ModuleLib/txm_semaphore_put_notify.o
 .debug_abbrev  0x0000000000003a81      0x105 ./Middlewares/ThreadX/RTOS/ModuleLib/txm_thread_create.o
 .debug_abbrev  0x0000000000003b86       0xef ./Middlewares/ThreadX/RTOS/ModuleLib/txm_thread_delete.o
 .debug_abbrev  0x0000000000003c75       0xf2 ./Middlewares/ThreadX/RTOS/ModuleLib/txm_thread_entry_exit_notify.o
 .debug_abbrev  0x0000000000003d67       0xde ./Middlewares/ThreadX/RTOS/ModuleLib/txm_thread_identify.o
 .debug_abbrev  0x0000000000003e45      0x105 ./Middlewares/ThreadX/RTOS/ModuleLib/txm_thread_info_get.o
 .debug_abbrev  0x0000000000003f4a       0xa8 ./Middlewares/ThreadX/RTOS/ModuleLib/txm_thread_interrupt_control.o
 .debug_abbrev  0x0000000000003ff2      0x116 ./Middlewares/ThreadX/RTOS/ModuleLib/txm_thread_performance_info_get.o
 .debug_abbrev  0x0000000000004108       0xd1 ./Middlewares/ThreadX/RTOS/ModuleLib/txm_thread_performance_system_info_get.o
 .debug_abbrev  0x00000000000041d9       0xf4 ./Middlewares/ThreadX/RTOS/ModuleLib/txm_thread_preemption_change.o
 .debug_abbrev  0x00000000000042cd       0xf4 ./Middlewares/ThreadX/RTOS/ModuleLib/txm_thread_priority_change.o
 .debug_abbrev  0x00000000000043c1       0x82 ./Middlewares/ThreadX/RTOS/ModuleLib/txm_thread_relinquish.o
 .debug_abbrev  0x0000000000004443       0xef ./Middlewares/ThreadX/RTOS/ModuleLib/txm_thread_reset.o
 .debug_abbrev  0x0000000000004532       0xef ./Middlewares/ThreadX/RTOS/ModuleLib/txm_thread_resume.o
 .debug_abbrev  0x0000000000004621       0xa8 ./Middlewares/ThreadX/RTOS/ModuleLib/txm_thread_sleep.o
 .debug_abbrev  0x00000000000046c9       0xf1 ./Middlewares/ThreadX/RTOS/ModuleLib/txm_thread_stack_error_notify.o
 .debug_abbrev  0x00000000000047ba       0xef ./Middlewares/ThreadX/RTOS/ModuleLib/txm_thread_suspend.o
 .debug_abbrev  0x00000000000048a9       0xef ./Middlewares/ThreadX/RTOS/ModuleLib/txm_thread_terminate.o
 .debug_abbrev  0x0000000000004998       0xf2 ./Middlewares/ThreadX/RTOS/ModuleLib/txm_thread_time_slice_change.o
 .debug_abbrev  0x0000000000004a8a       0xef ./Middlewares/ThreadX/RTOS/ModuleLib/txm_thread_wait_abort.o
 .debug_abbrev  0x0000000000004b79       0x95 ./Middlewares/ThreadX/RTOS/ModuleLib/txm_time_get.o
 .debug_abbrev  0x0000000000004c0e       0x93 ./Middlewares/ThreadX/RTOS/ModuleLib/txm_time_set.o
 .debug_abbrev  0x0000000000004ca1       0xf1 ./Middlewares/ThreadX/RTOS/ModuleLib/txm_timer_activate.o
 .debug_abbrev  0x0000000000004d92       0xf4 ./Middlewares/ThreadX/RTOS/ModuleLib/txm_timer_change.o
 .debug_abbrev  0x0000000000004e86      0x105 ./Middlewares/ThreadX/RTOS/ModuleLib/txm_timer_create.o
 .debug_abbrev  0x0000000000004f8b       0xf1 ./Middlewares/ThreadX/RTOS/ModuleLib/txm_timer_deactivate.o
 .debug_abbrev  0x000000000000507c       0xf1 ./Middlewares/ThreadX/RTOS/ModuleLib/txm_timer_delete.o
 .debug_abbrev  0x000000000000516d      0x105 ./Middlewares/ThreadX/RTOS/ModuleLib/txm_timer_info_get.o
 .debug_abbrev  0x0000000000005272      0x105 ./Middlewares/ThreadX/RTOS/ModuleLib/txm_timer_performance_info_get.o
 .debug_abbrev  0x0000000000005377       0xbf ./Middlewares/ThreadX/RTOS/ModuleLib/txm_timer_performance_system_info_get.o
 .debug_abbrev  0x0000000000005436       0xbb ./Middlewares/ThreadX/RTOS/ModuleLib/txm_trace_buffer_full_notify.o
 .debug_abbrev  0x00000000000054f1       0x97 ./Middlewares/ThreadX/RTOS/ModuleLib/txm_trace_disable.o
 .debug_abbrev  0x0000000000005588       0xb2 ./Middlewares/ThreadX/RTOS/ModuleLib/txm_trace_enable.o
 .debug_abbrev  0x000000000000563a       0xa8 ./Middlewares/ThreadX/RTOS/ModuleLib/txm_trace_event_filter.o
 .debug_abbrev  0x00000000000056e2       0xa8 ./Middlewares/ThreadX/RTOS/ModuleLib/txm_trace_event_unfilter.o
 .debug_abbrev  0x000000000000578a       0xa8 ./Middlewares/ThreadX/RTOS/ModuleLib/txm_trace_interrupt_control.o
 .debug_abbrev  0x0000000000005832       0x93 ./Middlewares/ThreadX/RTOS/ModuleLib/txm_trace_isr_enter_insert.o
 .debug_abbrev  0x00000000000058c5       0x93 ./Middlewares/ThreadX/RTOS/ModuleLib/txm_trace_isr_exit_insert.o
 .debug_abbrev  0x0000000000005958       0xbe ./Middlewares/ThreadX/RTOS/ModuleLib/txm_trace_user_event_insert.o
 .debug_abbrev  0x0000000000005a16       0x14 ./gcc_setup.o

.debug_aranges  0x0000000000000000      0xca0
 .debug_aranges
                0x0000000000000000       0x20 ./Application/app_module.o
 .debug_aranges
                0x0000000000000020       0x20 ./Middlewares/ThreadX/RTOS/ModuleLib/txm_block_allocate.o
 .debug_aranges
                0x0000000000000040       0x20 ./Middlewares/ThreadX/RTOS/ModuleLib/txm_block_pool_create.o
 .debug_aranges
                0x0000000000000060       0x20 ./Middlewares/ThreadX/RTOS/ModuleLib/txm_block_pool_delete.o
 .debug_aranges
                0x0000000000000080       0x20 ./Middlewares/ThreadX/RTOS/ModuleLib/txm_block_pool_info_get.o
 .debug_aranges
                0x00000000000000a0       0x20 ./Middlewares/ThreadX/RTOS/ModuleLib/txm_block_pool_performance_info_get.o
 .debug_aranges
                0x00000000000000c0       0x20 ./Middlewares/ThreadX/RTOS/ModuleLib/txm_block_pool_performance_system_info_get.o
 .debug_aranges
                0x00000000000000e0       0x20 ./Middlewares/ThreadX/RTOS/ModuleLib/txm_block_pool_prioritize.o
 .debug_aranges
                0x0000000000000100       0x20 ./Middlewares/ThreadX/RTOS/ModuleLib/txm_block_release.o
 .debug_aranges
                0x0000000000000120       0x20 ./Middlewares/ThreadX/RTOS/ModuleLib/txm_byte_allocate.o
 .debug_aranges
                0x0000000000000140       0x20 ./Middlewares/ThreadX/RTOS/ModuleLib/txm_byte_pool_create.o
 .debug_aranges
                0x0000000000000160       0x20 ./Middlewares/ThreadX/RTOS/ModuleLib/txm_byte_pool_delete.o
 .debug_aranges
                0x0000000000000180       0x20 ./Middlewares/ThreadX/RTOS/ModuleLib/txm_byte_pool_info_get.o
 .debug_aranges
                0x00000000000001a0       0x20 ./Middlewares/ThreadX/RTOS/ModuleLib/txm_byte_pool_performance_info_get.o
 .debug_aranges
                0x00000000000001c0       0x20 ./Middlewares/ThreadX/RTOS/ModuleLib/txm_byte_pool_performance_system_info_get.o
 .debug_aranges
                0x00000000000001e0       0x20 ./Middlewares/ThreadX/RTOS/ModuleLib/txm_byte_pool_prioritize.o
 .debug_aranges
                0x0000000000000200       0x20 ./Middlewares/ThreadX/RTOS/ModuleLib/txm_byte_release.o
 .debug_aranges
                0x0000000000000220       0x20 ./Middlewares/ThreadX/RTOS/ModuleLib/txm_event_flags_create.o
 .debug_aranges
                0x0000000000000240       0x20 ./Middlewares/ThreadX/RTOS/ModuleLib/txm_event_flags_delete.o
 .debug_aranges
                0x0000000000000260       0x20 ./Middlewares/ThreadX/RTOS/ModuleLib/txm_event_flags_get.o
 .debug_aranges
                0x0000000000000280       0x20 ./Middlewares/ThreadX/RTOS/ModuleLib/txm_event_flags_info_get.o
 .debug_aranges
                0x00000000000002a0       0x20 ./Middlewares/ThreadX/RTOS/ModuleLib/txm_event_flags_performance_info_get.o
 .debug_aranges
                0x00000000000002c0       0x20 ./Middlewares/ThreadX/RTOS/ModuleLib/txm_event_flags_performance_system_info_get.o
 .debug_aranges
                0x00000000000002e0       0x20 ./Middlewares/ThreadX/RTOS/ModuleLib/txm_event_flags_set.o
 .debug_aranges
                0x0000000000000300       0x20 ./Middlewares/ThreadX/RTOS/ModuleLib/txm_event_flags_set_notify.o
 .debug_aranges
                0x0000000000000320       0x20 ./Middlewares/ThreadX/RTOS/ModuleLib/txm_module_application_request.o
 .debug_aranges
                0x0000000000000340       0x20 ./Middlewares/ThreadX/RTOS/ModuleLib/txm_module_callback_request_thread_entry.o
 .debug_aranges
                0x0000000000000360       0x20 ./Middlewares/ThreadX/RTOS/ModuleLib/txm_module_object_allocate.o
 .debug_aranges
                0x0000000000000380       0x20 ./Middlewares/ThreadX/RTOS/ModuleLib/txm_module_object_deallocate.o
 .debug_aranges
                0x00000000000003a0       0x20 ./Middlewares/ThreadX/RTOS/ModuleLib/txm_module_object_pointer_get.o
 .debug_aranges
                0x00000000000003c0       0x20 ./Middlewares/ThreadX/RTOS/ModuleLib/txm_module_object_pointer_get_extended.o
 .debug_aranges
                0x00000000000003e0       0x20 ./Middlewares/ThreadX/RTOS/ModuleLib/txm_module_thread_shell_entry.o
 .debug_aranges
                0x0000000000000400       0x20 ./Middlewares/ThreadX/RTOS/ModuleLib/txm_module_thread_system_suspend.o
 .debug_aranges
                0x0000000000000420       0x20 ./Middlewares/ThreadX/RTOS/ModuleLib/txm_mutex_create.o
 .debug_aranges
                0x0000000000000440       0x20 ./Middlewares/ThreadX/RTOS/ModuleLib/txm_mutex_delete.o
 .debug_aranges
                0x0000000000000460       0x20 ./Middlewares/ThreadX/RTOS/ModuleLib/txm_mutex_get.o
 .debug_aranges
                0x0000000000000480       0x20 ./Middlewares/ThreadX/RTOS/ModuleLib/txm_mutex_info_get.o
 .debug_aranges
                0x00000000000004a0       0x20 ./Middlewares/ThreadX/RTOS/ModuleLib/txm_mutex_performance_info_get.o
 .debug_aranges
                0x00000000000004c0       0x20 ./Middlewares/ThreadX/RTOS/ModuleLib/txm_mutex_performance_system_info_get.o
 .debug_aranges
                0x00000000000004e0       0x20 ./Middlewares/ThreadX/RTOS/ModuleLib/txm_mutex_prioritize.o
 .debug_aranges
                0x0000000000000500       0x20 ./Middlewares/ThreadX/RTOS/ModuleLib/txm_mutex_put.o
 .debug_aranges
                0x0000000000000520       0x20 ./Middlewares/ThreadX/RTOS/ModuleLib/txm_queue_create.o
 .debug_aranges
                0x0000000000000540       0x20 ./Middlewares/ThreadX/RTOS/ModuleLib/txm_queue_delete.o
 .debug_aranges
                0x0000000000000560       0x20 ./Middlewares/ThreadX/RTOS/ModuleLib/txm_queue_flush.o
 .debug_aranges
                0x0000000000000580       0x20 ./Middlewares/ThreadX/RTOS/ModuleLib/txm_queue_front_send.o
 .debug_aranges
                0x00000000000005a0       0x20 ./Middlewares/ThreadX/RTOS/ModuleLib/txm_queue_info_get.o
 .debug_aranges
                0x00000000000005c0       0x20 ./Middlewares/ThreadX/RTOS/ModuleLib/txm_queue_performance_info_get.o
 .debug_aranges
                0x00000000000005e0       0x20 ./Middlewares/ThreadX/RTOS/ModuleLib/txm_queue_performance_system_info_get.o
 .debug_aranges
                0x0000000000000600       0x20 ./Middlewares/ThreadX/RTOS/ModuleLib/txm_queue_prioritize.o
 .debug_aranges
                0x0000000000000620       0x20 ./Middlewares/ThreadX/RTOS/ModuleLib/txm_queue_receive.o
 .debug_aranges
                0x0000000000000640       0x20 ./Middlewares/ThreadX/RTOS/ModuleLib/txm_queue_send.o
 .debug_aranges
                0x0000000000000660       0x20 ./Middlewares/ThreadX/RTOS/ModuleLib/txm_queue_send_notify.o
 .debug_aranges
                0x0000000000000680       0x20 ./Middlewares/ThreadX/RTOS/ModuleLib/txm_semaphore_ceiling_put.o
 .debug_aranges
                0x00000000000006a0       0x20 ./Middlewares/ThreadX/RTOS/ModuleLib/txm_semaphore_create.o
 .debug_aranges
                0x00000000000006c0       0x20 ./Middlewares/ThreadX/RTOS/ModuleLib/txm_semaphore_delete.o
 .debug_aranges
                0x00000000000006e0       0x20 ./Middlewares/ThreadX/RTOS/ModuleLib/txm_semaphore_get.o
 .debug_aranges
                0x0000000000000700       0x20 ./Middlewares/ThreadX/RTOS/ModuleLib/txm_semaphore_info_get.o
 .debug_aranges
                0x0000000000000720       0x20 ./Middlewares/ThreadX/RTOS/ModuleLib/txm_semaphore_performance_info_get.o
 .debug_aranges
                0x0000000000000740       0x20 ./Middlewares/ThreadX/RTOS/ModuleLib/txm_semaphore_performance_system_info_get.o
 .debug_aranges
                0x0000000000000760       0x20 ./Middlewares/ThreadX/RTOS/ModuleLib/txm_semaphore_prioritize.o
 .debug_aranges
                0x0000000000000780       0x20 ./Middlewares/ThreadX/RTOS/ModuleLib/txm_semaphore_put.o
 .debug_aranges
                0x00000000000007a0       0x20 ./Middlewares/ThreadX/RTOS/ModuleLib/txm_semaphore_put_notify.o
 .debug_aranges
                0x00000000000007c0       0x20 ./Middlewares/ThreadX/RTOS/ModuleLib/txm_thread_create.o
 .debug_aranges
                0x00000000000007e0       0x20 ./Middlewares/ThreadX/RTOS/ModuleLib/txm_thread_delete.o
 .debug_aranges
                0x0000000000000800       0x20 ./Middlewares/ThreadX/RTOS/ModuleLib/txm_thread_entry_exit_notify.o
 .debug_aranges
                0x0000000000000820       0x20 ./Middlewares/ThreadX/RTOS/ModuleLib/txm_thread_identify.o
 .debug_aranges
                0x0000000000000840       0x20 ./Middlewares/ThreadX/RTOS/ModuleLib/txm_thread_info_get.o
 .debug_aranges
                0x0000000000000860       0x20 ./Middlewares/ThreadX/RTOS/ModuleLib/txm_thread_interrupt_control.o
 .debug_aranges
                0x0000000000000880       0x20 ./Middlewares/ThreadX/RTOS/ModuleLib/txm_thread_performance_info_get.o
 .debug_aranges
                0x00000000000008a0       0x20 ./Middlewares/ThreadX/RTOS/ModuleLib/txm_thread_performance_system_info_get.o
 .debug_aranges
                0x00000000000008c0       0x20 ./Middlewares/ThreadX/RTOS/ModuleLib/txm_thread_preemption_change.o
 .debug_aranges
                0x00000000000008e0       0x20 ./Middlewares/ThreadX/RTOS/ModuleLib/txm_thread_priority_change.o
 .debug_aranges
                0x0000000000000900       0x20 ./Middlewares/ThreadX/RTOS/ModuleLib/txm_thread_relinquish.o
 .debug_aranges
                0x0000000000000920       0x20 ./Middlewares/ThreadX/RTOS/ModuleLib/txm_thread_reset.o
 .debug_aranges
                0x0000000000000940       0x20 ./Middlewares/ThreadX/RTOS/ModuleLib/txm_thread_resume.o
 .debug_aranges
                0x0000000000000960       0x20 ./Middlewares/ThreadX/RTOS/ModuleLib/txm_thread_sleep.o
 .debug_aranges
                0x0000000000000980       0x20 ./Middlewares/ThreadX/RTOS/ModuleLib/txm_thread_stack_error_notify.o
 .debug_aranges
                0x00000000000009a0       0x20 ./Middlewares/ThreadX/RTOS/ModuleLib/txm_thread_suspend.o
 .debug_aranges
                0x00000000000009c0       0x20 ./Middlewares/ThreadX/RTOS/ModuleLib/txm_thread_terminate.o
 .debug_aranges
                0x00000000000009e0       0x20 ./Middlewares/ThreadX/RTOS/ModuleLib/txm_thread_time_slice_change.o
 .debug_aranges
                0x0000000000000a00       0x20 ./Middlewares/ThreadX/RTOS/ModuleLib/txm_thread_wait_abort.o
 .debug_aranges
                0x0000000000000a20       0x20 ./Middlewares/ThreadX/RTOS/ModuleLib/txm_time_get.o
 .debug_aranges
                0x0000000000000a40       0x20 ./Middlewares/ThreadX/RTOS/ModuleLib/txm_time_set.o
 .debug_aranges
                0x0000000000000a60       0x20 ./Middlewares/ThreadX/RTOS/ModuleLib/txm_timer_activate.o
 .debug_aranges
                0x0000000000000a80       0x20 ./Middlewares/ThreadX/RTOS/ModuleLib/txm_timer_change.o
 .debug_aranges
                0x0000000000000aa0       0x20 ./Middlewares/ThreadX/RTOS/ModuleLib/txm_timer_create.o
 .debug_aranges
                0x0000000000000ac0       0x20 ./Middlewares/ThreadX/RTOS/ModuleLib/txm_timer_deactivate.o
 .debug_aranges
                0x0000000000000ae0       0x20 ./Middlewares/ThreadX/RTOS/ModuleLib/txm_timer_delete.o
 .debug_aranges
                0x0000000000000b00       0x20 ./Middlewares/ThreadX/RTOS/ModuleLib/txm_timer_info_get.o
 .debug_aranges
                0x0000000000000b20       0x20 ./Middlewares/ThreadX/RTOS/ModuleLib/txm_timer_performance_info_get.o
 .debug_aranges
                0x0000000000000b40       0x20 ./Middlewares/ThreadX/RTOS/ModuleLib/txm_timer_performance_system_info_get.o
 .debug_aranges
                0x0000000000000b60       0x20 ./Middlewares/ThreadX/RTOS/ModuleLib/txm_trace_buffer_full_notify.o
 .debug_aranges
                0x0000000000000b80       0x20 ./Middlewares/ThreadX/RTOS/ModuleLib/txm_trace_disable.o
 .debug_aranges
                0x0000000000000ba0       0x20 ./Middlewares/ThreadX/RTOS/ModuleLib/txm_trace_enable.o
 .debug_aranges
                0x0000000000000bc0       0x20 ./Middlewares/ThreadX/RTOS/ModuleLib/txm_trace_event_filter.o
 .debug_aranges