
Discarded input sections

 .group         0x0000000000000000        0xc ./Application/User/app_module.o
 .group         0x0000000000000000        0xc ./Application/User/app_module.o
 .group         0x0000000000000000        0xc ./Application/User/app_module.o
 .group         0x0000000000000000        0xc ./Application/User/app_module.o
 .group         0x0000000000000000        0xc ./Application/User/app_module.o
 .group         0x0000000000000000        0xc ./Application/User/app_module.o
 .group         0x0000000000000000        0xc ./Application/User/app_module.o
 .group         0x0000000000000000        0xc ./Application/User/app_module.o
 .group         0x0000000000000000        0xc ./Application/User/app_module.o
 .group         0x0000000000000000        0xc ./Application/User/app_module.o
 .group         0x0000000000000000        0xc ./Application/User/app_module.o
 .group         0x0000000000000000        0xc ./Application/User/app_module.o
 .group         0x0000000000000000        0xc ./Application/User/app_module.o
 .group         0x0000000000000000        0xc ./Application/User/app_module.o
 .group         0x0000000000000000        0xc ./Application/User/app_module.o
 .group         0x0000000000000000        0xc ./Application/User/app_module.o
 .group         0x0000000000000000        0xc ./Application/User/app_module.o
 .group         0x0000000000000000        0xc ./Application/User/app_module.o
 .group         0x0000000000000000        0xc ./Application/User/app_module.o
 .group         0x0000000000000000        0xc ./Application/User/app_module.o
 .group         0x0000000000000000        0xc ./Application/User/app_module.o
 .group         0x0000000000000000        0xc ./Application/User/app_module.o
 .group         0x0000000000000000        0xc ./Application/User/app_module.o
 .group         0x0000000000000000        0xc ./Application/User/app_module.o
 .group         0x0000000000000000        0xc ./Application/User/app_module.o
 .group         0x0000000000000000        0xc ./Application/User/app_module.o
 .group         0x0000000000000000        0xc ./Application/User/app_module.o
 .group         0x0000000000000000        0xc ./Application/User/app_module.o
 .group         0x0000000000000000        0xc ./Application/User/app_module.o
 .group         0x0000000000000000        0xc ./Application/User/app_module.o
 .group         0x0000000000000000        0xc ./Middlewares/ThreadX/RTOS/ModuleLib/txm_block_allocate.o
 .group         0x0000000000000000        0xc ./Middlewares/ThreadX/RTOS/ModuleLib/txm_block_allocate.o
 .group         0x0000000000000000        0xc ./Middlewares/ThreadX/RTOS/ModuleLib/txm_block_allocate.o
 .group         0x0000000000000000        0xc ./Middlewares/ThreadX/RTOS/ModuleLib/txm_block_allocate.o
 .group         0x0000000000000000        0xc ./Middlewares/ThreadX/RTOS/ModuleLib/txm_block_allocate.o
 .group         0x0000000000000000        0xc ./Middlewares/ThreadX/RTOS/ModuleLib/txm_block_allocate.o
 .group         0x0000000000000000        0xc ./Middlewares/ThreadX/RTOS/ModuleLib/txm_block_allocate.o
 .group         0x0000000000000000        0xc ./Middlewares/ThreadX/RTOS/ModuleLib/txm_block_allocate.o
 .group         0x0000000000000000        0xc ./Middlewares/ThreadX/RTOS/ModuleLib/txm_block_allocate.o
 .group         0x0000000000000000        0xc ./Middlewares/ThreadX/RTOS/ModuleLib/txm_block_allocate.o
 .group         0x0000000000000000        0xc ./Middlewares/ThreadX/RTOS/ModuleLib/txm_block_allocate.o
 .group         0x0000000000000000        0xc ./Middlewares/ThreadX/RTOS/ModuleLib/txm_block_allocate.o
 .group         0x0000000000000000        0xc ./Middlewares/ThreadX/RTOS/ModuleLib/txm_block_allocate.o
 .group         0x0000000000000000        0xc ./Middlewares/ThreadX/RTOS/ModuleLib/txm_block_allocate.o
 .group         0x0000000000000000        0xc ./Middlewares/ThreadX/RTOS/ModuleLib/txm_block_allocate.o
 .group         0x0000000000000000        0xc ./Middlewares/ThreadX/RTOS/ModuleLib/txm_block_allocate.o
 .group         0x0000000000000000        0xc ./Middlewares/ThreadX/RTOS/ModuleLib/txm_block_allocate.o
 .group         0x0000000000000000        0xc ./Middlewares/ThreadX/RTOS/ModuleLib/txm_block_allocate.o
 .group         0x0000000000000000        0xc ./Middlewares/ThreadX/RTOS/ModuleLib/txm_block_allocate.o
 .group         0x0000000000000000        0xc ./Middlewares/ThreadX/RTOS/ModuleLib/txm_block_allocate.o
 .group         0x0000000000000000        0xc ./Middlewares/ThreadX/RTOS/ModuleLib/txm_block_allocate.o
 .group         0x0000000000000000        0xc ./Middlewares/ThreadX/RTOS/ModuleLib/txm_block_allocate.o
 .group         0x0000000000000000        0xc ./Middlewares/ThreadX/RTOS/ModuleLib/txm_block_allocate.o
 .group         0x0000000000000000        0xc ./Middlewares/ThreadX/RTOS/ModuleLib/txm_block_allocate.o
 .group         0x0000000000000000        0xc ./Middlewares/ThreadX/RTOS/ModuleLib/txm_block_allocate.o
[...]
Memory Configuration

Name             Origin             Length             Attributes
FLASH            0x0000000008020000 0x00000000000e0000 xr
RAM              0x0000000020020000 0x0000000000010000 xw
*default*        0x0000000000000000 0xffffffffffffffff

Linker script and memory map

LOAD ./Application/Startup/gcc_setup.o
LOAD ./Application/Startup/txm_module_preamble.o
LOAD ./Application/User/app_module.o
LOAD ./Middlewares/ThreadX/RTOS/ModuleLib/txm_block_allocate.o
LOAD ./Middlewares/ThreadX/RTOS/ModuleLib/txm_block_pool_create.o
LOAD ./Middlewares/ThreadX/RTOS/ModuleLib/txm_block_pool_delete.o
LOAD ./Middlewares/ThreadX/RTOS/ModuleLib/txm_block_pool_info_get.o
LOAD ./Middlewares/ThreadX/RTOS/ModuleLib/txm_block_pool_performance_info_get.o
LOAD ./Middlewares/ThreadX/RTOS/ModuleLib/txm_block_pool_performance_system_info_get.o
LOAD ./Middlewares/ThreadX/RTOS/ModuleLib/txm_block_pool_prioritize.o
LOAD ./Middlewares/ThreadX/RTOS/ModuleLib/txm_block_release.o
LOAD ./Middlewares/ThreadX/RTOS/ModuleLib/txm_byte_allocate.o
LOAD ./Middlewares/ThreadX/RTOS/ModuleLib/txm_byte_pool_create.o
LOAD ./Middlewares/ThreadX/RTOS/ModuleLib/txm_byte_pool_delete.o
LOAD ./Middlewares/ThreadX/RTOS/ModuleLib/txm_byte_pool_info_get.o
LOAD ./Middlewares/ThreadX/RTOS/ModuleLib/txm_byte_pool_performance_info_get.o
LOAD ./Middlewares/ThreadX/RTOS/ModuleLib/txm_byte_pool_performance_system_info_get.o
LOAD ./Middlewares/ThreadX/RTOS/ModuleLib/txm_byte_pool_prioritize.o
LOAD ./Middlewares/ThreadX/RTOS/ModuleLib/txm_byte_release.o
LOAD ./Middlewares/ThreadX/RTOS/ModuleLib/txm_event_flags_create.o
LOAD ./Middlewares/ThreadX/RTOS/ModuleLib/txm_event_flags_delete.o
LOAD ./Middlewares/ThreadX/RTOS/ModuleLib/txm_event_flags_get.o
LOAD ./Middlewares/ThreadX/RTOS/ModuleLib/txm_event_flags_info_get.o
LOAD ./Middlewares/ThreadX/RTOS/ModuleLib/txm_event_flags_performance_info_get.o
LOAD ./Middlewares/ThreadX/RTOS/ModuleLib/txm_event_flags_performance_system_info_get.o
LOAD ./Middlewares/ThreadX/RTOS/ModuleLib/txm_event_flags_set.o
LOAD ./Middlewares/ThreadX/RTOS/ModuleLib/txm_event_flags_set_notify.o
LOAD ./Middlewares/ThreadX/RTOS/ModuleLib/txm_module_application_request.o
LOAD ./Middlewares/ThreadX/RTOS/ModuleLib/txm_module_callback_request_thread_entry.o
LOAD ./Middlewares/ThreadX/RTOS/ModuleLib/txm_module_object_allocate.o
LOAD ./Middlewares/ThreadX/RTOS/ModuleLib/txm_module_object_deallocate.o
LOAD ./Middlewares/ThreadX/RTOS/ModuleLib/txm_module_object_pointer_get.o
LOAD ./Middlewares/ThreadX/RTOS/ModuleLib/txm_module_object_pointer_get_extended.o
LOAD ./Middlewares/ThreadX/RTOS/ModuleLib/txm_module_thread_shell_entry.o
LOAD ./Middlewares/ThreadX/RTOS/ModuleLib/txm_module_thread_system_suspend.o
LOAD ./Middlewares/ThreadX/RTOS/ModuleLib/txm_mutex_create.o
LOAD ./Middlewares/ThreadX/RTOS/ModuleLib/txm_mutex_delete.o
LOAD ./Middlewares/ThreadX/RTOS/ModuleLib/txm_mutex_get.o
LOAD ./Middlewares/ThreadX/RTOS/ModuleLib/txm_mutex_info_get.o
LOAD ./Middlewares/ThreadX/RTOS/ModuleLib/txm_mutex_performance_info_get.o
LOAD ./Middlewares/ThreadX/RTOS/ModuleLib/txm_mutex_performance_system_info_get.o
LOAD ./Middlewares/ThreadX/RTOS/ModuleLib/txm_mutex_prioritize.o
LOAD ./Middlewares/ThreadX/RTOS/ModuleLib/txm_mutex_put.o
LOAD ./Middlewares/ThreadX/RTOS/ModuleLib/txm_queue_create.o
LOAD ./Middlewares/ThreadX/RTOS/ModuleLib/txm_queue_delete.o
LOAD ./Middlewares/ThreadX/RTOS/ModuleLib/txm_queue_flush.o
LOAD ./Middlewares/ThreadX/RTOS/ModuleLib/txm_queue_front_send.o
LOAD ./Middlewares/ThreadX/RTOS/ModuleLib/txm_queue_info_get.o
LOAD ./Middlewares/ThreadX/RTOS/ModuleLib/txm_queue_performance_info_get.o
LOAD ./Middlewares/ThreadX/RTOS/ModuleLib/txm_queue_performance_system_info_get.o
LOAD ./Middlewares/ThreadX/RTOS/ModuleLib/txm_queue_prioritize.o
LOAD ./Middlewares/ThreadX/RTOS/ModuleLib/txm_queue_receive.o
LOAD ./Middlewares/ThreadX/RTOS/ModuleLib/txm_queue_send.o
LOAD ./Middlewares/ThreadX/RTOS/ModuleLib/txm_queue_send_notify.o
LOAD ./Middlewares/ThreadX/RTOS/ModuleLib/txm_semaphore_ceiling_put.o
LOAD ./Middlewares/ThreadX/RTOS/ModuleLib/txm_semaphore_create.o
LOAD ./Middlewares/ThreadX/RTOS/ModuleLib/txm_semaphore_delete.o
LOAD ./Middlewares/ThreadX/RTOS/ModuleLib/txm_semaphore_get.o
LOAD ./Middlewares/ThreadX/RTOS/ModuleLib/txm_semaphore_info_get.o
LOAD ./Middlewares/ThreadX/RTOS/ModuleLib/txm_semaphore_performance_info_get.o
LOAD ./Middlewares/ThreadX/RTOS/ModuleLib/txm_semaphore_performance_system_info_get.o
LOAD ./Middlewares/ThreadX/RTOS/ModuleLib/txm_semaphore_prioritize.o
LOAD ./Middlewares/ThreadX/RTOS/ModuleLib/txm_semaphore_put.o
LOAD ./Middlewares/ThreadX/RTOS/ModuleLib/txm_semaphore_put_notify.o
LOAD ./Middlewares/ThreadX/RTOS/ModuleLib/txm_thread_create.o
LOAD ./Middlewares/ThreadX/RTOS/ModuleLib/txm_thread_delete.o
LOAD ./Middlewares/ThreadX/RTOS/ModuleLib/txm_thread_entry_exit_notify.o
LOAD ./Middlewares/ThreadX/RTOS/ModuleLib/txm_thread_identify.o
LOAD ./Middlewares/ThreadX/RTOS/ModuleLib/txm_thread_info_get.o
LOAD ./Middlewares/ThreadX/RTOS/ModuleLib/txm_thread_interrupt_control.o
LOAD ./Middlewares/ThreadX/RTOS/ModuleLib/txm_thread_performance_info_get.o
LOAD ./Middlewares/ThreadX/RTOS/ModuleLib/txm_thread_performance_system_info_get.o
LOAD ./Middlewares/ThreadX/RTOS/ModuleLib/txm_thread_preemption_change.o
LOAD ./Middlewares/ThreadX/RTOS/ModuleLib/txm_thread_priority_change.o
LOAD ./Middlewares/ThreadX/RTOS/ModuleLib/txm_thread_relinquish.o
LOAD ./Middlewares/ThreadX/RTOS/ModuleLib/txm_thread_reset.o
LOAD ./Middlewares/ThreadX/RTOS/ModuleLib/txm_thread_resume.o
LOAD ./Middlewares/ThreadX/RTOS/ModuleLib/txm_thread_sleep.o
LOAD ./Middlewares/ThreadX/RTOS/ModuleLib/txm_thread_stack_error_notify.o
LOAD ./Middlewares/ThreadX/RTOS/ModuleLib/txm_thread_suspend.o
LOAD ./Middlewares/ThreadX/RTOS/ModuleLib/txm_thread_terminate.o
LOAD ./Middlewares/ThreadX/RTOS/ModuleLib/txm_thread_time_slice_change.o
LOAD ./Middlewares/ThreadX/RTOS/ModuleLib/txm_thread_wait_abort.o
LOAD ./Middlewares/ThreadX/RTOS/ModuleLib/txm_time_get.o
LOAD ./Middlewares/ThreadX/RTOS/ModuleLib/txm_time_set.o
LOAD ./Middlewares/ThreadX/RTOS/ModuleLib/txm_timer_activate.o
LOAD ./Middlewares/ThreadX/RTOS/ModuleLib/txm_timer_change.o
LOAD ./Middlewares/ThreadX/RTOS/ModuleLib/txm_timer_create.o
LOAD ./Middlewares/ThreadX/RTOS/ModuleLib/txm_timer_deactivate.o
LOAD ./Middlewares/ThreadX/RTOS/ModuleLib/txm_timer_delete.o
LOAD ./Middlewares/ThreadX/RTOS/ModuleLib/txm_timer_info_get.o
LOAD ./Middlewares/ThreadX/RTOS/ModuleLib/txm_timer_performance_info_get.o
LOAD ./Middlewares/ThreadX/RTOS/ModuleLib/txm_timer_performance_system_info_get.o
LOAD ./Middlewares/ThreadX/RTOS/ModuleLib/txm_trace_buffer_full_notify.o
LOAD ./Middlewares/ThreadX/RTOS/ModuleLib/txm_trace_disable.o
LOAD ./Middlewares/ThreadX/RTOS/ModuleLib/txm_trace_enable.o
LOAD ./Middlewares/ThreadX/RTOS/ModuleLib/txm_trace_event_filter.o
LOAD ./Middlewares/ThreadX/RTOS/ModuleLib/txm_trace_event_unfilter.o
LOAD ./Middlewares/ThreadX/RTOS/ModuleLib/txm_trace_interrupt_control.o
LOAD ./Middlewares/ThreadX/RTOS/ModuleLib/txm_trace_isr_enter_insert.o
LOAD ./Middlewares/ThreadX/RTOS/ModuleLib/txm_trace_isr_exit_insert.o
LOAD ./Middlewares/ThreadX/RTOS/ModuleLib/txm_trace_user_event_insert.o
START GROUP
LOAD /Applications/STM32CubeIDE.app/Contents/Eclipse/plugins/com.st.stm32cube.ide.mcu.externaltools.gnu-tools-for-stm32.11.3.rel1.macos64_1.1.0.202305231506/tools/bin/../lib/gcc/arm-none-eabi/11.3.1/../../../../arm-none-eabi/lib/thumb/v8-m.main+fp/hard/libc_nano.a
LOAD /Applications/STM32CubeIDE.app/Contents/Eclipse/plugins/com.st.stm32cube.ide.mcu.externaltools.gnu-tools-for-stm32.11.3.rel1.macos64_1.1.0.202305231506/tools/bin/../lib/gcc/arm-none-eabi/11.3.1/../../../../arm-none-eabi/lib/thumb/v8-m.main+fp/hard/libm.a
END GROUP
                0x0000000008020000                __FLASH_segment_start__ = 0x8020000
                0x00000000080fffff                __FLASH_segment_end__ = 0x80fffff
                0x0000000020020000                __RAM_segment_start__ = 0x20020000
                0x000000002002ffff                __RAM_segment_end__ = 0x2002ffff
                0x0000000000000040                __HEAPSIZE__ = 0x40
                0x0000000008020000                __preamble_load_start__ = __FLASH_segment_start__

.preamble       0x0000000008020000       0xa6
                0x0000000008020000                __preamble_start__ = .
 *preamble*()
 .text          0x0000000008020000       0x80 ./Application/Startup/txm_module_preamble.o
                0x0000000008020000                __txm_module_preamble
 .data          0x0000000008020080        0x0 ./Application/Startup/txm_module_preamble.o
 .bss           0x0000000008020080        0x0 ./Application/Startup/txm_module_preamble.o
 .ARM.attributes
                0x0000000008020080       0x26 ./Application/Startup/txm_module_preamble.o
                0x00000000080200a6                __preamble_end__ = (__preamble_start__ + SIZEOF (.preamble))
                0x00000000080200a8                __dynsym_load_start__ = ALIGN (__preamble_end__, 0x4)

.dynsym         0x00000000080200a8        0x0
                0x00000000080200a8                . = ALIGN (0x4)
 *(.dynsym)
 *(.dynsym*)
                0x00000000080200a8                . = ALIGN (0x4)
                0x00000000080200a8                __dynsym_end__ = (__dynsym_load_start__ + SIZEOF (.dynsym))
                0x00000000080200a8                __dynstr_load_start__ = ALIGN (__dynsym_end__, 0x4)

.dynstr         0x00000000080200a8        0x0
                0x00000000080200a8                . = ALIGN (0x4)
 *(.dynstr)
 *(.dynstr*)
                0x00000000080200a8                . = ALIGN (0x4)
                0x00000000080200a8                __dynstr_end__ = (__dynstr_load_start__ + SIZEOF (.dynstr))
                0x00000000080200a8                __reldyn_load_start__ = ALIGN (__dynstr_end__, 0x4)

.rel.dyn        0x00000000080200a8        0x0
                0x00000000080200a8                . = ALIGN (0x4)
 *(.rel.dyn)
 *(.rel.dyn*)
                0x00000000080200a8                . = ALIGN (0x4)
 .rel.iplt      0x00000000080200a8        0x0 ./Application/Startup/gcc_setup.o
 .rel.got       0x00000000080200a8        0x0 ./Application/Startup/gcc_setup.o
                0x00000000080200a8                __reldyn_end__ = (__reldyn_load_start__ + SIZEOF (.rel.dyn))
                0x00000000080200a8                __relplt_load_start__ = ALIGN (__reldyn_end__, 0x4)

.rel.plt        0x00000000080200a8        0x0
                0x00000000080200a8                . = ALIGN (0x4)
 *(.rel.plt)
 *(.rel.plt*)
                0x00000000080200a8                . = ALIGN (0x4)
                0x00000000080200a8                __relplt_end__ = (__relplt_load_start__ + SIZEOF (.rel.plt))
                0x00000000080200a8                __plt_load_start__ = ALIGN (__relplt_end__, 0x4)

.plt            0x00000000080200a8        0x0
                0x00000000080200a8                . = ALIGN (0x4)
 *(.plt)
 *(.plt*)
                0x00000000080200a8                . = ALIGN (0x4)
                0x00000000080200a8                __plt_end__ = (__plt_load_start__ + SIZEOF (.plt))
                0x00000000080200a8                __interp_load_start__ = ALIGN (__plt_end__, 0x4)

.interp         0x00000000080200a8        0x0
                0x00000000080200a8                . = ALIGN (0x4)
 *(.interp)
 *(.interp*)
                0x00000000080200a8                . = ALIGN (0x4)
                0x00000000080200a8                __interp_end__ = (__interp_load_start__ + SIZEOF (.interp))
                0x00000000080200a8                __hash_load_start__ = ALIGN (__interp_end__, 0x4)

.hash           0x00000000080200a8        0x0
                0x00000000080200a8                . = ALIGN (0x4)
 *(.hash)
 *(.hash*)
                0x00000000080200a8                . = ALIGN (0x4)
                0x00000000080200a8                __hash_end__ = (__hash_load_start__ + SIZEOF (.hash))
                0x00000000080200a8                __text_load_start__ = ALIGN (__hash_end__, 0x4)

.text           0x00000000080200a8     0x1994
                0x00000000080200a8                __text_start__ = .
 *(.text .text.* .glue_7t .glue_7 .gnu.linkonce.t.* .gcc_except_table)
 .glue_7        0x00000000080200a8        0x0 linker stubs
 .glue_7t       0x00000000080200a8        0x0 linker stubs
 *fill*         0x00000000080200a8        0x8 
 .text          0x00000000080200b0       0xe8 ./Application/Startup/gcc_setup.o
                0x00000000080200b0                _gcc_setup
 .text          0x0000000008020198      0x320 ./Application/User/app_module.o
                0x0000000008020198                default_module_start
                0x00000000080202ac                MainThread_Entry
                0x0000000008020494                Error_Handler
                0x00000000080204a4                MaliciousTimerFunction
 .text          0x00000000080204b8       0x30 ./Middlewares/ThreadX/RTOS/ModuleLib/txm_block_allocate.o
                0x00000000080204b8                _txe_block_allocate
 .text          0x00000000080204e8       0x44 ./Middlewares/ThreadX/RTOS/ModuleLib/txm_block_pool_create.o
                0x00000000080204e8                _txe_block_pool_create
 .text          0x000000000802052c       0x2c ./Middlewares/ThreadX/RTOS/ModuleLib/txm_block_pool_delete.o
                0x000000000802052c                _txe_block_pool_delete
 .text          0x0000000008020558       0x48 ./Middlewares/ThreadX/RTOS/ModuleLib/txm_block_pool_info_get.o
                0x0000000008020558                _txe_block_pool_info_get
 .text          0x00000000080205a0       0x40 ./Middlewares/ThreadX/RTOS/ModuleLib/txm_block_pool_performance_info_get.o
                0x00000000080205a0                _tx_block_pool_performance_info_get
 .text          0x00000000080205e0       0x3c ./Middlewares/ThreadX/RTOS/ModuleLib/txm_block_pool_performance_system_info_get.o
                0x00000000080205e0                _tx_block_pool_performance_system_info_get
 .text          0x000000000802061c       0x2c ./Middlewares/ThreadX/RTOS/ModuleLib/txm_block_pool_prioritize.o
                0x000000000802061c                _txe_block_pool_prioritize
 .text          0x0000000008020648       0x2c ./Middlewares/ThreadX/RTOS/ModuleLib/txm_block_release.o
                0x0000000008020648                _txe_block_release
 .text          0x0000000008020674       0x3c ./Middlewares/ThreadX/RTOS/ModuleLib/txm_byte_allocate.o
                0x0000000008020674                _txe_byte_allocate
 .text          0x00000000080206b0       0x40 ./Middlewares/ThreadX/RTOS/ModuleLib/txm_byte_pool_create.o
                0x00000000080206b0                _txe_byte_pool_create
 .text          0x00000000080206f0       0x2c ./Middlewares/ThreadX/RTOS/ModuleLib/txm_byte_pool_delete.o
                0x00000000080206f0                _txe_byte_pool_delete
 .text          0x000000000802071c       0x48 ./Middlewares/ThreadX/RTOS/ModuleLib/txm_byte_pool_info_get.o
                0x000000000802071c                _txe_byte_pool_info_get
 .text          0x0000000008020764       0x4c ./Middlewares/ThreadX/RTOS/ModuleLib/txm_byte_pool_performance_info_get.o
                0x0000000008020764                _tx_byte_pool_performance_info_get
 .text          0x00000000080207b0       0x48 ./Middlewares/ThreadX/RTOS/ModuleLib/txm_byte_pool_performance_system_info_get.o
                0x00000000080207b0                _tx_byte_pool_performance_system_info_get
 .text          0x00000000080207f8       0x2c ./Middlewares/ThreadX/RTOS/ModuleLib/txm_byte_pool_prioritize.o
                0x00000000080207f8                _txe_byte_pool_prioritize
 .text          0x0000000008020824       0x2c ./Middlewares/ThreadX/RTOS/ModuleLib/txm_byte_release.o
                0x0000000008020824                _txe_byte_release
 .text          0x0000000008020850       0x30 ./Middlewares/ThreadX/RTOS/ModuleLib/txm_event_flags_create.o
                0x0000000008020850                _txe_event_flags_create
 .text          0x0000000008020880       0x2c ./Middlewares/ThreadX/RTOS/ModuleLib/txm_event_flags_delete.o
                0x0000000008020880                _txe_event_flags_delete
 .text          0x00000000080208ac       0x40 ./Middlewares/ThreadX/RTOS/ModuleLib/txm_event_flags_get.o
                0x00000000080208ac                _txe_event_flags_get
 .text          0x00000000080208ec       0x44 ./Middlewares/ThreadX/RTOS/ModuleLib/txm_event_flags_info_get.o
                0x00000000080208ec                _txe_event_flags_info_get
 .text          0x0000000008020930       0x40 ./Middlewares/ThreadX/RTOS/ModuleLib/txm_event_flags_performance_info_get.o
                0x0000000008020930                _tx_event_flags_performance_info_get
 .text          0x0000000008020970       0x3c ./Middlewares/ThreadX/RTOS/ModuleLib/txm_event_flags_performance_system_info_get.o
                0x0000000008020970                _tx_event_flags_performance_system_info_get
 .text          0x00000000080209ac       0x30 ./Middlewares/ThreadX/RTOS/ModuleLib/txm_event_flags_set.o
                0x00000000080209ac                _txe_event_flags_set
 .text          0x00000000080209dc       0x2c ./Middlewares/ThreadX/RTOS/ModuleLib/txm_event_flags_set_notify.o
                0x00000000080209dc                _txe_event_flags_set_notify
 .text          0x0000000008020a08       0x34 ./Middlewares/ThreadX/RTOS/ModuleLib/txm_module_application_request.o
                0x0000000008020a08                _txm_module_application_request
 .text          0x0000000008020a3c       0xc4 ./Middlewares/ThreadX/RTOS/ModuleLib/txm_module_callback_request_thread_entry.o
                0x0000000008020a3c                _txm_module_callback_request_thread_entry
 .text          0x0000000008020b00       0x2c ./Middlewares/ThreadX/RTOS/ModuleLib/txm_module_object_allocate.o
                0x0000000008020b00                _txm_module_object_allocate
 .text          0x0000000008020b2c       0x2c ./Middlewares/ThreadX/RTOS/ModuleLib/txm_module_object_deallocate.o
                0x0000000008020b2c                _txm_module_object_deallocate
 .text          0x0000000008020b58       0x30 ./Middlewares/ThreadX/RTOS/ModuleLib/txm_module_object_pointer_get.o
                0x0000000008020b58                _txm_module_object_pointer_get
 .text          0x0000000008020b88       0x3c ./Middlewares/ThreadX/RTOS/ModuleLib/txm_module_object_pointer_get_extended.o
                0x0000000008020b88                _txm_module_object_pointer_get_extended
 .text          0x0000000008020bc4       0x94 ./Middlewares/ThreadX/RTOS/ModuleLib/txm_module_thread_shell_entry.o
                0x0000000008020bc4                _txm_module_thread_shell_entry
 .text          0x0000000008020c58       0x2c ./Middlewares/ThreadX/RTOS/ModuleLib/txm_module_thread_system_suspend.o
                0x0000000008020c58                _txm_module_thread_system_suspend
 .text          0x0000000008020c84       0x3c ./Middlewares/ThreadX/RTOS/ModuleLib/txm_mutex_create.o
                0x0000000008020c84                _txe_mutex_create
 .text          0x0000000008020cc0       0x2c ./Middlewares/ThreadX/RTOS/ModuleLib/txm_mutex_delete.o
                0x0000000008020cc0                _txe_mutex_delete
 .text          0x0000000008020cec       0x2c ./Middlewares/ThreadX/RTOS/ModuleLib/txm_mutex_get.o
                0x0000000008020cec                _txe_mutex_get
 .text          0x0000000008020d18       0x48 ./Middlewares/ThreadX/RTOS/ModuleLib/txm_mutex_info_get.o
                0x0000000008020d18                _txe_mutex_info_get
 .text          0x0000000008020d60       0x48 ./Middlewares/ThreadX/RTOS/ModuleLib/txm_mutex_performance_info_get.o
                0x0000000008020d60                _tx_mutex_performance_info_get
 .text          0x0000000008020da8       0x44 ./Middlewares/ThreadX/RTOS/ModuleLib/txm_mutex_performance_system_info_get.o
                0x0000000008020da8                _tx_mutex_performance_system_info_get
 .text          0x0000000008020dec       0x2c ./Middlewares/ThreadX/RTOS/ModuleLib/txm_mutex_prioritize.o
                0x0000000008020dec                _txe_mutex_prioritize
 .text          0x0000000008020e18       0x2c ./Middlewares/ThreadX/RTOS/ModuleLib/txm_mutex_put.o
                0x0000000008020e18                _txe_mutex_put
 .text          0x0000000008020e44       0x44 ./Middlewares/ThreadX/RTOS/ModuleLib/txm_queue_create.o
                0x0000000008020e44                _txe_queue_create
 .text          0x0000000008020e88       0x2c ./Middlewares/ThreadX/RTOS/ModuleLib/txm_queue_delete.o
                0x0000000008020e88                _txe_queue_delete
 .text          0x0000000008020eb4       0x2c ./Middlewares/ThreadX/RTOS/ModuleLib/txm_queue_flush.o
                0x0000000008020eb4                _txe_queue_flush
 .text          0x0000000008020ee0       0x30 ./Middlewares/ThreadX/RTOS/ModuleLib/txm_queue_front_send.o
                0x0000000008020ee0                _txe_queue_front_send
 .text          0x0000000008020f10       0x48 ./Middlewares/ThreadX/RTOS/ModuleLib/txm_queue_info_get.o
                0x0000000008020f10                _txe_queue_info_get
 .text          0x0000000008020f58       0x48 ./Middlewares/ThreadX/RTOS/ModuleLib/txm_queue_performance_info_get.o
                0x0000000008020f58                _tx_queue_performance_info_get
 .text          0x0000000008020fa0       0x44 ./Middlewares/ThreadX/RTOS/ModuleLib/txm_queue_performance_system_info_get.o
                0x0000000008020fa0                _tx_queue_performance_system_info_get
 .text          0x0000000008020fe4       0x2c ./Middlewares/ThreadX/RTOS/ModuleLib/txm_queue_prioritize.o
                0x0000000008020fe4                _txe_queue_prioritize
 .text          0x0000000008021010       0x30 ./Middlewares/ThreadX/RTOS/ModuleLib/txm_queue_receive.o
                0x0000000008021010                _txe_queue_receive
 .text          0x0000000008021040       0x30 ./Middlewares/ThreadX/RTOS/ModuleLib/txm_queue_send.o
                0x0000000008021040                _txe_queue_send
 .text          0x0000000008021070       0x2c ./Middlewares/ThreadX/RTOS/ModuleLib/txm_queue_send_notify.o
                0x0000000008021070                _txe_queue_send_notify
 .text          0x000000000802109c       0x2c ./Middlewares/ThreadX/RTOS/ModuleLib/txm_semaphore_ceiling_put.o
                0x000000000802109c                _txe_semaphore_ceiling_put
 .text          0x00000000080210c8       0x3c ./Middlewares/ThreadX/RTOS/ModuleLib/txm_semaphore_create.o
                0x00000000080210c8                _txe_semaphore_create
 .text          0x0000000008021104       0x2c ./Middlewares/ThreadX/RTOS/ModuleLib/txm_semaphore_delete.o
                0x0000000008021104                _txe_semaphore_delete
 .text          0x0000000008021130       0x2c ./Middlewares/ThreadX/RTOS/ModuleLib/txm_semaphore_get.o
                0x0000000008021130                _txe_semaphore_get
 .text          0x000000000802115c       0x44 ./Middlewares/ThreadX/RTOS/ModuleLib/txm_semaphore_info_get.o
                0x000000000802115c                _txe_semaphore_info_get
 .text          0x00000000080211a0       0x40 ./Middlewares/ThreadX/RTOS/ModuleLib/txm_semaphore_performance_info_get.o
                0x00000000080211a0                _tx_semaphore_performance_info_get
 .text          0x00000000080211e0       0x3c ./Middlewares/ThreadX/RTOS/ModuleLib/txm_semaphore_performance_system_info_get.o
                0x00000000080211e0                _tx_semaphore_performance_system_info_get
 .text          0x000000000802121c       0x2c ./Middlewares/ThreadX/RTOS/ModuleLib/txm_semaphore_prioritize.o
                0x000000000802121c                _txe_semaphore_prioritize
 .text          0x0000000008021248       0x2c ./Middlewares/ThreadX/RTOS/ModuleLib/txm_semaphore_put.o
                0x0000000008021248                _txe_semaphore_put
 .text          0x0000000008021274       0x2c ./Middlewares/ThreadX/RTOS/ModuleLib/txm_semaphore_put_notify.o
                0x0000000008021274                _txe_semaphore_put_notify
 .text          0x00000000080212a0       0x58 ./Middlewares/ThreadX/RTOS/ModuleLib/txm_thread_create.o
                0x00000000080212a0                _txe_thread_create
 .text          0x00000000080212f8       0x2c ./Middlewares/ThreadX/RTOS/ModuleLib/txm_thread_delete.o
                0x00000000080212f8                _txe_thread_delete
 .text          0x0000000008021324       0x2c ./Middlewares/ThreadX/RTOS/ModuleLib/txm_thread_entry_exit_notify.o
                0x0000000008021324                _txe_thread_entry_exit_notify
 .text          0x0000000008021350       0x2c ./Middlewares/ThreadX/RTOS/ModuleLib/txm_thread_identify.o
                0x0000000008021350                _tx_thread_identify
 .text          0x000000000802137c       0x50 ./Middlewares/ThreadX/RTOS/ModuleLib/txm_thread_info_get.o
                0x000000000802137c                _txe_thread_info_get
 .text          0x00000000080213cc       0x2c ./Middlewares/ThreadX/RTOS/ModuleLib/txm_thread_interrupt_control.o
                0x00000000080213cc                _tx_thread_interrupt_control
 .text          0x00000000080213f8       0x58 ./Middlewares/ThreadX/RTOS/ModuleLib/txm_thread_performance_info_get.o
                0x00000000080213f8                _tx_thread_performance_info_get
 .text          0x0000000008021450       0x58 ./Middlewares/ThreadX/RTOS/ModuleLib/txm_thread_performance_system_info_get.o
                0x0000000008021450                _tx_thread_performance_system_info_get
 .text          0x00000000080214a8       0x30 ./Middlewares/ThreadX/RTOS/ModuleLib/txm_thread_preemption_change.o
                0x00000000080214a8                _txe_thread_preemption_change
 .text          0x00000000080214d8       0x30 ./Middlewares/ThreadX/RTOS/ModuleLib/txm_thread_priority_change.o
                0x00000000080214d8                _txe_thread_priority_change
 .text          0x0000000008021508       0x20 ./Middlewares/ThreadX/RTOS/ModuleLib/txm_thread_relinquish.o
                0x0000000008021508                _txe_thread_relinquish
 .text          0x0000000008021528       0x2c ./Middlewares/ThreadX/RTOS/ModuleLib/txm_thread_reset.o
                0x0000000008021528                _txe_thread_reset
 .text          0x0000000008021554       0x2c ./Middlewares/ThreadX/RTOS/ModuleLib/txm_thread_resume.o
                0x0000000008021554                _txe_thread_resume
 .text          0x0000000008021580       0x2c ./Middlewares/ThreadX/RTOS/ModuleLib/txm_thread_sleep.o
                0x0000000008021580                _tx_thread_sleep
 .text          0x00000000080215ac       0x2c ./Middlewares/ThreadX/RTOS/ModuleLib/txm_thread_stack_error_notify.o
                0x00000000080215ac                _tx_thread_stack_error_notify
 .text          0x00000000080215d8       0x2c ./Middlewares/ThreadX/RTOS/ModuleLib/txm_thread_suspend.o
                0x00000000080215d8                _txe_thread_suspend
 .text          0x0000000008021604       0x2c ./Middlewares/ThreadX/RTOS/ModuleLib/txm_thread_terminate.o
                0x0000000008021604                _txe_thread_terminate
 .text          0x0000000008021630       0x30 ./Middlewares/ThreadX/RTOS/ModuleLib/txm_thread_time_slice_change.o
                0x0000000008021630                _txe_thread_time_slice_change
 .text          0x0000000008021660       0x2c ./Middlewares/ThreadX/RTOS/ModuleLib/txm_thread_wait_abort.o
                0x0000000008021660                _txe_thread_wait_abort
 .text          0x000000000802168c       0x28 ./Middlewares/ThreadX/RTOS/ModuleLib/txm_time_get.o
                0x000000000802168c                _tx_time_get
 .text          0x00000000080216b4       0x28 ./Middlewares/ThreadX/RTOS/ModuleLib/txm_time_set.o
                0x00000000080216b4                _tx_time_set
 .text          0x00000000080216dc       0x2c ./Middlewares/ThreadX/RTOS/ModuleLib/txm_timer_activate.o
                0x00000000080216dc                _txe_timer_activate
 .text          0x0000000008021708       0x30 ./Middlewares/ThreadX/RTOS/ModuleLib/txm_timer_change.o
                0x0000000008021708                _txe_timer_change
 .text          0x0000000008021738       0x4c ./Middlewares/ThreadX/RTOS/ModuleLib/txm_timer_create.o
                0x0000000008021738                _txe_timer_create
 .text          0x0000000008021784       0x2c ./Middlewares/ThreadX/RTOS/ModuleLib/txm_timer_deactivate.o
                0x0000000008021784                _txe_timer_deactivate
 .text          0x00000000080217b0       0x2c ./Middlewares/ThreadX/RTOS/ModuleLib/txm_timer_delete.o
                0x00000000080217b0                _txe_timer_delete
 .text          0x00000000080217dc       0x44 ./Middlewares/ThreadX/RTOS/ModuleLib/txm_timer_info_get.o
                0x00000000080217dc                _txe_timer_info_get
 .text          0x0000000008021820       0x44 ./Middlewares/ThreadX/RTOS/ModuleLib/txm_timer_performance_info_get.o
                0x0000000008021820                _tx_timer_performance_info_get
 .text          0x0000000008021864       0x40 ./Middlewares/ThreadX/RTOS/ModuleLib/txm_timer_performance_system_info_get.o
                0x0000000008021864                _tx_timer_performance_system_info_get
 .text          0x00000000080218a4       0x2c ./Middlewares/ThreadX/RTOS/ModuleLib/txm_trace_buffer_full_notify.o
                0x00000000080218a4                _tx_trace_buffer_full_notify
 .text          0x00000000080218d0       0x28 ./Middlewares/ThreadX/RTOS/ModuleLib/txm_trace_disable.o
                0x00000000080218d0                _tx_trace_disable
 .text          0x00000000080218f8       0x30 ./Middlewares/ThreadX/RTOS/ModuleLib/txm_trace_enable.o
                0x00000000080218f8                _tx_trace_enable
 .text          0x0000000008021928       0x2c ./Middlewares/ThreadX/RTOS/ModuleLib/txm_trace_event_filter.o
                0x0000000008021928                _tx_trace_event_filter
 .text          0x0000000008021954       0x2c ./Middlewares/ThreadX/RTOS/ModuleLib/txm_trace_event_unfilter.o
                0x0000000008021954                _tx_trace_event_unfilter
 .text          0x0000000008021980       0x2c ./Middlewares/ThreadX/RTOS/ModuleLib/txm_trace_interrupt_control.o
                0x0000000008021980                _tx_trace_interrupt_control
 .text          0x00000000080219ac       0x28 ./Middlewares/ThreadX/RTOS/ModuleLib/txm_trace_isr_enter_insert.o
                0x00000000080219ac                _tx_trace_isr_enter_insert
 .text          0x00000000080219d4       0x28 ./Middlewares/ThreadX/RTOS/ModuleLib/txm_trace_isr_exit_insert.o
                0x00000000080219d4                _tx_trace_isr_exit_insert
 .text          0x00000000080219fc       0x40 ./Middlewares/ThreadX/RTOS/ModuleLib/txm_trace_user_event_insert.o
                0x00000000080219fc                _tx_trace_user_event_insert
                0x0000000008021a3c                __text_end__ = (__text_start__ + SIZEOF (.text))
                0x0000000008021a3c                __dtors_load_start__ = ALIGN (__text_end__, 0x4)

.vfp11_veneer   0x0000000008020000        0x0
 .vfp11_veneer  0x0000000008020000        0x0 linker stubs

.v4_bx          0x0000000008020000        0x0
 .v4_bx         0x0000000008020000        0x0 linker stubs

.iplt           0x0000000008020000        0x0
 .iplt          0x0000000008020000        0x0 ./Application/Startup/gcc_setup.o

.dtors          0x0000000008021a3c        0x0
                0x0000000008021a3c                __dtors_start__ = .
 *(SORT_BY_NAME(.dtors.*))
 *(.dtors)
                0x0000000008021a3c                __dtors_end__ = (__dtors_start__ + SIZEOF (.dtors))
                0x0000000008021a3c                __ctors_load_start__ = ALIGN (__dtors_end__, 0x4)

.ctors          0x0000000008021a3c        0x0
                0x0000000008021a3c                __ctors_start__ = .
 *(SORT_BY_NAME(.ctors.*))
 *(.ctors)
                0x0000000008021a3c                __ctors_end__ = (__ctors_start__ + SIZEOF (.ctors))
                0x0000000008021a3c                __got_load_start__ = ALIGN (__ctors_end__, 0x4)

.got            0x0000000008021a3c       0x30
                0x0000000008021a3c                . = ALIGN (0x4)
                0x0000000008021a3c                _sgot = .
 *(.got)
 .got           0x0000000008021a3c       0x24 ./Application/Startup/gcc_setup.o
 *(.got*)
 .got.plt       0x0000000008021a60        0xc ./Application/Startup/gcc_setup.o
                0x0000000008021a60                _GLOBAL_OFFSET_TABLE_
                0x0000000008021a6c                . = ALIGN (0x4)
                0x0000000008021a6c                _egot = .
                0x0000000008021a6c                __got_end__ = (__got_load_start__ + SIZEOF (.got))
                0x0000000008021a6c                __rodata_load_start__ = ALIGN (__got_end__, 0x4)

.rodata         0x0000000008021a6c       0x6f
                0x0000000008021a6c                __rodata_start__ = .
 *(.rodata .rodata.* .gnu.linkonce.r.*)
 .rodata        0x0000000008021a6c       0x6f ./Application/User/app_module.o
                0x0000000008021adb                __rodata_end__ = (__rodata_start__ + SIZEOF (.rodata))
                0x0000000000001adb                __code_size__ = (__rodata_end__ - __FLASH_segment_start__)
                0x0000000008021adc                __fast_load_start__ = ALIGN (__rodata_end__, 0x4)
                0x0000000008021adc                __fast_load_end__ = (__fast_load_start__ + SIZEOF (.fast))
                0x0000000020020000                __new_got_start__ = ALIGN (__RAM_segment_start__, 0x4)
                0x0000000020020030                __new_got_end__ = (__new_got_start__ + SIZEOF (.got))

.fast           0x0000000020020030        0x0 load address 0x0000000008021adc
                0x0000000020020030                __fast_start__ = .
 *(.fast .fast.*)
                0x0000000020020030                __fast_end__ = (__fast_start__ + SIZEOF (.fast))

.fast_run       0x0000000020020030        0x0
                0x0000000020020030                __fast_run_start__ = .
                0x0000000020020030                . = MAX ((__fast_run_start__ + SIZEOF (.fast)), .)
                0x0000000020020030                __fast_run_end__ = (__fast_run_start__ + SIZEOF (.fast_run))
                0x0000000008021adc                __data_load_start__ = ALIGN ((__fast_load_start__ + SIZEOF (.fast)), 0x4)

.data           0x0000000020020030        0x0 load address 0x0000000008021adc
                0x0000000020020030                __data_start__ = .
 *(.data .data.* .gnu.linkonce.d.*)
 .data          0x0000000020020030        0x0 ./Application/Startup/gcc_setup.o
 .data          0x0000000020020030        0x0 ./Application/User/app_module.o
 .data          0x0000000020020030        0x0 ./Middlewares/ThreadX/RTOS/ModuleLib/txm_block_allocate.o
 .data          0x0000000020020030        0x0 ./Middlewares/ThreadX/RTOS/ModuleLib/txm_block_pool_create.o
 .data          0x0000000020020030        0x0 ./Middlewares/ThreadX/RTOS/ModuleLib/txm_block_pool_delete.o
 .data          0x0000000020020030        0x0 ./Middlewares/ThreadX/RTOS/ModuleLib/txm_block_pool_info_get.o
 .data          0x0000000020020030        0x0 ./Middlewares/ThreadX/RTOS/ModuleLib/txm_block_pool_performance_info_get.o
 .data          0x0000000020020030        0x0 ./Middlewares/ThreadX/RTOS/ModuleLib/txm_block_pool_performance_system_info_get.o
 .data          0x0000000020020030        0x0 ./Middlewares/ThreadX/RTOS/ModuleLib/txm_block_pool_prioritize.o
 .data          0x0000000020020030        0x0 ./Middlewares/ThreadX/RTOS/ModuleLib/txm_block_release.o
 .data          0x0000000020020030        0x0 ./Middlewares/ThreadX/RTOS/ModuleLib/txm_byte_allocate.o
 .data          0x0000000020020030        0x0 ./Middlewares/ThreadX/RTOS/ModuleLib/txm_byte_pool_create.o
 .data          0x0000000020020030        0x0 ./Middlewares/ThreadX/RTOS/ModuleLib/txm_byte_pool_delete.o
 .data          0x0000000020020030        0x0 ./Middlewares/ThreadX/RTOS/ModuleLib/txm_byte_pool_info_get.o
 .data          0x0000000020020030        0x0 ./Middlewares/ThreadX/RTOS/ModuleLib/txm_byte_pool_performance_info_get.o
 .data          0x0000000020020030        0x0 ./Middlewares/ThreadX/RTOS/ModuleLib/txm_byte_pool_performance_system_info_get.o
 .data          0x0000000020020030        0x0 ./Middlewares/ThreadX/RTOS/ModuleLib/txm_byte_pool_prioritize.o
 .data          0x0000000020020030        0x0 ./Middlewares/ThreadX/RTOS/ModuleLib/txm_byte_release.o
 .data          0x0000000020020030        0x0 ./Middlewares/ThreadX/RTOS/ModuleLib/txm_event_flags_create.o
 .data          0x0000000020020030        0x0 ./Middlewares/ThreadX/RTOS/ModuleLib/txm_event_flags_delete.o
 .data          0x0000000020020030        0x0 ./Middlewares/ThreadX/RTOS/ModuleLib/txm_event_flags_get.o
 .data          0x0000000020020030        0x0 ./Middlewares/ThreadX/RTOS/ModuleLib/txm_event_flags_info_get.o
 .data          0x0000000020020030        0x0 ./Middlewares/ThreadX/RTOS/ModuleLib/txm_event_flags_performance_info_get.o
 .data          0x0000000020020030        0x0 ./Middlewares/ThreadX/RTOS/ModuleLib/txm_event_flags_performance_system_info_get.o
 .data          0x0000000020020030        0x0 ./Middlewares/ThreadX/RTOS/ModuleLib/txm_event_flags_set.o
 .data          0x0000000020020030        0x0 ./Middlewares/ThreadX/RTOS/ModuleLib/txm_event_flags_set_notify.o
 .data          0x0000000020020030        0x0 ./Middlewares/ThreadX/RTOS/ModuleLib/txm_module_application_request.o
 .data          0x0000000020020030        0x0 ./Middlewares/ThreadX/RTOS/ModuleLib/txm_module_callback_request_thread_entry.o
 .data          0x0000000020020030        0x0 ./Middlewares/ThreadX/RTOS/ModuleLib/txm_module_object_allocate.o
 .data          0x0000000020020030        0x0 ./Middlewares/ThreadX/RTOS/ModuleLib/txm_module_object_deallocate.o
 .data          0x0000000020020030        0x0 ./Middlewares/ThreadX/RTOS/ModuleLib/txm_module_object_pointer_get.o
 .data          0x0000000020020030        0x0 ./Middlewares/ThreadX/RTOS/ModuleLib/txm_module_object_pointer_get_extended.o
 .data          0x0000000020020030        0x0 ./Middlewares/ThreadX/RTOS/ModuleLib/txm_module_thread_shell_entry.o
 .data          0x0000000020020030        0x0 ./Middlewares/ThreadX/RTOS/ModuleLib/txm_module_thread_system_suspend.o
 .data          0x0000000020020030        0x0 ./Middlewares/ThreadX/RTOS/ModuleLib/txm_mutex_create.o
 .data          0x0000000020020030        0x0 ./Middlewares/ThreadX/RTOS/ModuleLib/txm_mutex_delete.o
 .data          0x0000000020020030        0x0 ./Middlewares/ThreadX/RTOS/ModuleLib/txm_mutex_get.o
 .data          0x0000000020020030        0x0 ./Middlewares/ThreadX/RTOS/ModuleLib/txm_mutex_info_get.o
 .data          0x0000000020020030        0x0 ./Middlewares/ThreadX/RTOS/ModuleLib/txm_mutex_performance_info_get.o
 .data          0x0000000020020030        0x0 ./Middlewares/ThreadX/RTOS/ModuleLib/txm_mutex_performance_system_info_get.o
 .data          0x0000000020020030        0x0 ./Middlewares/ThreadX/RTOS/ModuleLib/txm_mutex_prioritize.o
 .data          0x0000000020020030        0x0 ./Middlewares/ThreadX/RTOS/ModuleLib/txm_mutex_put.o
 .data          0x0000000020020030        0x0 ./Middlewares/ThreadX/RTOS/ModuleLib/txm_queue_create.o
 .data          0x0000000020020030        0x0 ./Middlewares/ThreadX/RTOS/ModuleLib/txm_queue_delete.o
 .data          0x0000000020020030        0x0 ./Middlewares/ThreadX/RTOS/ModuleLib/txm_queue_flush.o
 .data          0x0000000020020030        0x0 ./Middlewares/ThreadX/RTOS/ModuleLib/txm_queue_front_send.o
 .data          0x0000000020020030        0x0 ./Middlewares/ThreadX/RTOS/ModuleLib/txm_queue_info_get.o
 .data          0x0000000020020030        0x0 ./Middlewares/ThreadX/RTOS/ModuleLib/txm_queue_performance_info_get.o
 .data          0x0000000020020030        0x0 ./Middlewares/ThreadX/RTOS/ModuleLib/txm_queue_performance_system_info_get.o
 .data          0x0000000020020030        0x0 ./Middlewares/ThreadX/RTOS/ModuleLib/txm_queue_prioritize.o
 .data          0x0000000020020030        0x0 ./Middlewares/ThreadX/RTOS/ModuleLib/txm_queue_receive.o
 .data          0x0000000020020030        0x0 ./Middlewares/ThreadX/RTOS/ModuleLib/txm_queue_send.o
 .data          0x0000000020020030        0x0 ./Middlewares/ThreadX/RTOS/ModuleLib/txm_queue_send_notify.o
 .data          0x0000000020020030        0x0 ./Middlewares/ThreadX/RTOS/ModuleLib/txm_semaphore_ceiling_put.o
 .data          0x0000000020020030        0x0 ./Middlewares/ThreadX/RTOS/ModuleLib/txm_semaphore_create.o
 .data          0x0000000020020030        0x0 ./Middlewares/ThreadX/RTOS/ModuleLib/txm_semaphore_delete.o
 .data          0x0000000020020030        0x0 ./Middlewares/ThreadX/RTOS/ModuleLib/txm_semaphore_get.o
 .data          0x0000000020020030        0x0 ./Middlewares/ThreadX/RTOS/ModuleLib/txm_semaphore_info_get.o
 .data          0x0000000020020030        0x0 ./Middlewares/ThreadX/RTOS/ModuleLib/txm_semaphore_performance_info_get.o
 .data          0x0000000020020030        0x0 ./Middlewares/ThreadX/RTOS/ModuleLib/txm_semaphore_performance_system_info_get.o
 .data          0x0000000020020030        0x0 ./Middlewares/ThreadX/RTOS/ModuleLib/txm_semaphore_prioritize.o
 .data          0x0000000020020030        0x0 ./Middlewares/ThreadX/RTOS/ModuleLib/txm_semaphore_put.o
 .data          0x0000000020020030        0x0 ./Middlewares/ThreadX/RTOS/ModuleLib/txm_semaphore_put_notify.o
 .data          0x0000000020020030        0x0 ./Middlewares/ThreadX/RTOS/ModuleLib/txm_thread_create.o
 .data          0x0000000020020030        0x0 ./Middlewares/ThreadX/RTOS/ModuleLib/txm_thread_delete.o
 .data          0x0000000020020030        0x0 ./Middlewares/ThreadX/RTOS/ModuleLib/txm_thread_entry_exit_notify.o
 .data          0x0000000020020030        0x0 ./Middlewares/ThreadX/RTOS/ModuleLib/txm_thread_identify.o
 .data          0x0000000020020030        0x0 ./Middlewares/ThreadX/RTOS/ModuleLib/txm_thread_info_get.o
 .data          0x0000000020020030        0x0 ./Middlewares/ThreadX/RTOS/ModuleLib/txm_thread_interrupt_control.o
 .data          0x0000000020020030        0x0 ./Middlewares/ThreadX/RTOS/ModuleLib/txm_thread_performance_info_get.o
 .data          0x0000000020020030        0x0 ./Middlewares/ThreadX/RTOS/ModuleLib/txm_thread_performance_system_info_get.o
 .data          0x0000000020020030        0x0 ./Middlewares/ThreadX/RTOS/ModuleLib/txm_thread_preemption_change.o
 .data          0x0000000020020030        0x0 ./Middlewares/ThreadX/RTOS/ModuleLib/txm_thread_priority_change.o
 .data          0x0000000020020030        0x0 ./Middlewares/ThreadX/RTOS/ModuleLib/txm_thread_relinquish.o
 .data          0x0000000020020030        0x0 ./Middlewares/ThreadX/RTOS/ModuleLib/txm_thread_reset.o
 .data          0x0000000020020030        0x0 ./Middlewares/ThreadX/RTOS/ModuleLib/txm_thread_resume.o
 .data          0x0000000020020030        0x0 ./Middlewares/ThreadX/RTOS/ModuleLib/txm_thread_sleep.o
 .data          0x0000000020020030        0x0 ./Middlewares/ThreadX/RTOS/ModuleLib/txm_thread_stack_error_notify.o
 .data          0x0000000020020030        0x0 ./Middlewares/ThreadX/RTOS/ModuleLib/txm_thread_suspend.o
 .data          0x0000000020020030        0x0 ./Middlewares/ThreadX/RTOS/ModuleLib/txm_thread_terminate.o
 .data          0x0000000020020030        0x0 ./Middlewares/ThreadX/RTOS/ModuleLib/txm_thread_time_slice_change.o
 .data          0x0000000020020030        0x0 ./Middlewares/ThreadX/RTOS/ModuleLib/txm_thread_wait_abort.o
 .data          0x0000000020020030        0x0 ./Middlewares/ThreadX/RTOS/ModuleLib/txm_time_get.o
 .data          0x0000000020020030        0x0 ./Middlewares/ThreadX/RTOS/ModuleLib/txm_time_set.o
 .data          0x0000000020020030        0x0 ./Middlewares/ThreadX/RTOS/ModuleLib/txm_timer_activate.o
 .data          0x0000000020020030        0x0 ./Middlewares/ThreadX/RTOS/ModuleLib/txm_timer_change.o
 .data          0x0000000020020030        0x0 ./Middlewares/ThreadX/RTOS/ModuleLib/txm_timer_create.o
 .data          0x0000000020020030        0x0 ./Middlewares/ThreadX/RTOS/ModuleLib/txm_timer_deactivate.o
 .data          0x0000000020020030        0x0 ./Middlewares/ThreadX/RTOS/ModuleLib/txm_timer_delete.o
 .data          0x0000000020020030        0x0 ./Middlewares/ThreadX/RTOS/ModuleLib/txm_timer_info_get.o
 .data          0x0000000020020030        0x0 ./Middlewares/ThreadX/RTOS/ModuleLib/txm_timer_performance_info_get.o
 .data          0x0000000020020030        0x0 ./Middlewares/ThreadX/RTOS/ModuleLib/txm_timer_performance_system_info_get.o
 .data          0x0000000020020030        0x0 ./Middlewares/ThreadX/RTOS/ModuleLib/txm_trace_buffer_full_notify.o
 .data          0x0000000020020030        0x0 ./Middlewares/ThreadX/RTOS/ModuleLib/txm_trace_disable.o
 .data          0x0000000020020030        0x0 ./Middlewares/ThreadX/RTOS/ModuleLib/txm_trace_enable.o
 .data          0x0000000020020030        0x0 ./Middlewares/ThreadX/RTOS/ModuleLib/txm_trace_event_filter.o
 .data          0x0000000020020030        0x0 ./Middlewares/ThreadX/RTOS/ModuleLib/txm_trace_event_unfilter.o
 .data          0x0000000020020030        0x0 ./Middlewares/ThreadX/RTOS/ModuleLib/txm_trace_interrupt_control.o
 .data          0x0000000020020030        0x0 ./Middlewares/ThreadX/RTOS/ModuleLib/txm_trace_isr_enter_insert.o
 .data          0x0000000020020030        0x0 ./Middlewares/ThreadX/RTOS/ModuleLib/txm_trace_isr_exit_insert.o
 .data          0x0000000020020030        0x0 ./Middlewares/ThreadX/RTOS/ModuleLib/txm_trace_user_event_insert.o
                0x0000000020020030                __data_end__ = (__data_start__ + SIZEOF (.data))
                0x0000000008021adc                __data_load_end__ = (__data_load_start__ + SIZEOF (.data))
                0x0000000008021adc                __FLASH_segment_used_end__ = (ALIGN ((__fast_load_start__ + SIZEOF (.fast)), 0x4) + SIZEOF (.data))

.igot.plt       0x0000000020020000        0x0
 .igot.plt      0x0000000020020000        0x0 ./Application/Startup/gcc_setup.o

.data_run       0x0000000020020030        0x0
                0x0000000020020030                __data_run_start__ = .
                0x0000000020020030                . = MAX ((__data_run_start__ + SIZEOF (.data)), .)
                0x0000000020020030                __data_run_end__ = (__data_run_start__ + SIZEOF (.data_run))
                0x0000000020020030                __bss_load_start__ = ALIGN (__data_run_end__, 0x4)

.bss            0x0000000020020030     0x23c8
                0x0000000020020030                __bss_start__ = .
 *(.bss .bss.* .gnu.linkonce.b.*)
 .bss           0x0000000020020030        0x0 ./Application/Startup/gcc_setup.o
 *fill*         0x0000000020020030       0x10 
 .bss           0x0000000020020040     0x23b0 ./Application/User/app_module.o
                0x0000000020020040                default_module_pool_space
                0x00000000200223e0                MainThread
                0x00000000200223e4                ModuleBytePool
                0x00000000200223e8                ModuleBlockPool
                0x00000000200223ec                ResidentQueue
 .bss           0x00000000200223f0        0x0 ./Middlewares/ThreadX/RTOS/ModuleLib/txm_block_allocate.o
 .bss           0x00000000200223f0        0x0 ./Middlewares/ThreadX/RTOS/ModuleLib/txm_block_pool_create.o
 .bss           0x00000000200223f0        0x0 ./Middlewares/ThreadX/RTOS/ModuleLib/txm_block_pool_delete.o
 .bss           0x00000000200223f0        0x0 ./Middlewares/ThreadX/RTOS/ModuleLib/txm_block_pool_info_get.o
 .bss           0x00000000200223f0        0x0 ./Middlewares/ThreadX/RTOS/ModuleLib/txm_block_pool_performance_info_get.o
 .bss           0x00000000200223f0        0x0 ./Middlewares/ThreadX/RTOS/ModuleLib/txm_block_pool_performance_system_info_get.o
 .bss           0x00000000200223f0        0x0 ./Middlewares/ThreadX/RTOS/ModuleLib/txm_block_pool_prioritize.o
 .bss           0x00000000200223f0        0x0 ./Middlewares/ThreadX/RTOS/ModuleLib/txm_block_release.o
 .bss           0x00000000200223f0        0x0 ./Middlewares/ThreadX/RTOS/ModuleLib/txm_byte_allocate.o
 .bss           0x00000000200223f0        0x0 ./Middlewares/ThreadX/RTOS/ModuleLib/txm_byte_pool_create.o
 .bss           0x00000000200223f0        0x0 ./Middlewares/ThreadX/RTOS/ModuleLib/txm_byte_pool_delete.o
 .bss           0x00000000200223f0        0x0 ./Middlewares/ThreadX/RTOS/ModuleLib/txm_byte_pool_info_get.o
 .bss           0x00000000200223f0        0x0 ./Middlewares/ThreadX/RTOS/ModuleLib/txm_byte_pool_performance_info_get.o
 .bss           0x00000000200223f0        0x0 ./Middlewares/ThreadX/RTOS/ModuleLib/txm_byte_pool_performance_system_info_get.o
 .bss           0x00000000200223f0        0x0 ./Middlewares/ThreadX/RTOS/ModuleLib/txm_byte_pool_prioritize.o
 .bss           0x00000000200223f0        0x0 ./Middlewares/ThreadX/RTOS/ModuleLib/txm_byte_release.o
 .bss           0x00000000200223f0        0x0 ./Middlewares/ThreadX/RTOS/ModuleLib/txm_event_flags_create.o
 .bss           0x00000000200223f0        0x0 ./Middlewares/ThreadX/RTOS/ModuleLib/txm_event_flags_delete.o
 .bss           0x00000000200223f0        0x0 ./Middlewares/ThreadX/RTOS/ModuleLib/txm_event_flags_get.o
 .bss           0x00000000200223f0        0x0 ./Middlewares/ThreadX/RTOS/ModuleLib/txm_event_flags_info_get.o
 .bss           0x00000000200223f0        0x0 ./Middlewares/ThreadX/RTOS/ModuleLib/txm_event_flags_performance_info_get.o
 .bss           0x00000000200223f0        0x0 ./Middlewares/ThreadX/RTOS/ModuleLib/txm_event_flags_performance_system_info_get.o
 .bss           0x00000000200223f0        0x0 ./Middlewares/ThreadX/RTOS/ModuleLib/txm_event_flags_set.o
 .bss           0x00000000200223f0        0x0 ./Middlewares/ThreadX/RTOS/ModuleLib/txm_event_flags_set_notify.o
 .bss           0x00000000200223f0        0x0 ./Middlewares/ThreadX/RTOS/ModuleLib/txm_module_application_request.o
 .bss           0x00000000200223f0        0x0 ./Middlewares/ThreadX/RTOS/ModuleLib/txm_module_callback_request_thread_entry.o
 .bss           0x00000000200223f0        0x0 ./Middlewares/ThreadX/RTOS/ModuleLib/txm_module_object_allocate.o
 .bss           0x00000000200223f0        0x0 ./Middlewares/ThreadX/RTOS/ModuleLib/txm_module_object_deallocate.o
 .bss           0x00000000200223f0        0x0 ./Middlewares/ThreadX/RTOS/ModuleLib/txm_module_object_pointer_get.o
 .bss           0x00000000200223f0        0x0 ./Middlewares/ThreadX/RTOS/ModuleLib/txm_module_object_pointer_get_extended.o
 .bss           0x00000000200223f0        0x8 ./Middlewares/ThreadX/RTOS/ModuleLib/txm_module_thread_shell_entry.o
                0x00000000200223f0                _txm_module_entry_info
                0x00000000200223f4                _txm_module_kernel_call_dispatcher
 .bss           0x00000000200223f8        0x0 ./Middlewares/ThreadX/RTOS/ModuleLib/txm_module_thread_system_suspend.o
 .bss           0x00000000200223f8        0x0 ./Middlewares/ThreadX/RTOS/ModuleLib/txm_mutex_create.o
 .bss           0x00000000200223f8        0x0 ./Middlewares/ThreadX/RTOS/ModuleLib/txm_mutex_delete.o
 .bss           0x00000000200223f8        0x0 ./Middlewares/ThreadX/RTOS/ModuleLib/txm_mutex_get.o
 .bss           0x00000000200223f8        0x0 ./Middlewares/ThreadX/RTOS/ModuleLib/txm_mutex_info_get.o
 .bss           0x00000000200223f8        0x0 ./Middlewares/ThreadX/RTOS/ModuleLib/txm_mutex_performance_info_get.o
 .bss           0x00000000200223f8        0x0 ./Middlewares/ThreadX/RTOS/ModuleLib/txm_mutex_performance_system_info_get.o
 .bss           0x00000000200223f8        0x0 ./Middlewares/ThreadX/RTOS/ModuleLib/txm_mutex_prioritize.o
 .bss           0x00000000200223f8        0x0 ./Middlewares/ThreadX/RTOS/ModuleLib/txm_mutex_put.o
 .bss           0x00000000200223f8        0x0 ./Middlewares/ThreadX/RTOS/ModuleLib/txm_queue_create.o
 .bss           0x00000000200223f8        0x0 ./Middlewares/ThreadX/RTOS/ModuleLib/txm_queue_delete.o
 .bss           0x00000000200223f8        0x0 ./Middlewares/ThreadX/RTOS/ModuleLib/txm_queue_flush.o
 .bss           0x00000000200223f8        0x0 ./Middlewares/ThreadX/RTOS/ModuleLib/txm_queue_front_send.o
 .bss           0x00000000200223f8        0x0 ./Middlewares/ThreadX/RTOS/ModuleLib/txm_queue_info_get.o
 .bss           0x00000000200223f8        0x0 ./Middlewares/ThreadX/RTOS/ModuleLib/txm_queue_performance_info_get.o
 .bss           0x00000000200223f8        0x0 ./Middlewares/ThreadX/RTOS/ModuleLib/txm_queue_performance_system_info_get.o
 .bss           0x00000000200223f8        0x0 ./Middlewares/ThreadX/RTOS/ModuleLib/txm_queue_prioritize.o
 .bss           0x00000000200223f8        0x0 ./Middlewares/ThreadX/RTOS/ModuleLib/txm_queue_receive.o
 .bss           0x00000000200223f8        0x0 ./Middlewares/ThreadX/RTOS/ModuleLib/txm_queue_send.o
 .bss           0x00000000200223f8        0x0 ./Middlewares/ThreadX/RTOS/ModuleLib/txm_queue_send_notify.o
 .bss           0x00000000200223f8        0x0 ./Middlewares/ThreadX/RTOS/ModuleLib/txm_semaphore_ceiling_put.o
 .bss           0x00000000200223f8        0x0 ./Middlewares/ThreadX/RTOS/ModuleLib/txm_semaphore_create.o
 .bss           0x00000000200223f8        0x0 ./Middlewares/ThreadX/RTOS/ModuleLib/txm_semaphore_delete.o
 .bss           0x00000000200223f8        0x0 ./Middlewares/ThreadX/RTOS/ModuleLib/txm_semaphore_get.o
 .bss           0x00000000200223f8        0x0 ./Middlewares/ThreadX/RTOS/ModuleLib/txm_semaphore_info_get.o
 .bss           0x00000000200223f8        0x0 ./Middlewares/ThreadX/RTOS/ModuleLib/txm_semaphore_performance_info_get.o
 .bss           0x00000000200223f8        0x0 ./Middlewares/ThreadX/RTOS/ModuleLib/txm_semaphore_performance_system_info_get.o
 .bss           0x00000000200223f8        0x0 ./Middlewares/ThreadX/RTOS/ModuleLib/txm_semaphore_prioritize.o
 .bss           0x00000000200223f8        0x0 ./Middlewares/ThreadX/RTOS/ModuleLib/txm_semaphore_put.o
 .bss           0x00000000200223f8        0x0 ./Middlewares/ThreadX/RTOS/ModuleLib/txm_semaphore_put_notify.o
 .bss           0x00000000200223f8        0x0 ./Middlewares/ThreadX/RTOS/ModuleLib/txm_thread_create.o
 .bss           0x00000000200223f8        0x0 ./Middlewares/ThreadX/RTOS/ModuleLib/txm_thread_delete.o
 .bss           0x00000000200223f8        0x0 ./Middlewares/ThreadX/RTOS/ModuleLib/txm_thread_entry_exit_notify.o
 .bss           0x00000000200223f8        0x0 ./Middlewares/ThreadX/RTOS/ModuleLib/txm_thread_identify.o
 .bss           0x00000000200223f8        0x0 ./Middlewares/ThreadX/RTOS/ModuleLib/txm_thread_info_get.o
 .bss           0x00000000200223f8        0x0 ./Middlewares/ThreadX/RTOS/ModuleLib/txm_thread_interrupt_control.o
 .bss           0x00000000200223f8        0x0 ./Middlewares/ThreadX/RTOS/ModuleLib/txm_thread_performance_info_get.o
 .bss           0x00000000200223f8        0x0 ./Middlewares/ThreadX/RTOS/ModuleLib/txm_thread_performance_system_info_get.o
 .bss           0x00000000200223f8        0x0 ./Middlewares/ThreadX/RTOS/ModuleLib/txm_thread_preemption_change.o
 .bss           0x00000000200223f8        0x0 ./Middlewares/ThreadX/RTOS/ModuleLib/txm_thread_priority_change.o
 .bss           0x00000000200223f8        0x0 ./Middlewares/ThreadX/RTOS/ModuleLib/txm_thread_relinquish.o
 .bss           0x00000000200223f8        0x0 ./Middlewares/ThreadX/RTOS/ModuleLib/txm_thread_reset.o
 .bss           0x00000000200223f8        0x0 ./Middlewares/ThreadX/RTOS/ModuleLib/txm_thread_resume.o
 .bss           0x00000000200223f8        0x0 ./Middlewares/ThreadX/RTOS/ModuleLib/txm_thread_sleep.o
 .bss           0x00000000200223f8        0x0 ./Middlewares/ThreadX/RTOS/ModuleLib/txm_thread_stack_error_notify.o
 .bss           0x00000000200223f8        0x0 ./Middlewares/ThreadX/RTOS/ModuleLib/txm_thread_suspend.o
 .bss           0x00000000200223f8        0x0 ./Middlewares/ThreadX/RTOS/ModuleLib/txm_thread_terminate.o
 .bss           0x00000000200223f8        0x0 ./Middlewares/ThreadX/RTOS/ModuleLib/txm_thread_time_slice_change.o
 .bss           0x00000000200223f8        0x0 ./Middlewares/ThreadX/RTOS/ModuleLib/txm_thread_wait_abort.o
 .bss           0x00000000200223f8        0x0 ./Middlewares/ThreadX/RTOS/ModuleLib/txm_time_get.o
 .bss           0x00000000200223f8        0x0 ./Middlewares/ThreadX/RTOS/ModuleLib/txm_time_set.o
 .bss           0x00000000200223f8        0x0 ./Middlewares/ThreadX/RTOS/ModuleLib/txm_timer_activate.o
 .bss           0x00000000200223f8        0x0 ./Middlewares/ThreadX/RTOS/ModuleLib/txm_timer_change.o
 .bss           0x00000000200223f8        0x0 ./Middlewares/ThreadX/RTOS/ModuleLib/txm_timer_create.o
 .bss           0x00000000200223f8        0x0 ./Middlewares/ThreadX/RTOS/ModuleLib/txm_timer_deactivate.o
 .bss           0x00000000200223f8        0x0 ./Middlewares/ThreadX/RTOS/ModuleLib/txm_timer_delete.o
 .bss           0x00000000200223f8        0x0 ./Middlewares/ThreadX/RTOS/ModuleLib/txm_timer_info_get.o
 .bss           0x00000000200223f8        0x0 ./Middlewares/ThreadX/RTOS/ModuleLib/txm_timer_performance_info_get.o
 .bss           0x00000000200223f8        0x0 ./Middlewares/ThreadX/RTOS/ModuleLib/txm_timer_performance_system_info_get.o
 .bss           0x00000000200223f8        0x0 ./Middlewares/ThreadX/RTOS/ModuleLib/txm_trace_buffer_full_notify.o
 .bss           0x00000000200223f8        0x0 ./Middlewares/ThreadX/RTOS/ModuleLib/txm_trace_disable.o
 .bss           0x00000000200223f8        0x0 ./Middlewares/ThreadX/RTOS/ModuleLib/txm_trace_enable.o
 .bss           0x00000000200223f8        0x0 ./Middlewares/ThreadX/RTOS/ModuleLib/txm_trace_event_filter.o
 .bss           0x00000000200223f8        0x0 ./Middlewares/ThreadX/RTOS/ModuleLib/txm_trace_event_unfilter.o
 .bss           0x00000000200223f8        0x0 ./Middlewares/ThreadX/RTOS/ModuleLib/txm_trace_interrupt_control.o
 .bss           0x00000000200223f8        0x0 ./Middlewares/ThreadX/RTOS/ModuleLib/txm_trace_isr_enter_insert.o
 .bss           0x00000000200223f8        0x0 ./Middlewares/ThreadX/RTOS/ModuleLib/txm_trace_isr_exit_insert.o
 .bss           0x00000000200223f8        0x0 ./Middlewares/ThreadX/RTOS/ModuleLib/txm_trace_user_event_insert.o
 *(COMMON)
                0x00000000200223f8                __bss_end__ = (__bss_start__ + SIZEOF (.bss))
                0x00000000200223f8                __non_init_load_start__ = ALIGN (__bss_end__, 0x4)

.stack          0x0000000020020000        0x0
 .stack         0x0000000020020000        0x0 ./Application/Startup/gcc_setup.o

.stack_process  0x0000000020020000        0x0
 .stack_process
                0x0000000020020000        0x0 ./Application/Startup/gcc_setup.o

.non_init       0x00000000200223f8        0x0
                0x00000000200223f8                __non_init_start__ = .
 *(.non_init .non_init.*)
                0x00000000200223f8                __non_init_end__ = (__non_init_start__ + SIZEOF (.non_init))
                0x00000000200223f8                __heap_load_start__ = ALIGN (__non_init_end__, 0x4)

.heap           0x00000000200223f8       0x40
                0x00000000200223f8                __heap_start__ = .
 *(.heap)
 .heap          0x00000000200223f8        0x0 ./Application/Startup/gcc_setup.o
                0x0000000020022438                . = ALIGN (MAX ((__heap_start__ + __HEAPSIZE__), .), 0x4)
 *fill*         0x00000000200223f8       0x40 
                0x0000000020022438                __heap_end__ = (__heap_start__ + SIZEOF (.heap))
                0x0000000000002438                __data_size__ = (__heap_end__ - __RAM_segment_start__)
OUTPUT(Tx_MPU.elf elf32-littlearm)
LOAD linker stubs

.ARM.attributes
                0x0000000000000000       0x36
 .ARM.attributes
                0x0000000000000000       0x26 ./Application/Startup/gcc_setup.o
 .ARM.attributes
                0x0000000000000026       0x3a ./Application/User/app_module.o
 .ARM.attributes
                0x0000000000000060       0x3a ./Middlewares/ThreadX/RTOS/ModuleLib/txm_block_allocate.o
 .ARM.attributes
                0x000000000000009a       0x3a ./Middlewares/ThreadX/RTOS/ModuleLib/txm_block_pool_create.o
 .ARM.attributes
                0x00000000000000d4       0x3a ./Middlewares/ThreadX/RTOS/ModuleLib/txm_block_pool_delete.o
 .ARM.attributes
                0x000000000000010e       0x3a ./Middlewares/ThreadX/RTOS/ModuleLib/txm_block_pool_info_get.o
 .ARM.attributes
                0x0000000000000148       0x3a ./Middlewares/ThreadX/RTOS/ModuleLib/txm_block_pool_performance_info_get.o
 .ARM.attributes
                0x0000000000000182       0x3a ./Middlewares/ThreadX/RTOS/ModuleLib/txm_block_pool_performance_system_info_get.o
 .ARM.attributes
                0x00000000000001bc       0x3a ./Middlewares/ThreadX/RTOS/ModuleLib/txm_block_pool_prioritize.o
 .ARM.attributes
                0x00000000000001f6       0x3a ./Middlewares/ThreadX/RTOS/ModuleLib/txm_block_release.o
 .ARM.attributes
                0x0000000000000230       0x3a ./Middlewares/ThreadX/RTOS/ModuleLib/txm_byte_allocate.o
 .ARM.attributes
                0x000000000000026a       0x3a ./Middlewares/ThreadX/RTOS/ModuleLib/txm_byte_pool_create.o
 .ARM.attributes
                0x00000000000002a4       0x3a ./Middlewares/ThreadX/RTOS/ModuleLib/txm_byte_pool_delete.o
 .ARM.attributes
                0x00000000000002de       0x3a ./Middlewares/ThreadX/RTOS/ModuleLib/txm_byte_pool_info_get.o
 .ARM.attributes
                0x0000000000000318       0x3a ./Middlewares/ThreadX/RTOS/ModuleLib/txm_byte_pool_performance_info_get.o
 .ARM.attributes
                0x0000000000000352       0x3a ./Middlewares/ThreadX/RTOS/ModuleLib/txm_byte_pool_performance_system_info_get.o
 .ARM.attributes
                0x000000000000038c       0x3a ./Middlewares/ThreadX/RTOS/ModuleLib/txm_byte_pool_prioritize.o
 .ARM.attributes
                0x00000000000003c6       0x3a ./Middlewares/ThreadX/RTOS/ModuleLib/txm_byte_release.o
 .ARM.attributes
                0x0000000000000400       0x3a ./Middlewares/ThreadX/RTOS/ModuleLib/txm_event_flags_create.o
 .ARM.attributes
                0x000000000000043a       0x3a ./Middlewares/ThreadX/RTOS/ModuleLib/txm_event_flags_delete.o
 .ARM.attributes
                0x0000000000000474       0x3a ./Middlewares/ThreadX/RTOS/ModuleLib/txm_event_flags_get.o
 .ARM.attributes
                0x00000000000004ae       0x3a ./Middlewares/ThreadX/RTOS/ModuleLib/txm_event_flags_info_get.o
 .ARM.attributes
                0x00000000000004e8       0x3a ./Middlewares/ThreadX/RTOS/ModuleLib/txm_event_flags_performance_info_get.o
 .ARM.attributes
                0x0000000000000522       0x3a ./Middlewares/ThreadX/RTOS/ModuleLib/txm_event_flags_performance_system_info_get.o
 .ARM.attributes
                0x000000000000055c       0x3a ./Middlewares/ThreadX/RTOS/ModuleLib/txm_event_flags_set.o
 .ARM.attributes
                0x0000000000000596       0x3a ./Middlewares/ThreadX/RTOS/ModuleLib/txm_event_flags_set_notify.o
 .ARM.attributes
                0x00000000000005d0       0x3a ./Middlewares/ThreadX/RTOS/ModuleLib/txm_module_application_request.o
 .ARM.attributes
                0x000000000000060a       0x3a ./Middlewares/ThreadX/RTOS/ModuleLib/txm_module_callback_request_thread_entry.o
 .ARM.attributes
                0x0000000000000644       0x3a ./Middlewares/ThreadX/RTOS/ModuleLib/txm_module_object_allocate.o
 .ARM.attributes
                0x000000000000067e       0x3a ./Middlewares/ThreadX/RTOS/ModuleLib/txm_module_object_deallocate.o
 .ARM.attributes
                0x00000000000006b8       0x3a ./Middlewares/ThreadX/RTOS/ModuleLib/txm_module_object_pointer_get.o
 .ARM.attributes
                0x00000000000006f2       0x3a ./Middlewares/ThreadX/RTOS/ModuleLib/txm_module_object_pointer_get_extended.o
 .ARM.attributes
                0x000000000000072c       0x3a ./Middlewares/ThreadX/RTOS/ModuleLib/txm_module_thread_shell_entry.o
 .ARM.attributes
                0x0000000000000766       0x3a ./Middlewares/ThreadX/RTOS/ModuleLib/txm_module_thread_system_suspend.o
 .ARM.attributes
                0x00000000000007a0       0x3a ./Middlewares/ThreadX/RTOS/ModuleLib/txm_mutex_create.o
 .ARM.attributes
                0x00000000000007da       0x3a ./Middlewares/ThreadX/RTOS/ModuleLib/txm_mutex_delete.o
 .ARM.attributes
                0x0000000000000814       0x3a ./Middlewares/ThreadX/RTOS/ModuleLib/txm_mutex_get.o
 .ARM.attributes
                0x000000000000084e       0x3a ./Middlewares/ThreadX/RTOS/ModuleLib/txm_mutex_info_get.o
 .ARM.attributes
                0x0000000000000888       0x3a ./Middlewares/ThreadX/RTOS/ModuleLib/txm_mutex_performance_info_get.o
 .ARM.attributes
                0x00000000000008c2       0x3a ./Middlewares/ThreadX/RTOS/ModuleLib/txm_mutex_performance_system_info_get.o
 .ARM.attributes
                0x00000000000008fc       0x3a ./Middlewares/ThreadX/RTOS/ModuleLib/txm_mutex_prioritize.o
 .ARM.attributes
                0x0000000000000936       0x3a ./Middlewares/ThreadX/RTOS/ModuleLib/txm_mutex_put.o
 .ARM.attributes
                0x0000000000000970       0x3a ./Middlewares/ThreadX/RTOS/ModuleLib/txm_queue_create.o
 .ARM.attributes
                0x00000000000009aa       0x3a ./Middlewares/ThreadX/RTOS/ModuleLib/txm_queue_delete.o
 .ARM.attributes
                0x00000000000009e4       0x3a ./Middlewares/ThreadX/RTOS/ModuleLib/txm_queue_flush.o
 .ARM.attributes
                0x0000000000000a1e       0x3a ./Middlewares/ThreadX/RTOS/ModuleLib/txm_queue_front_send.o
 .ARM.attributes
                0x0000000000000a58       0x3a ./Middlewares/ThreadX/RTOS/ModuleLib/txm_queue_info_get.o
 .ARM.attributes
                0x0000000000000a92       0x3a ./Middlewares/ThreadX/RTOS/ModuleLib/txm_queue_performance_info_get.o
 .ARM.attributes
                0x0000000000000acc       0x3a ./Middlewares/ThreadX/RTOS/ModuleLib/txm_queue_performance_system_info_get.o
 .ARM.attributes
                0x0000000000000b06       0x3a ./Middlewares/ThreadX/RTOS/ModuleLib/txm_queue_prioritize.o
 .ARM.attributes
                0x0000000000000b40       0x3a ./Middlewares/ThreadX/RTOS/ModuleLib/txm_queue_receive.o
 .ARM.attributes
                0x0000000000000b7a       0x3a ./Middlewares/ThreadX/RTOS/ModuleLib/txm_queue_send.o
 .ARM.attributes
                0x0000000000000bb4       0x3a ./Middlewares/ThreadX/RTOS/ModuleLib/txm_queue_send_notify.o
 .ARM.attributes
                0x0000000000000bee       0x3a ./Middlewares/ThreadX/RTOS/ModuleLib/txm_semaphore_ceiling_put.o
 .ARM.attributes
                0x0000000000000c28       0x3a ./Middlewares/ThreadX/RTOS/ModuleLib/txm_semaphore_create.o
 .ARM.attributes
                0x0000000000000c62       0x3a ./Middlewares/ThreadX/RTOS/ModuleLib/txm_semaphore_delete.o
 .ARM.attributes
                0x0000000000000c9c       0x3a ./Middlewares/ThreadX/RTOS/ModuleLib/txm_semaphore_get.o
 .ARM.attributes
                0x0000000000000cd6       0x3a ./Middlewares/ThreadX/RTOS/ModuleLib/txm_semaphore_info_get.o
 .ARM.attributes
                0x0000000000000d10       0x3a ./Middlewares/ThreadX/RTOS/ModuleLib/txm_semaphore_performance_info_get.o
 .ARM.attributes
                0x0000000000000d4a       0x3a ./Middlewares/ThreadX/RTOS/ModuleLib/txm_semaphore_performance_system_info_get.o
 .ARM.attributes
                0x0000000000000d84       0x3a ./Middlewares/ThreadX/RTOS/ModuleLib/txm_semaphore_prioritize.o
 .ARM.attributes
                0x0000000000000dbe       0x3a ./Middlewares/ThreadX/RTOS/ModuleLib/txm_semaphore_put.o
 .ARM.attributes
                0x0000000000000df8       0x3a ./Middlewares/ThreadX/RTOS/ModuleLib/txm_semaphore_put_notify.o
 .ARM.attributes
                0x0000000000000e32       0x3a ./Middlewares/ThreadX/RTOS/ModuleLib/txm_thread_create.o
 .ARM.attributes
                0x0000000000000e6c       0x3a ./Middlewares/ThreadX/RTOS/ModuleLib/txm_thread_delete.o
 .ARM.attributes
                0x0000000000000ea6       0x3a ./Middlewares/ThreadX/RTOS/ModuleLib/txm_thread_entry_exit_notify.o
 .ARM.attributes
                0x0000000000000ee0       0x3a ./Middlewares/ThreadX/RTOS/ModuleLib/txm_thread_identify.o
 .ARM.attributes
                0x0000000000000f1a       0x3a ./Middlewares/ThreadX/RTOS/ModuleLib/txm_thread_info_get.o
 .ARM.attributes
                0x0000000000000f54       0x3a ./Middlewares/ThreadX/RTOS/ModuleLib/txm_thread_interrupt_control.o
 .ARM.attributes
                0x0000000000000f8e       0x3a ./Middlewares/ThreadX/RTOS/ModuleLib/txm_thread_performance_info_get.o
 .ARM.attributes
                0x0000000000000fc8       0x3a ./Middlewares/ThreadX/RTOS/ModuleLib/txm_thread_performance_system_info_get.o
 .ARM.attributes
                0x0000000000001002       0x3a ./Middlewares/ThreadX/RTOS/ModuleLib/txm_thread_preemption_change.o
 .ARM.attributes
                0x000000000000103c       0x3a ./Middlewares/ThreadX/RTOS/ModuleLib/txm_thread_priority_change.o
 .ARM.attributes
                0x0000000000001076       0x3a ./Middlewares/ThreadX/RTOS/ModuleLib/txm_thread_relinquish.o
 .ARM.attributes
                0x00000000000010b0       0x3a ./Middlewares/ThreadX/RTOS/ModuleLib/txm_thread_reset.o
 .ARM.attributes
                0x00000000000010ea       0x3a ./Middlewares/ThreadX/RTOS/ModuleLib/txm_thread_resume.o
 .ARM.attributes
                0x0000000000001124       0x3a ./Middlewares/ThreadX/RTOS/ModuleLib/txm_thread_sleep.o
 .ARM.attributes
                0x000000000000115e       0x3a ./Middlewares/ThreadX/RTOS/ModuleLib/txm_thread_stack_error_notify.o
 .ARM.attributes
                0x0000000000001198       0x3a ./Middlewares/ThreadX/RTOS/ModuleLib/txm_thread_suspend.o
 .ARM.attributes
                0x00000000000011d2       0x3a ./Middlewares/ThreadX/RTOS/ModuleLib/txm_thread_terminate.o
 .ARM.attributes
                0x000000000000120c       0x3a ./Middlewares/ThreadX/RTOS/ModuleLib/txm_thread_time_slice_change.o
 .ARM.attributes
                0x0000000000001246       0x3a ./Middlewares/ThreadX/RTOS/ModuleLib/txm_thread_wait_abort.o
 .ARM.attributes
                0x0000000000001280       0x3a ./Middlewares/ThreadX/RTOS/ModuleLib/txm_time_get.o
 .ARM.attributes
                0x00000000000012ba       0x3a ./Middlewares/ThreadX/RTOS/ModuleLib/txm_time_set.o
 .ARM.attributes
                0x00000000000012f4       0x3a ./Middlewares/ThreadX/RTOS/ModuleLib/txm_timer_activate.o
 .ARM.attributes
                0x000000000000132e       0x3a ./Middlewares/ThreadX/RTOS/ModuleLib/txm_timer_change.o
 .ARM.attributes
                0x0000000000001368       0x3a ./Middlewares/ThreadX/RTOS/ModuleLib/txm_timer_create.o
 .ARM.attributes
                0x00000000000013a2       0x3a ./Middlewares/ThreadX/RTOS/ModuleLib/txm_timer_deactivate.o
 .ARM.attributes
                0x00000000000013dc       0x3a ./Middlewares/ThreadX/RTOS/ModuleLib/txm_timer_delete.o
 .ARM.attributes
                0x0000000000001416       0x3a ./Middlewares/ThreadX/RTOS/ModuleLib/txm_timer_info_get.o
 .ARM.attributes
                0x0000000000001450       0x3a ./Middlewares/ThreadX/RTOS/ModuleLib/txm_timer_performance_info_get.o
 .ARM.attributes
                0x000000000000148a       0x3a ./Middlewares/ThreadX/RTOS/ModuleLib/txm_timer_performance_system_info_get.o
 .ARM.attributes
                0x00000000000014c4       0x3a ./Middlewares/ThreadX/RTOS/ModuleLib/txm_trace_buffer_full_notify.o
 .ARM.attributes
                0x00000000000014fe       0x3a ./Middlewares/ThreadX/RTOS/ModuleLib/txm_trace_disable.o
 .ARM.attributes
                0x0000000000001538       0x3a ./Middlewares/ThreadX/RTOS/ModuleLib/txm_trace_enable.o
 .ARM.attributes
                0x0000000000001572       0x3a ./Middlewares/ThreadX/RTOS/ModuleLib/txm_trace_event_filter.o
 .ARM.attributes
                0x00000000000015ac       0x3a ./Middlewares/ThreadX/RTOS/ModuleLib/txm_trace_event_unfilter.o
 .ARM.attributes
                0x00000000000015e6       0x3a ./Middlewares/ThreadX/RTOS/ModuleLib/txm_trace_interrupt_control.o
 .ARM.attributes
                0x0000000000001620       0x3a ./Middlewares/ThreadX/RTOS/ModuleLib/txm_trace_isr_enter_insert.o
 .ARM.attributes
                0x000000000000165a       0x3a ./Middlewares/ThreadX/RTOS/ModuleLib/txm_trace_isr_exit_insert.o
 .ARM.attributes
                0x0000000000001694       0x3a ./Middlewares/ThreadX/RTOS/ModuleLib/txm_trace_user_event_insert.o

.comment        0x0000000000000000       0x43
 .comment       0x0000000000000000       0x43 ./Application/User/app_module.o
                                         0x44 (size before relaxing)
 .comment       0x0000000000000043       0x44 ./Middlewares/ThreadX/RTOS/ModuleLib/txm_block_allocate.o
 .comment       0x0000000000000043       0x44 ./Middlewares/ThreadX/RTOS/ModuleLib/txm_block_pool_create.o
 .comment       0x0000000000000043       0x44 ./Middlewares/ThreadX/RTOS/ModuleLib/txm_block_pool_delete.o
 .comment       0x0000000000000043       0x44 ./Middlewares/ThreadX/RTOS/ModuleLib/txm_block_pool_info_get.o
 .comment       0x0000000000000043       0x44 ./Middlewares/ThreadX/RTOS/ModuleLib/txm_block_pool_performance_info_get.o
 .comment       0x0000000000000043       0x44 ./Middlewares/ThreadX/RTOS/ModuleLib/txm_block_pool_performance_system_info_get.o
 .comment       0x0000000000000043       0x44 ./Middlewares/ThreadX/RTOS/ModuleLib/txm_block_pool_prioritize.o
 .comment       0x0000000000000043       0x44 ./Middlewares/ThreadX/RTOS/ModuleLib/txm_block_release.o
 .comment       0x0000000000000043       0x44 ./Middlewares/ThreadX/RTOS/ModuleLib/txm_byte_allocate.o
 .comment       0x0000000000000043       0x44 ./Middlewares/ThreadX/RTOS/ModuleLib/txm_byte_pool_create.o
 .comment       0x0000000000000043       0x44 ./Middlewares/ThreadX/RTOS/ModuleLib/txm_byte_pool_delete.o
 .comment       0x0000000000000043       0x44 ./Middlewares/ThreadX/RTOS/ModuleLib/txm_byte_pool_info_get.o
 .comment       0x0000000000000043       0x44 ./Middlewares/ThreadX/RTOS/ModuleLib/txm_byte_pool_performance_info_get.o
 .comment       0x0000000000000043       0x44 ./Middlewares/ThreadX/RTOS/ModuleLib/txm_byte_pool_performance_system_info_get.o
 .comment       0x0000000000000043       0x44 ./Middlewares/ThreadX/RTOS/ModuleLib/txm_byte_pool_prioritize.o
 .comment       0x0000000000000043       0x44 ./Middlewares/ThreadX/RTOS/ModuleLib/txm_byte_release.o
 .comment       0x0000000000000043       0x44 ./Middlewares/ThreadX/RTOS/ModuleLib/txm_event_flags_create.o
 .comment       0x0000000000000043       0x44 ./Middlewares/ThreadX/RTOS/ModuleLib/txm_event_flags_delete.o
 .comment       0x0000000000000043       0x44 ./Middlewares/ThreadX/RTOS/ModuleLib/txm_event_flags_get.o
 .comment       0x0000000000000043       0x44 ./Middlewares/ThreadX/RTOS/ModuleLib/txm_event_flags_info_get.o
 .comment       0x0000000000000043       0x44 ./Middlewares/ThreadX/RTOS/ModuleLib/txm_event_flags_performance_info_get.o
 .comment       0x0000000000000043       0x44 ./Middlewares/ThreadX/RTOS/ModuleLib/txm_event_flags_performance_system_info_get.o
 .comment       0x0000000000000043       0x44 ./Middlewares/ThreadX/RTOS/ModuleLib/txm_event_flags_set.o
 .comment       0x0000000000000043       0x44 ./Middlewares/ThreadX/RTOS/ModuleLib/txm_event_flags_set_notify.o
 .comment       0x0000000000000043       0x44 ./Middlewares/ThreadX/RTOS/ModuleLib/txm_module_application_request.o
 .comment       0x0000000000000043       0x44 ./Middlewares/ThreadX/RTOS/ModuleLib/txm_module_callback_request_thread_entry.o
 .comment       0x0000000000000043       0x44 ./Middlewares/ThreadX/RTOS/ModuleLib/txm_module_object_allocate.o
 .comment       0x0000000000000043       0x44 ./Middlewares/ThreadX/RTOS/ModuleLib/txm_module_object_deallocate.o
 .comment       0x0000000000000043       0x44 ./Middlewares/ThreadX/RTOS/ModuleLib/txm_module_object_pointer_get.o
 .comment       0x0000000000000043       0x44 ./Middlewares/ThreadX/RTOS/ModuleLib/txm_module_object_pointer_get_extended.o
 .comment       0x0000000000000043       0x44 ./Middlewares/ThreadX/RTOS/ModuleLib/txm_module_thread_shell_entry.o
 .comment       0x0000000000000043       0x44 ./Middlewares/ThreadX/RTOS/ModuleLib/txm_module_thread_system_suspend.o
 .comment       0x0000000000000043       0x44 ./Middlewares/ThreadX/RTOS/ModuleLib/txm_mutex_create.o
 .comment       0x0000000000000043       0x44 ./Middlewares/ThreadX/RTOS/ModuleLib/txm_mutex_delete.o
 .comment       0x0000000000000043       0x44 ./Middlewares/ThreadX/RTOS/ModuleLib/txm_mutex_get.o
 .comment       0x0000000000000043       0x44 ./Middlewares/ThreadX/RTOS/ModuleLib/txm_mutex_info_get.o
 .comment       0x0000000000000043       0x44 ./Middlewares/ThreadX/RTOS/ModuleLib/txm_mutex_performance_info_get.o
 .comment       0x0000000000000043       0x44 ./Middlewares/ThreadX/RTOS/ModuleLib/txm_mutex_performance_system_info_get.o
 .comment       0x0000000000000043       0x44 ./Middlewares/ThreadX/RTOS/ModuleLib/txm_mutex_prioritize.o
 .comment       0x0000000000000043       0x44 ./Middlewares/ThreadX/RTOS/ModuleLib/txm_mutex_put.o
 .comment       0x0000000000000043       0x44 ./Middlewares/ThreadX/RTOS/ModuleLib/txm_queue_create.o
 .comment       0x0000000000000043       0x44 ./Middlewares/ThreadX/RTOS/ModuleLib/txm_queue_delete.o
 .comment       0x0000000000000043       0x44 ./Middlewares/ThreadX/RTOS/ModuleLib/txm_queue_flush.o
 .comment       0x0000000000000043       0x44 ./Middlewares/ThreadX/RTOS/ModuleLib/txm_queue_front_send.o
 .comment       0x0000000000000043       0x44 ./Middlewares/ThreadX/RTOS/ModuleLib/txm_queue_info_get.o
 .comment       0x0000000000000043       0x44 ./Middlewares/ThreadX/RTOS/ModuleLib/txm_queue_performance_info_get.o
 .comment       0x0000000000000043       0x44 ./Middlewares/ThreadX/RTOS/ModuleLib/txm_queue_performance_system_info_get.o
 .comment       0x0000000000000043       0x44 ./Middlewares/ThreadX/RTOS/ModuleLib/txm_queue_prioritize.o
 .comment       0x0000000000000043       0x44 ./Middlewares/ThreadX/RTOS/ModuleLib/txm_queue_receive.o
 .comment       0x0000000000000043       0x44 ./Middlewares/ThreadX/RTOS/ModuleLib/txm_queue_send.o
 .comment       0x0000000000000043       0x44 ./Middlewares/ThreadX/RTOS/ModuleLib/txm_queue_send_notify.o
 .comment       0x0000000000000043       0x44 ./Middlewares/ThreadX/RTOS/ModuleLib/txm_semaphore_ceiling_put.o
 .comment       0x0000000000000043       0x44 ./Middlewares/ThreadX/RTOS/ModuleLib/txm_semaphore_create.o
 .comment       0x0000000000000043       0x44 ./Middlewares/ThreadX/RTOS/ModuleLib/txm_semaphore_delete.o
 .comment       0x0000000000000043       0x44 ./Middlewares/ThreadX/RTOS/ModuleLib/txm_semaphore_get.o
 .comment       0x0000000000000043       0x44 ./Middlewares/ThreadX/RTOS/ModuleLib/txm_semaphore_info_get.o
 .comment       0x0000000000000043       0x44 ./Middlewares/ThreadX/RTOS/ModuleLib/txm_semaphore_performance_info_get.o
 .comment       0x0000000000000043       0x44 ./Middlewares/ThreadX/RTOS/ModuleLib/txm_semaphore_performance_system_info_get.o
 .comment       0x0000000000000043       0x44 ./Middlewares/ThreadX/RTOS/ModuleLib/txm_semaphore_prioritize.o
 .comment       0x0000000000000043       0x44 ./Middlewares/ThreadX/RTOS/ModuleLib/txm_semaphore_put.o
 .comment       0x0000000000000043       0x44 ./Middlewares/ThreadX/RTOS/ModuleLib/txm_semaphore_put_notify.o
 .comment       0x0000000000000043       0x44 ./Middlewares/ThreadX/RTOS/ModuleLib/txm_thread_create.o
 .comment       0x0000000000000043       0x44 ./Middlewares/ThreadX/RTOS/ModuleLib/txm_thread_delete.o
 .comment       0x0000000000000043       0x44 ./Middlewares/ThreadX/RTOS/ModuleLib/txm_thread_entry_exit_notify.o
 .comment       0x0000000000000043       0x44 ./Middlewares/ThreadX/RTOS/ModuleLib/txm_thread_identify.o
 .comment       0x0000000000000043       0x44 ./Middlewares/ThreadX/RTOS/ModuleLib/txm_thread_info_get.o
 .comment       0x0000000000000043       0x44 ./Middlewares/ThreadX/RTOS/ModuleLib/txm_thread_interrupt_control.o
 .comment       0x0000000000000043       0x44 ./Middlewares/ThreadX/RTOS/ModuleLib/txm_thread_performance_info_get.o
 .comment       0x0000000000000043       0x44 ./Middlewares/ThreadX/RTOS/ModuleLib/txm_thread_performance_system_info_get.o
 .comment       0x0000000000000043       0x44 ./Middlewares/ThreadX/RTOS/ModuleLib/txm_thread_preemption_change.o
 .comment       0x0000000000000043       0x44 ./Middlewares/ThreadX/RTOS/ModuleLib/txm_thread_priority_change.o
 .comment       0x0000000000000043       0x44 ./Middlewares/ThreadX/RTOS/ModuleLib/txm_thread_relinquish.o
 .comment       0x0000000000000043       0x44 ./Middlewares/ThreadX/RTOS/ModuleLib/txm_thread_reset.o
 .comment       0x0000000000000043       0x44 ./Middlewares/ThreadX/RTOS/ModuleLib/txm_thread_resume.o
 .comment       0x0000000000000043       0x44 ./Middlewares/ThreadX/RTOS/ModuleLib/txm_thread_sleep.o
 .comment       0x0000000000000043       0x44 ./Middlewares/ThreadX/RTOS/ModuleLib/txm_thread_stack_error_notify.o
 .comment       0x0000000000000043       0x44 ./Middlewares/ThreadX/RTOS/ModuleLib/txm_thread_suspend.o
 .comment       0x0000000000000043       0x44 ./Middlewares/ThreadX/RTOS/ModuleLib/txm_thread_terminate.o
 .comment       0x0000000000000043       0x44 ./Middlewares/ThreadX/RTOS/ModuleLib/txm_thread_time_slice_change.o
 .comment       0x0000000000000043       0x44 ./Middlewares/ThreadX/RTOS/ModuleLib/txm_thread_wait_abort.o
 .comment       0x0000000000000043       0x44 ./Middlewares/ThreadX/RTOS/ModuleLib/txm_time_get.o
 .comment       0x0000000000000043       0x44 ./Middlewares/ThreadX/RTOS/ModuleLib/txm_time_set.o
 .comment       0x0000000000000043       0x44 ./Middlewares/ThreadX/RTOS/ModuleLib/txm_timer_activate.o
 .comment       0x0000000000000043       0x44 ./Middlewares/ThreadX/RTOS/ModuleLib/txm_timer_change.o
 .comment       0x0000000000000043       0x44 ./Middlewares/ThreadX/RTOS/ModuleLib/txm_timer_create.o
 .comment       0x0000000000000043       0x44 ./Middlewares/ThreadX/RTOS/ModuleLib/txm_timer_deactivate.o
 .comment       0x0000000000000043       0x44 ./Middlewares/ThreadX/RTOS/ModuleLib/txm_timer_delete.o
 .comment       0x0000000000000043       0x44 ./Middlewares/ThreadX/RTOS/ModuleLib/txm_timer_info_get.o
 .comment       0x0000000000000043       0x44 ./Middlewares/ThreadX/RTOS/ModuleLib/txm_timer_performance_info_get.o
 .comment       0x0000000000000043       0x44 ./Middlewares/ThreadX/RTOS/ModuleLib/txm_timer_performance_system_info_get.o
 .comment       0x0000000000000043       0x44 ./Middlewares/ThreadX/RTOS/ModuleLib/txm_trace_buffer_full_notify.o
 .comment       0x0000000000000043       0x44 ./Middlewares/ThreadX/RTOS/ModuleLib/txm_trace_disable.o
 .comment       0x0000000000000043       0x44 ./Middlewares/ThreadX/RTOS/ModuleLib/txm_trace_enable.o
 .comment       0x0000000000000043       0x44 ./Middlewares/ThreadX/RTOS/ModuleLib/txm_trace_event_filter.o
 .comment       0x0000000000000043       0x44 ./Middlewares/ThreadX/RTOS/ModuleLib/txm_trace_event_unfilter.o
 .comment       0x0000000000000043       0x44 ./Middlewares/ThreadX/RTOS/ModuleLib/txm_trace_interrupt_control.o
 .comment       0x0000000000000043       0x44 ./Middlewares/ThreadX/RTOS/ModuleLib/txm_trace_isr_enter_insert.o
 .comment       0x0000000000000043       0x44 ./Middlewares/ThreadX/RTOS/ModuleLib/txm_trace_isr_exit_insert.o
 .comment       0x0000000000000043       0x44 ./Middlewares/ThreadX/RTOS/ModuleLib/txm_trace_user_event_insert.o

.debug_line     0x0000000000000000    0x286f0
 .debug_line    0x0000000000000000       0x9b ./Application/Startup/gcc_setup.o
 .debug_line    0x000000000000009b      0x6ce ./Application/User/app_module.o
 .debug_line    0x0000000000000769      0x667 ./Middlewares/ThreadX/RTOS/ModuleLib/txm_block_allocate.o
 .debug_line    0x0000000000000dd0      0x675 ./Middlewares/ThreadX/RTOS/ModuleLib/txm_block_pool_create.o
 .debug_line    0x0000000000001445      0x66a ./Middlewares/ThreadX/RTOS/ModuleLib/txm_block_pool_delete.o
 .debug_line    0x0000000000001aaf      0x68a ./Middlewares/ThreadX/RTOS/ModuleLib/txm_block_pool_info_get.o
 .debug_line    0x0000000000002139      0x68a ./Middlewares/ThreadX/RTOS/ModuleLib/txm_block_pool_performance_info_get.o
 .debug_line    0x00000000000027c3      0x68b ./Middlewares/ThreadX/RTOS/ModuleLib/txm_block_pool_performance_system_info_get.o
 .debug_line    0x0000000000002e4e      0x66e ./Middlewares/ThreadX/RTOS/ModuleLib/txm_block_pool_prioritize.o
 .debug_line    0x00000000000034bc      0x666 ./Middlewares/ThreadX/RTOS/ModuleLib/txm_block_release.o
 .debug_line    0x0000000000003b22      0x66a ./Middlewares/ThreadX/RTOS/ModuleLib/txm_byte_allocate.o
 .debug_line    0x000000000000418c      0x671 ./Middlewares/ThreadX/RTOS/ModuleLib/txm_byte_pool_create.o
 .debug_line    0x00000000000047fd      0x669 ./Middlewares/ThreadX/RTOS/ModuleLib/txm_byte_pool_delete.o
 .debug_line    0x0000000000004e66      0x689 ./Middlewares/ThreadX/RTOS/ModuleLib/txm_byte_pool_info_get.o
 .debug_line    0x00000000000054ef      0x69b ./Middlewares/ThreadX/RTOS/ModuleLib/txm_byte_pool_performance_info_get.o
 .debug_line    0x0000000000005b8a      0x69c ./Middlewares/ThreadX/RTOS/ModuleLib/txm_byte_pool_performance_system_info_get.o
 .debug_line    0x0000000000006226      0x66d ./Middlewares/ThreadX/RTOS/ModuleLib/txm_byte_pool_prioritize.o
 .debug_line    0x0000000000006893      0x665 ./Middlewares/ThreadX/RTOS/ModuleLib/txm_byte_release.o
 .debug_line    0x0000000000006ef8      0x66b ./Middlewares/ThreadX/RTOS/ModuleLib/txm_event_flags_create.o
 .debug_line    0x0000000000007563      0x66b ./Middlewares/ThreadX/RTOS/ModuleLib/txm_event_flags_delete.o
 .debug_line    0x0000000000007bce      0x672 ./Middlewares/ThreadX/RTOS/ModuleLib/txm_event_flags_get.o
 .debug_line    0x0000000000008240      0x685 ./Middlewares/ThreadX/RTOS/ModuleLib/txm_event_flags_info_get.o
 .debug_line    0x00000000000088c5      0x68b ./Middlewares/ThreadX/RTOS/ModuleLib/txm_event_flags_performance_info_get.o
 .debug_line    0x0000000000008f50      0x68c ./Middlewares/ThreadX/RTOS/ModuleLib/txm_event_flags_performance_system_info_get.o
 .debug_line    0x00000000000095dc      0x668 ./Middlewares/ThreadX/RTOS/ModuleLib/txm_event_flags_set.o
 .debug_line    0x0000000000009c44      0x66f ./Middlewares/ThreadX/RTOS/ModuleLib/txm_event_flags_set_notify.o
 .debug_line    0x000000000000a2b3      0x673 ./Middlewares/ThreadX/RTOS/ModuleLib/txm_module_application_request.o
 .debug_line    0x000000000000a926      0x6e9 ./Middlewares/ThreadX/RTOS/ModuleLib/txm_module_callback_request_thread_entry.o
 .debug_line    0x000000000000b00f      0x66f ./Middlewares/ThreadX/RTOS/ModuleLib/txm_module_object_allocate.o
 .debug_line    0x000000000000b67e      0x671 ./Middlewares/ThreadX/RTOS/ModuleLib/txm_module_object_deallocate.o
 .debug_line    0x000000000000bcef      0x672 ./Middlewares/ThreadX/RTOS/ModuleLib/txm_module_object_pointer_get.o
 .debug_line    0x000000000000c361      0x684 ./Middlewares/ThreadX/RTOS/ModuleLib/txm_module_object_pointer_get_extended.o
 .debug_line    0x000000000000c9e5      0x6c0 ./Middlewares/ThreadX/RTOS/ModuleLib/txm_module_thread_shell_entry.o
 .debug_line    0x000000000000d0a5      0x675 ./Middlewares/ThreadX/RTOS/ModuleLib/txm_module_thread_system_suspend.o
 .debug_line    0x000000000000d71a      0x669 ./Middlewares/ThreadX/RTOS/ModuleLib/txm_mutex_create.o
 .debug_line    0x000000000000dd83      0x665 ./Middlewares/ThreadX/RTOS/ModuleLib/txm_mutex_delete.o
 .debug_line    0x000000000000e3e8      0x662 ./Middlewares/ThreadX/RTOS/ModuleLib/txm_mutex_get.o
 .debug_line    0x000000000000ea4a      0x685 ./Middlewares/ThreadX/RTOS/ModuleLib/txm_mutex_info_get.o
 .debug_line    0x000000000000f0cf      0x691 ./Middlewares/ThreadX/RTOS/ModuleLib/txm_mutex_performance_info_get.o
 .debug_line    0x000000000000f760      0x692 ./Middlewares/ThreadX/RTOS/ModuleLib/txm_mutex_performance_system_info_get.o
 .debug_line    0x000000000000fdf2      0x669 ./Middlewares/ThreadX/RTOS/ModuleLib/txm_mutex_prioritize.o
 .debug_line    0x000000000001045b      0x662 ./Middlewares/ThreadX/RTOS/ModuleLib/txm_mutex_put.o
 .debug_line    0x0000000000010abd      0x670 ./Middlewares/ThreadX/RTOS/ModuleLib/txm_queue_create.o
 .debug_line    0x000000000001112d      0x665 ./Middlewares/ThreadX/RTOS/ModuleLib/txm_queue_delete.o
 .debug_line    0x0000000000011792      0x664 ./Middlewares/ThreadX/RTOS/ModuleLib/txm_queue_flush.o
 .debug_line    0x0000000000011df6      0x669 ./Middlewares/ThreadX/RTOS/ModuleLib/txm_queue_front_send.o
 .debug_line    0x000000000001245f      0x685 ./Middlewares/ThreadX/RTOS/ModuleLib/txm_queue_info_get.o
 .debug_line    0x0000000000012ae4      0x691 ./Middlewares/ThreadX/RTOS/ModuleLib/txm_queue_performance_info_get.o
 .debug_line    0x0000000000013175      0x692 ./Middlewares/ThreadX/RTOS/ModuleLib/txm_queue_performance_system_info_get.o
 .debug_line    0x0000000000013807      0x669 ./Middlewares/ThreadX/RTOS/ModuleLib/txm_queue_prioritize.o
 .debug_line    0x0000000000013e70      0x666 ./Middlewares/ThreadX/RTOS/ModuleLib/txm_queue_receive.o
 .debug_line    0x00000000000144d6      0x663 ./Middlewares/ThreadX/RTOS/ModuleLib/txm_queue_send.o
 .debug_line    0x0000000000014b39      0x66a ./Middlewares/ThreadX/RTOS/ModuleLib/txm_queue_send_notify.o
 .debug_line    0x00000000000151a3      0x66e ./Middlewares/ThreadX/RTOS/ModuleLib/txm_semaphore_ceiling_put.o
 .debug_line    0x0000000000015811      0x66d ./Middlewares/ThreadX/RTOS/ModuleLib/txm_semaphore_create.o
 .debug_line    0x0000000000015e7e      0x669 ./Middlewares/ThreadX/RTOS/ModuleLib/txm_semaphore_delete.o
 .debug_line    0x00000000000164e7      0x666 ./Middlewares/ThreadX/RTOS/ModuleLib/txm_semaphore_get.o
 .debug_line    0x0000000000016b4d      0x683 ./Middlewares/ThreadX/RTOS/ModuleLib/txm_semaphore_info_get.o
 .debug_line    0x00000000000171d0      0x689 ./Middlewares/ThreadX/RTOS/ModuleLib/txm_semaphore_performance_info_get.o
 .debug_line    0x0000000000017859      0x68a ./Middlewares/ThreadX/RTOS/ModuleLib/txm_semaphore_performance_system_info_get.o
 .debug_line    0x0000000000017ee3      0x66d ./Middlewares/ThreadX/RTOS/ModuleLib/txm_semaphore_prioritize.o
 .debug_line    0x0000000000018550      0x666 ./Middlewares/ThreadX/RTOS/ModuleLib/txm_semaphore_put.o
 .debug_line    0x0000000000018bb6      0x66d ./Middlewares/ThreadX/RTOS/ModuleLib/txm_semaphore_put_notify.o
 .debug_line    0x0000000000019223      0x679 ./Middlewares/ThreadX/RTOS/ModuleLib/txm_thread_create.o
 .debug_line    0x000000000001989c      0x666 ./Middlewares/ThreadX/RTOS/ModuleLib/txm_thread_delete.o
 .debug_line    0x0000000000019f02      0x671 ./Middlewares/ThreadX/RTOS/ModuleLib/txm_thread_entry_exit_notify.o
 .debug_line    0x000000000001a573      0x668 ./Middlewares/ThreadX/RTOS/ModuleLib/txm_thread_identify.o
 .debug_line    0x000000000001abdb      0x692 ./Middlewares/ThreadX/RTOS/ModuleLib/txm_thread_info_get.o
 .debug_line    0x000000000001b26d      0x671 ./Middlewares/ThreadX/RTOS/ModuleLib/txm_thread_interrupt_control.o
 .debug_line    0x000000000001b8de      0x6aa ./Middlewares/ThreadX/RTOS/ModuleLib/txm_thread_performance_info_get.o
 .debug_line    0x000000000001bf88      0x6b1 ./Middlewares/ThreadX/RTOS/ModuleLib/txm_thread_performance_system_info_get.o
 .debug_line    0x000000000001c639      0x671 ./Middlewares/ThreadX/RTOS/ModuleLib/txm_thread_preemption_change.o
 .debug_line    0x000000000001ccaa      0x66f ./Middlewares/ThreadX/RTOS/ModuleLib/txm_thread_priority_change.o
 .debug_line    0x000000000001d319      0x664 ./Middlewares/ThreadX/RTOS/ModuleLib/txm_thread_relinquish.o
 .debug_line    0x000000000001d97d      0x665 ./Middlewares/ThreadX/RTOS/ModuleLib/txm_thread_reset.o
 .debug_line    0x000000000001dfe2      0x666 ./Middlewares/ThreadX/RTOS/ModuleLib/txm_thread_resume.o
 .debug_line    0x000000000001e648      0x665 ./Middlewares/ThreadX/RTOS/ModuleLib/txm_thread_sleep.o
 .debug_line    0x000000000001ecad      0x672 ./Middlewares/ThreadX/RTOS/ModuleLib/txm_thread_stack_error_notify.o
 .debug_line    0x000000000001f31f      0x667 ./Middlewares/ThreadX/RTOS/ModuleLib/txm_thread_suspend.o
 .debug_line    0x000000000001f986      0x669 ./Middlewares/ThreadX/RTOS/ModuleLib/txm_thread_terminate.o
 .debug_line    0x000000000001ffef      0x671 ./Middlewares/ThreadX/RTOS/ModuleLib/txm_thread_time_slice_change.o
 .debug_line    0x0000000000020660      0x66a ./Middlewares/ThreadX/RTOS/ModuleLib/txm_thread_wait_abort.o
 .debug_line    0x0000000000020cca      0x661 ./Middlewares/ThreadX/RTOS/ModuleLib/txm_time_get.o
 .debug_line    0x000000000002132b      0x65b ./Middlewares/ThreadX/RTOS/ModuleLib/txm_time_set.o
 .debug_line    0x0000000000021986      0x667 ./Middlewares/ThreadX/RTOS/ModuleLib/txm_timer_activate.o
 .debug_line    0x0000000000021fed      0x665 ./Middlewares/ThreadX/RTOS/ModuleLib/txm_timer_change.o
 .debug_line    0x0000000000022652      0x670 ./Middlewares/ThreadX/RTOS/ModuleLib/txm_timer_create.o
 .debug_line    0x0000000000022cc2      0x669 ./Middlewares/ThreadX/RTOS/ModuleLib/txm_timer_deactivate.o
 .debug_line    0x000000000002332b      0x665 ./Middlewares/ThreadX/RTOS/ModuleLib/txm_timer_delete.o
 .debug_line    0x0000000000023990      0x67f ./Middlewares/ThreadX/RTOS/ModuleLib/txm_timer_info_get.o
 .debug_line    0x000000000002400f      0x68b ./Middlewares/ThreadX/RTOS/ModuleLib/txm_timer_performance_info_get.o
 .debug_line    0x000000000002469a      0x68c ./Middlewares/ThreadX/RTOS/ModuleLib/txm_timer_performance_system_info_get.o
 .debug_line    0x0000000000024d26      0x671 ./Middlewares/ThreadX/RTOS/ModuleLib/txm_trace_buffer_full_notify.o
 .debug_line    0x0000000000025397      0x666 ./Middlewares/ThreadX/RTOS/ModuleLib/txm_trace_disable.o
 .debug_line    0x00000000000259fd      0x665 ./Middlewares/ThreadX/RTOS/ModuleLib/txm_trace_enable.o
 .debug_line    0x0000000000026062      0x66b ./Middlewares/ThreadX/RTOS/ModuleLib/txm_trace_event_filter.o
 .debug_line    0x00000000000266cd      0x66d ./Middlewares/ThreadX/RTOS/ModuleLib/txm_trace_event_unfilter.o
 .debug_line    0x0000000000026d3a      0x670 ./Middlewares/ThreadX/RTOS/ModuleLib/txm_trace_interrupt_control.o
 .debug_line    0x00000000000273aa      0x669 ./Middlewares/ThreadX/RTOS/ModuleLib/txm_trace_isr_enter_insert.o
 .debug_line    0x0000000000027a13      0x668 ./Middlewares/ThreadX/RTOS/ModuleLib/txm_trace_isr_exit_insert.o
 .debug_line    0x000000000002807b      0x675 ./Middlewares/ThreadX/RTOS/ModuleLib/txm_trace_user_event_insert.o

.debug_line_str