C:/Users/admin/Desktop/security24_material/qemu_stm32l475_m4_write_after_exploit/qemu_stm32l475_m4_write_after_exploit/Src/app_module.c:159:6:MaliciousTimerFunction	0	static
C:/Users/admin/Desktop/security24_material/qemu_stm32l475_m4_write_after_exploit/qemu_stm32l475_m4_write_after_exploit/Src/app_module.c:73:6:thread_0_entry	56	static
C:/Users/admin/Desktop/security24_material/qemu_stm32l475_m4_write_after_exploit/qemu_stm32l475_m4_write_after_exploit/Src/app_module.c:48:9:default_module_start	56	static
C:/Users/admin/Desktop/security24_material/qemu_stm32l475_m4_write_after_exploit/qemu_stm32l475_m4_write_after_exploit/Src/app_module.c:153:6:Error_Handler	8	static
C:/Users/admin/Desktop/security24_material/qemu_stm32l475_m4_write_after_exploit/qemu_stm32l475_m4_write_after_exploit/Src/app_module.c:161:6:MainThread_Entry	0	static
