/Users/gisakaimoe/STM32CubeIDE/workspace_1.7.0/Tx_MPU/Src/stm32u5xx_it.c:70:6:NMI_Handler	4	static
/Users/gisakaimoe/STM32CubeIDE/workspace_1.7.0/Tx_MPU/Src/stm32u5xx_it.c:85:6:HardFault_Handler	4	static
/Users/gisakaimoe/STM32CubeIDE/workspace_1.7.0/Tx_MPU/Src/stm32u5xx_it.c:100:6:UsageFault_Handler	4	static
/Users/gisakaimoe/STM32CubeIDE/workspace_1.7.0/Tx_MPU/Src/stm32u5xx_it.c:115:6:DebugMon_Handler	4	static
/Users/gisakaimoe/STM32CubeIDE/workspace_1.7.0/Tx_MPU/Src/stm32u5xx_it.c:135:6:TIM6_IRQHandler	8	static
