C:/Users/admin/Desktop/security24_material/stm32u575_m33_read_after_exploit/Src/app_module.c:94:9:default_module_start	56	static
C:/Users/admin/Desktop/security24_material/stm32u575_m33_read_after_exploit/Src/app_module.c:138:6:MainThread_Entry	80	static
C:/Users/admin/Desktop/security24_material/stm32u575_m33_read_after_exploit/Src/app_module.c:230:6:Error_Handler	8	static
C:/Users/admin/Desktop/security24_material/stm32u575_m33_read_after_exploit/Src/app_module.c:236:6:MaliciousTimerFunction	16	static
