C:/Users/admin/Desktop/security24_material/qemu_stm32l475_m4_read_before_exploit/qemu_stm32l475_m4_read_before_exploit/Src/app_module.c:160:6:MaliciousTimerFunction	0	static
C:/Users/admin/Desktop/security24_material/qemu_stm32l475_m4_read_before_exploit/qemu_stm32l475_m4_read_before_exploit/Src/app_module.c:74:6:thread_0_entry	64	static
C:/Users/admin/Desktop/security24_material/qemu_stm32l475_m4_read_before_exploit/qemu_stm32l475_m4_read_before_exploit/Src/app_module.c:49:9:default_module_start	56	static
C:/Users/admin/Desktop/security24_material/qemu_stm32l475_m4_read_before_exploit/qemu_stm32l475_m4_read_before_exploit/Src/app_module.c:154:6:Error_Handler	8	static
C:/Users/admin/Desktop/security24_material/qemu_stm32l475_m4_read_before_exploit/qemu_stm32l475_m4_read_before_exploit/Src/app_module.c:162:6:MainThread_Entry	0	static
