
Discarded input sections

 .group         0x0000000000000000        0xc ./Application/User/app_module.o
 .group         0x0000000000000000        0xc ./Application/User/app_module.o
 .group         0x0000000000000000        0xc ./Application/User/app_module.o
 .group         0x0000000000000000        0xc ./Application/User/app_module.o
 .group         0x0000000000000000        0xc ./Application/User/app_module.o
 .group         0x0000000000000000        0xc ./Application/User/app_module.o
 .group         0x0000000000000000        0xc ./Application/User/app_module.o
 .group         0x0000000000000000        0xc ./Application/User/app_module.o
 .group         0x0000000000000000        0xc ./Application/User/app_module.o
 .group         0x0000000000000000        0xc ./Application/User/app_module.o
 .group         0x0000000000000000        0xc ./Application/User/app_module.o
 .group         0x0000000000000000        0xc ./Application/User/app_module.o
 .group         0x0000000000000000        0xc ./Application/User/app_module.o
 .group         0x0000000000000000        0xc ./Application/User/app_module.o
 .group         0x0000000000000000        0xc ./Application/User/app_module.o
 .group         0x0000000000000000        0xc ./Application/User/app_module.o
 .group         0x0000000000000000        0xc ./Application/User/app_module.o
 .group         0x0000000000000000        0xc ./Application/User/app_module.o
 .group         0x0000000000000000        0xc ./Application/User/app_module.o
 .group         0x0000000000000000        0xc ./Application/User/app_module.o
 .group         0x0000000000000000        0xc ./Application/User/app_module.o
 .group         0x0000000000000000        0xc ./Application/User/app_module.o
 .group         0x0000000000000000        0xc ./Application/User/app_module.o
 .group         0x0000000000000000        0xc ./Application/User/app_module.o
 .group         0x0000000000000000        0xc ./Application/User/app_module.o
 .group         0x0000000000000000        0xc ./Application/User/app_module.o
 .group         0x0000000000000000        0xc ./Application/User/app_module.o
 .group         0x0000000000000000        0xc ./Application/User/app_module.o
 .group         0x0000000000000000        0xc ./Application/User/app_module.o
 .group         0x0000000000000000        0xc ./Application/User/app_module.o
 .group         0x0000000000000000        0xc ./Middlewares/ThreadX/RTOS/ModuleLib/txm_block_allocate.o
 .group         0x0000000000000000        0xc ./Middlewares/ThreadX/RTOS/ModuleLib/txm_block_allocate.o
 .group         0x0000000000000000        0xc ./Middlewares/ThreadX/RTOS/ModuleLib/txm_block_allocate.o
 .group         0x0000000000000000        0xc ./Middlewares/ThreadX/RTOS/ModuleLib/txm_block_allocate.o
 .group         0x0000000000000000        0xc ./Middlewares/ThreadX/RTOS/ModuleLib/txm_block_allocate.o
 .group         0x0000000000000000        0xc ./Middlewares/ThreadX/RTOS/ModuleLib/txm_block_allocate.o
 .group         0x0000000000000000        0xc ./Middlewares/ThreadX/RTOS/ModuleLib/txm_block_allocate.o
 .group         0x0000000000000000        0xc ./Middlewares/ThreadX/RTOS/ModuleLib/txm_block_allocate.o
 .group         0x0000000000000000        0xc ./Middlewares/ThreadX/RTOS/ModuleLib/txm_block_allocate.o
 .group         0x0000000000000000        0xc ./Middlewares/ThreadX/RTOS/ModuleLib/txm_block_allocate.o
 .group         0x0000000000000000        0xc ./Middlewares/ThreadX/RTOS/ModuleLib/txm_block_allocate.o
 .group         0x0000000000000000        0xc ./Middlewares/ThreadX/RTOS/ModuleLib/txm_block_allocate.o
 .group         0x0000000000000000        0xc ./Middlewares/ThreadX/RTOS/ModuleLib/txm_block_allocate.o
 .group         0x0000000000000000        0xc ./Middlewares/ThreadX/RTOS/ModuleLib/txm_block_allocate.o
 .group         0x0000000000000000        0xc ./Middlewares/ThreadX/RTOS/ModuleLib/txm_block_allocate.o
 .group         0x0000000000000000        0xc ./Middlewares/ThreadX/RTOS/ModuleLib/txm_block_allocate.o
 .group         0x0000000000000000        0xc ./Middlewares/ThreadX/RTOS/ModuleLib/txm_block_allocate.o
 .group         0x0000000000000000        0xc ./Middlewares/ThreadX/RTOS/ModuleLib/txm_block_allocate.o
 .group         0x0000000000000000        0xc ./Middlewares/ThreadX/RTOS/ModuleLib/txm_block_allocate.o
 .group         0x0000000000000000        0xc ./Middlewares/ThreadX/RTOS/ModuleLib/txm_block_allocate.o
 .group         0x0000000000000000        0xc ./Middlewares/ThreadX/RTOS/ModuleLib/txm_block_allocate.o
 .group         0x0000000000000000        0xc ./Middlewares/ThreadX/RTOS/ModuleLib/txm_block_allocate.o
 .group         0x0000000000000000        0xc ./Middlewares/ThreadX/RTOS/ModuleLib/txm_block_allocate.o
 .group         0x0000000000000000        0xc ./Middlewares/ThreadX/RTOS/ModuleLib/txm_block_allocate.o
[...]
Memory Configuration

Name             Origin             Length             Attributes
FLASH            0x0000000008020000 0x00000000000e0000 xr
RAM              0x0000000020020000 0x0000000000010000 xw
*default*        0x0000000000000000 0xffffffffffffffff

Linker script and memory map

LOAD ./Application/Startup/gcc_setup.o
LOAD ./Application/Startup/txm_module_preamble.o
LOAD ./Application/User/app_module.o
LOAD ./Middlewares/ThreadX/RTOS/ModuleLib/txm_block_allocate.o
LOAD ./Middlewares/ThreadX/RTOS/ModuleLib/txm_block_pool_create.o
LOAD ./Middlewares/ThreadX/RTOS/ModuleLib/txm_block_pool_delete.o
LOAD ./Middlewares/ThreadX/RTOS/ModuleLib/txm_block_pool_info_get.o
LOAD ./Middlewares/ThreadX/RTOS/ModuleLib/txm_block_pool_performance_info_get.o
LOAD ./Middlewares/ThreadX/RTOS/ModuleLib/txm_block_pool_performance_system_info_get.o
LOAD ./Middlewares/ThreadX/RTOS/ModuleLib/txm_block_pool_prioritize.o
LOAD ./Middlewares/ThreadX/RTOS/ModuleLib/txm_block_release.o
LOAD ./Middlewares/ThreadX/RTOS/ModuleLib/txm_byte_allocate.o
LOAD ./Middlewares/ThreadX/RTOS/ModuleLib/txm_byte_pool_create.o
LOAD ./Middlewares/ThreadX/RTOS/ModuleLib/txm_byte_pool_delete.o
LOAD ./Middlewares/ThreadX/RTOS/ModuleLib/txm_byte_pool_info_get.o
LOAD ./Middlewares/ThreadX/RTOS/ModuleLib/txm_byte_pool_performance_info_get.o
LOAD ./Middlewares/ThreadX/RTOS/ModuleLib/txm_byte_pool_performance_system_info_get.o
LOAD ./Middlewares/ThreadX/RTOS/ModuleLib/txm_byte_pool_prioritize.o
LOAD ./Middlewares/ThreadX/RTOS/ModuleLib/txm_byte_release.o
LOAD ./Middlewares/ThreadX/RTOS/ModuleLib/txm_event_flags_create.o
LOAD ./Middlewares/ThreadX/RTOS/ModuleLib/txm_event_flags_delete.o
LOAD ./Middlewares/ThreadX/RTOS/ModuleLib/txm_event_flags_get.o
LOAD ./Middlewares/ThreadX/RTOS/ModuleLib/txm_event_flags_info_get.o
LOAD ./Middlewares/ThreadX/RTOS/ModuleLib/txm_event_flags_performance_info_get.o
LOAD ./Middlewares/ThreadX/RTOS/ModuleLib/txm_event_flags_performance_system_info_get.o
LOAD ./Middlewares/ThreadX/RTOS/ModuleLib/txm_event_flags_set.o
LOAD ./Middlewares/ThreadX/RTOS/ModuleLib/txm_event_flags_set_notify.o
LOAD ./Middlewares/ThreadX/RTOS/ModuleLib/txm_module_application_request.o
LOAD ./Middlewares/ThreadX/RTOS/ModuleLib/txm_module_callback_request_thread_entry.o
LOAD ./Middlewares/ThreadX/RTOS/ModuleLib/txm_module_object_allocate.o
LOAD ./Middlewares/ThreadX/RTOS/ModuleLib/txm_module_object_deallocate.o
LOAD ./Middlewares/ThreadX/RTOS/ModuleLib/txm_module_object_pointer_get.o
LOAD ./Middlewares/ThreadX/RTOS/ModuleLib/txm_module_object_pointer_get_extended.o
LOAD ./Middlewares/ThreadX/RTOS/ModuleLib/txm_module_thread_shell_entry.o
LOAD ./Middlewares/ThreadX/RTOS/ModuleLib/txm_module_thread_system_suspend.o
LOAD ./Middlewares/ThreadX/RTOS/ModuleLib/txm_mutex_create.o
LOAD ./Middlewares/ThreadX/RTOS/ModuleLib/txm_mutex_delete.o
LOAD ./Middlewares/ThreadX/RTOS/ModuleLib/txm_mutex_get.o
LOAD ./Middlewares/ThreadX/RTOS/ModuleLib/txm_mutex_info_get.o
LOAD ./Middlewares/ThreadX/RTOS/ModuleLib/txm_mutex_performance_info_get.o
LOAD ./Middlewares/ThreadX/RTOS/ModuleLib/txm_mutex_performance_system_info_get.o
LOAD ./Middlewares/ThreadX/RTOS/ModuleLib/txm_mutex_prioritize.o
LOAD ./Middlewares/ThreadX/RTOS/ModuleLib/txm_mutex_put.o
LOAD ./Middlewares/ThreadX/RTOS/ModuleLib/txm_queue_create.o
LOAD ./Middlewares/ThreadX/RTOS/ModuleLib/txm_queue_delete.o
LOAD ./Middlewares/ThreadX/RTOS/ModuleLib/txm_queue_flush.o
LOAD ./Middlewares/ThreadX/RTOS/ModuleLib/txm_queue_front_send.o
LOAD ./Middlewares/ThreadX/RTOS/ModuleLib/txm_queue_info_get.o
LOAD ./Middlewares/ThreadX/RTOS/ModuleLib/txm_queue_performance_info_get.o
LOAD ./Middlewares/ThreadX/RTOS/ModuleLib/txm_queue_performance_system_info_get.o
LOAD ./Middlewares/ThreadX/RTOS/ModuleLib/txm_queue_prioritize.o
LOAD ./Middlewares/ThreadX/RTOS/ModuleLib/txm_queue_receive.o
LOAD ./Middlewares/ThreadX/RTOS/ModuleLib/txm_queue_send.o
LOAD ./Middlewares/ThreadX/RTOS/ModuleLib/txm_queue_send_notify.o
LOAD ./Middlewares/ThreadX/RTOS/ModuleLib/txm_semaphore_ceiling_put.o
LOAD ./Middlewares/ThreadX/RTOS/ModuleLib/txm_semaphore_create.o
LOAD ./Middlewares/ThreadX/RTOS/ModuleLib/txm_semaphore_delete.o
LOAD ./Middlewares/ThreadX/RTOS/ModuleLib/txm_semaphore_get.o
LOAD ./Middlewares/ThreadX/RTOS/ModuleLib/txm_semaphore_info_get.o
LOAD ./Middlewares/ThreadX/RTOS/ModuleLib/txm_semaphore_performance_info_get.o
LOAD ./Middlewares/ThreadX/RTOS/ModuleLib/txm_semaphore_performance_system_info_get.o
LOAD ./Middlewares/ThreadX/RTOS/ModuleLib/txm_semaphore_prioritize.o
LOAD ./Middlewares/ThreadX/RTOS/ModuleLib/txm_semaphore_put.o
LOAD ./Middlewares/ThreadX/RTOS/ModuleLib/txm_semaphore_put_notify.o
LOAD ./Middlewares/ThreadX/RTOS/ModuleLib/txm_thread_create.o
LOAD ./Middlewares/ThreadX/RTOS/ModuleLib/txm_thread_delete.o
LOAD ./Middlewares/ThreadX/RTOS/ModuleLib/txm_thread_entry_exit_notify.o
LOAD ./Middlewares/ThreadX/RTOS/ModuleLib/txm_thread_identify.o
LOAD ./Middlewares/ThreadX/RTOS/ModuleLib/txm_thread_info_get.o
LOAD ./Middlewares/ThreadX/RTOS/ModuleLib/txm_thread_interrupt_control.o
LOAD ./Middlewares/ThreadX/RTOS/ModuleLib/txm_thread_performance_info_get.o
LOAD ./Middlewares/ThreadX/RTOS/ModuleLib/txm_thread_performance_system_info_get.o
LOAD ./Middlewares/ThreadX/RTOS/ModuleLib/txm_thread_preemption_change.o
LOAD ./Middlewares/ThreadX/RTOS/ModuleLib/txm_thread_priority_change.o
LOAD ./Middlewares/ThreadX/RTOS/ModuleLib/txm_thread_relinquish.o
LOAD ./Middlewares/ThreadX/RTOS/ModuleLib/txm_thread_reset.o
LOAD ./Middlewares/ThreadX/RTOS/ModuleLib/txm_thread_resume.o
LOAD ./Middlewares/ThreadX/RTOS/ModuleLib/txm_thread_sleep.o
LOAD ./Middlewares/ThreadX/RTOS/ModuleLib/txm_thread_stack_error_notify.o
LOAD ./Middlewares/ThreadX/RTOS/ModuleLib/txm_thread_suspend.o
LOAD ./Middlewares/ThreadX/RTOS/ModuleLib/txm_thread_terminate.o
LOAD ./Middlewares/ThreadX/RTOS/ModuleLib/txm_thread_time_slice_change.o
LOAD ./Middlewares/ThreadX/RTOS/ModuleLib/txm_thread_wait_abort.o
LOAD ./Middlewares/ThreadX/RTOS/ModuleLib/txm_time_get.o
LOAD ./Middlewares/ThreadX/RTOS/ModuleLib/txm_time_set.o
LOAD ./Middlewares/ThreadX/RTOS/ModuleLib/txm_timer_activate.o
LOAD ./Middlewares/ThreadX/RTOS/ModuleLib/txm_timer_change.o
LOAD ./Middlewares/ThreadX/RTOS/ModuleLib/txm_timer_create.o
LOAD ./Middlewares/ThreadX/RTOS/ModuleLib/txm_timer_deactivate.o
LOAD ./Middlewares/ThreadX/RTOS/ModuleLib/txm_timer_delete.o
LOAD ./Middlewares/ThreadX/RTOS/ModuleLib/txm_timer_info_get.o
LOAD ./Middlewares/ThreadX/RTOS/ModuleLib/txm_timer_performance_info_get.o
LOAD ./Middlewares/ThreadX/RTOS/ModuleLib/txm_timer_performance_system_info_get.o
LOAD ./Middlewares/ThreadX/RTOS/ModuleLib/txm_trace_buffer_full_notify.o
LOAD ./Middlewares/ThreadX/RTOS/ModuleLib/txm_trace_disable.o
LOAD ./Middlewares/ThreadX/RTOS/ModuleLib/txm_trace_enable.o
LOAD ./Middlewares/ThreadX/RTOS/ModuleLib/txm_trace_event_filter.o
LOAD ./Middlewares/ThreadX/RTOS/ModuleLib/txm_trace_event_unfilter.o
LOAD ./Middlewares/ThreadX/RTOS/ModuleLib/txm_trace_interrupt_control.o
LOAD ./Middlewares/ThreadX/RTOS/ModuleLib/txm_trace_isr_enter_insert.o
LOAD ./Middlewares/ThreadX/RTOS/ModuleLib/txm_trace_isr_exit_insert.o
LOAD ./Middlewares/ThreadX/RTOS/ModuleLib/txm_trace_user_event_insert.o
START GROUP
LOAD C:/ST/STM32CubeIDE_1.14.1/STM32CubeIDE/plugins/com.st.stm32cube.ide.mcu.externaltools.gnu-tools-for-stm32.11.3.rel1.win32_1.1.100.202309141235/tools/bin/../lib/gcc/arm-none-eabi/11.3.1/../../../../arm-none-eabi/lib/thumb/v8-m.main+fp/hard\libc_nano.a
LOAD C:/ST/STM32CubeIDE_1.14.1/STM32CubeIDE/plugins/com.st.stm32cube.ide.mcu.externaltools.gnu-tools-for-stm32.11.3.rel1.win32_1.1.100.202309141235/tools/bin/../lib/gcc/arm-none-eabi/11.3.1/../../../../arm-none-eabi/lib/thumb/v8-m.main+fp/hard\libm.a
END GROUP
                0x0000000008020000                __FLASH_segment_start__ = 0x8020000
                0x00000000080fffff                __FLASH_segment_end__ = 0x80fffff
                0x0000000020020000                __RAM_segment_start__ = 0x20020000
                0x000000002002ffff                __RAM_segment_end__ = 0x2002ffff
                0x0000000000000040                __HEAPSIZE__ = 0x40
                0x0000000008020000                __preamble_load_start__ = __FLASH_segment_start__

.preamble       0x0000000008020000       0xa6
                0x0000000008020000                __preamble_start__ = .
 *preamble*()
 .text          0x0000000008020000       0x80 ./Application/Startup/txm_module_preamble.o
                0x0000000008020000                __txm_module_preamble
 .data          0x0000000008020080        0x0 ./Application/Startup/txm_module_preamble.o
 .bss           0x0000000008020080        0x0 ./Application/Startup/txm_module_preamble.o
 .ARM.attributes
                0x0000000008020080       0x26 ./Application/Startup/txm_module_preamble.o
                0x00000000080200a6                __preamble_end__ = (__preamble_start__ + SIZEOF (.preamble))
                0x00000000080200a8                __dynsym_load_start__ = ALIGN (__preamble_end__, 0x4)

.dynsym         0x00000000080200a8        0x0
                0x00000000080200a8                . = ALIGN (0x4)
 *(.dynsym)
 *(.dynsym*)
                0x00000000080200a8                . = ALIGN (0x4)
                0x00000000080200a8                __dynsym_end__ = (__dynsym_load_start__ + SIZEOF (.dynsym))
                0x00000000080200a8                __dynstr_load_start__ = ALIGN (__dynsym_end__, 0x4)

.dynstr         0x00000000080200a8        0x0
                0x00000000080200a8                . = ALIGN (0x4)
 *(.dynstr)
 *(.dynstr*)
                0x00000000080200a8                . = ALIGN (0x4)
                0x00000000080200a8                __dynstr_end__ = (__dynstr_load_start__ + SIZEOF (.dynstr))
                0x00000000080200a8                __reldyn_load_start__ = ALIGN (__dynstr_end__, 0x4)

.rel.dyn        0x00000000080200a8        0x0
                0x00000000080200a8                . = ALIGN (0x4)
 *(.rel.dyn)
 *(.rel.dyn*)
                0x00000000080200a8                . = ALIGN (0x4)
 .rel.iplt      0x00000000080200a8        0x0 ./Application/Startup/gcc_setup.o
 .rel.got       0x00000000080200a8        0x0 ./Application/Startup/gcc_setup.o
                0x00000000080200a8                __reldyn_end__ = (__reldyn_load_start__ + SIZEOF (.rel.dyn))
                0x00000000080200a8                __relplt_load_start__ = ALIGN (__reldyn_end__, 0x4)

.rel.plt        0x00000000080200a8        0x0
                0x00000000080200a8                . = ALIGN (0x4)
 *(.rel.plt)
 *(.rel.plt*)
                0x00000000080200a8                . = ALIGN (0x4)
                0x00000000080200a8                __relplt_end__ = (__relplt_load_start__ + SIZEOF (.rel.plt))
                0x00000000080200a8                __plt_load_start__ = ALIGN (__relplt_end__, 0x4)

.plt            0x00000000080200a8        0x0
                0x00000000080200a8                . = ALIGN (0x4)
 *(.plt)
 *(.plt*)
                0x00000000080200a8                . = ALIGN (0x4)
                0x00000000080200a8                __plt_end__ = (__plt_load_start__ + SIZEOF (.plt))
                0x00000000080200a8                __interp_load_start__ = ALIGN (__plt_end__, 0x4)

.interp         0x00000000080200a8        0x0
                0x00000000080200a8                . = ALIGN (0x4)
 *(.interp)
 *(.interp*)
                0x00000000080200a8                . = ALIGN (0x4)
                0x00000000080200a8                __interp_end__ = (__interp_load_start__ + SIZEOF (.interp))
                0x00000000080200a8                __hash_load_start__ = ALIGN (__interp_end__, 0x4)

.hash           0x00000000080200a8        0x0
                0x00000000080200a8                . = ALIGN (0x4)
 *(.hash)
 *(.hash*)
                0x00000000080200a8                . = ALIGN (0x4)
                0x00000000080200a8                __hash_end__ = (__hash_load_start__ + SIZEOF (.hash))
                0x00000000080200a8                __text_load_start__ = ALIGN (__hash_end__, 0x4)

.text           0x00000000080200a8     0x199c
                0x00000000080200a8                __text_start__ = .
 *(.text .text.* .glue_7t .glue_7 .gnu.linkonce.t.* .gcc_except_table)
 .glue_7        0x00000000080200a8        0x0 linker stubs
 .glue_7t       0x00000000080200a8        0x0 linker stubs
 *fill*         0x00000000080200a8        0x8 
 .text          0x00000000080200b0       0xe8 ./Application/Startup/gcc_setup.o
                0x00000000080200b0                _gcc_setup
 .text          0x0000000008020198      0x328 ./Application/User/app_module.o
                0x0000000008020198                default_module_start
                0x00000000080202ac                MainThread_Entry
                0x000000000802049c                Error_Handler
                0x00000000080204ac                MaliciousTimerFunction
 .text          0x00000000080204c0       0x30 ./Middlewares/ThreadX/RTOS/ModuleLib/txm_block_allocate.o
                0x00000000080204c0                _txe_block_allocate
 .text          0x00000000080204f0       0x44 ./Middlewares/ThreadX/RTOS/ModuleLib/txm_block_pool_create.o
                0x00000000080204f0                _txe_block_pool_create
 .text          0x0000000008020534       0x2c ./Middlewares/ThreadX/RTOS/ModuleLib/txm_block_pool_delete.o
                0x0000000008020534                _txe_block_pool_delete
 .text          0x0000000008020560       0x48 ./Middlewares/ThreadX/RTOS/ModuleLib/txm_block_pool_info_get.o
                0x0000000008020560                _txe_block_pool_info_get
 .text          0x00000000080205a8       0x40 ./Middlewares/ThreadX/RTOS/ModuleLib/txm_block_pool_performance_info_get.o
                0x00000000080205a8                _tx_block_pool_performance_info_get
 .text          0x00000000080205e8       0x3c ./Middlewares/ThreadX/RTOS/ModuleLib/txm_block_pool_performance_system_info_get.o
                0x00000000080205e8                _tx_block_pool_performance_system_info_get
 .text          0x0000000008020624       0x2c ./Middlewares/ThreadX/RTOS/ModuleLib/txm_block_pool_prioritize.o
                0x0000000008020624                _txe_block_pool_prioritize
 .text          0x0000000008020650       0x2c ./Middlewares/ThreadX/RTOS/ModuleLib/txm_block_release.o
                0x0000000008020650                _txe_block_release
 .text          0x000000000802067c       0x3c ./Middlewares/ThreadX/RTOS/ModuleLib/txm_byte_allocate.o
                0x000000000802067c                _txe_byte_allocate
 .text          0x00000000080206b8       0x40 ./Middlewares/ThreadX/RTOS/ModuleLib/txm_byte_pool_create.o
                0x00000000080206b8                _txe_byte_pool_create
 .text          0x00000000080206f8       0x2c ./Middlewares/ThreadX/RTOS/ModuleLib/txm_byte_pool_delete.o
                0x00000000080206f8                _txe_byte_pool_delete
 .text          0x0000000008020724       0x48 ./Middlewares/ThreadX/RTOS/ModuleLib/txm_byte_pool_info_get.o
                0x0000000008020724                _txe_byte_pool_info_get
 .text          0x000000000802076c       0x4c ./Middlewares/ThreadX/RTOS/ModuleLib/txm_byte_pool_performance_info_get.o
                0x000000000802076c                _tx_byte_pool_performance_info_get
 .text          0x00000000080207b8       0x48 ./Middlewares/ThreadX/RTOS/ModuleLib/txm_byte_pool_performance_system_info_get.o
                0x00000000080207b8                _tx_byte_pool_performance_system_info_get
 .text          0x0000000008020800       0x2c ./Middlewares/ThreadX/RTOS/ModuleLib/txm_byte_pool_prioritize.o
                0x0000000008020800                _txe_byte_pool_prioritize
 .text          0x000000000802082c       0x2c ./Middlewares/ThreadX/RTOS/ModuleLib/txm_byte_release.o
                0x000000000802082c                _txe_byte_release
 .text          0x0000000008020858       0x30 ./Middlewares/ThreadX/RTOS/ModuleLib/txm_event_flags_create.o
                0x0000000008020858                _txe_event_flags_create
 .text          0x0000000008020888       0x2c ./Middlewares/ThreadX/RTOS/ModuleLib/txm_event_flags_delete.o
                0x0000000008020888                _txe_event_flags_delete
 .text          0x00000000080208b4       0x40 ./Middlewares/ThreadX/RTOS/ModuleLib/txm_event_flags_get.o
                0x00000000080208b4                _txe_event_flags_get
 .text          0x00000000080208f4       0x44 ./Middlewares/ThreadX/RTOS/ModuleLib/txm_event_flags_info_get.o
                0x00000000080208f4                _txe_event_flags_info_get
 .text          0x0000000008020938       0x40 ./Middlewares/ThreadX/RTOS/ModuleLib/txm_event_flags_performance_info_get.o
                0x0000000008020938                _tx_event_flags_performance_info_get
 .text          0x0000000008020978       0x3c ./Middlewares/ThreadX/RTOS/ModuleLib/txm_event_flags_performance_system_info_get.o
                0x0000000008020978                _tx_event_flags_performance_system_info_get
 .text          0x00000000080209b4       0x30 ./Middlewares/ThreadX/RTOS/ModuleLib/txm_event_flags_set.o
                0x00000000080209b4                _txe_event_flags_set
 .text          0x00000000080209e4       0x2c ./Middlewares/ThreadX/RTOS/ModuleLib/txm_event_flags_set_notify.o
                0x00000000080209e4                _txe_event_flags_set_notify
 .text          0x0000000008020a10       0x34 ./Middlewares/ThreadX/RTOS/ModuleLib/txm_module_application_request.o
                0x0000000008020a10                _txm_module_application_request
 .text          0x0000000008020a44       0xc4 ./Middlewares/ThreadX/RTOS/ModuleLib/txm_module_callback_request_thread_entry.o
                0x0000000008020a44                _txm_module_callback_request_thread_entry
 .text          0x0000000008020b08       0x2c ./Middlewares/ThreadX/RTOS/ModuleLib/txm_module_object_allocate.o
                0x0000000008020b08                _txm_module_object_allocate
 .text          0x0000000008020b34       0x2c ./Middlewares/ThreadX/RTOS/ModuleLib/txm_module_object_deallocate.o
                0x0000000008020b34                _txm_module_object_deallocate
 .text          0x0000000008020b60       0x30 ./Middlewares/ThreadX/RTOS/ModuleLib/txm_module_object_pointer_get.o
                0x0000000008020b60                _txm_module_object_pointer_get
 .text          0x0000000008020b90       0x3c ./Middlewares/ThreadX/RTOS/ModuleLib/txm_module_object_pointer_get_extended.o
                0x0000000008020b90                _txm_module_object_pointer_get_extended
 .text          0x0000000008020bcc       0x94 ./Middlewares/ThreadX/RTOS/ModuleLib/txm_module_thread_shell_entry.o
                0x0000000008020bcc                _txm_module_thread_shell_entry
 .text          0x0000000008020c60       0x2c ./Middlewares/ThreadX/RTOS/ModuleLib/txm_module_thread_system_suspend.o
                0x0000000008020c60                _txm_module_thread_system_suspend
 .text          0x0000000008020c8c       0x3c ./Middlewares/ThreadX/RTOS/ModuleLib/txm_mutex_create.o
                0x0000000008020c8c                _txe_mutex_create
 .text          0x0000000008020cc8       0x2c ./Middlewares/ThreadX/RTOS/ModuleLib/txm_mutex_delete.o
                0x0000000008020cc8                _txe_mutex_delete
 .text          0x0000000008020cf4       0x2c ./Middlewares/ThreadX/RTOS/ModuleLib/txm_mutex_get.o
                0x0000000008020cf4                _txe_mutex_get
 .text          0x0000000008020d20       0x48 ./Middlewares/ThreadX/RTOS/ModuleLib/txm_mutex_info_get.o
                0x0000000008020d20                _txe_mutex_info_get
 .text          0x0000000008020d68       0x48 ./Middlewares/ThreadX/RTOS/ModuleLib/txm_mutex_performance_info_get.o
                0x0000000008020d68                _tx_mutex_performance_info_get
 .text          0x0000000008020db0       0x44 ./Middlewares/ThreadX/RTOS/ModuleLib/txm_mutex_performance_system_info_get.o
                0x0000000008020db0                _tx_mutex_performance_system_info_get
 .text          0x0000000008020df4       0x2c ./Middlewares/ThreadX/RTOS/ModuleLib/txm_mutex_prioritize.o
                0x0000000008020df4                _txe_mutex_prioritize
 .text          0x0000000008020e20       0x2c ./Middlewares/ThreadX/RTOS/ModuleLib/txm_mutex_put.o
                0x0000000008020e20                _txe_mutex_put
 .text          0x0000000008020e4c       0x44 ./Middlewares/ThreadX/RTOS/ModuleLib/txm_queue_create.o
                0x0000000008020e4c                _txe_queue_create
 .text          0x0000000008020e90       0x2c ./Middlewares/ThreadX/RTOS/ModuleLib/txm_queue_delete.o
                0x0000000008020e90                _txe_queue_delete
 .text          0x0000000008020ebc       0x2c ./Middlewares/ThreadX/RTOS/ModuleLib/txm_queue_flush.o
                0x0000000008020ebc                _txe_queue_flush
 .text          0x0000000008020ee8       0x30 ./Middlewares/ThreadX/RTOS/ModuleLib/txm_queue_front_send.o
                0x0000000008020ee8                _txe_queue_front_send
 .text          0x0000000008020f18       0x48 ./Middlewares/ThreadX/RTOS/ModuleLib/txm_queue_info_get.o
                0x0000000008020f18                _txe_queue_info_get
 .text          0x0000000008020f60       0x48 ./Middlewares/ThreadX/RTOS/ModuleLib/txm_queue_performance_info_get.o
                0x0000000008020f60                _tx_queue_performance_info_get
 .text          0x0000000008020fa8       0x44 ./Middlewares/ThreadX/RTOS/ModuleLib/txm_queue_performance_system_info_get.o
                0x0000000008020fa8                _tx_queue_performance_system_info_get
 .text          0x0000000008020fec       0x2c ./Middlewares/ThreadX/RTOS/ModuleLib/txm_queue_prioritize.o
                0x0000000008020fec                _txe_queue_prioritize
 .text          0x0000000008021018       0x30 ./Middlewares/ThreadX/RTOS/ModuleLib/txm_queue_receive.o
                0x0000000008021018                _txe_queue_receive
 .text          0x0000000008021048       0x30 ./Middlewares/ThreadX/RTOS/ModuleLib/txm_queue_send.o
                0x0000000008021048                _txe_queue_send
 .text          0x0000000008021078       0x2c ./Middlewares/ThreadX/RTOS/ModuleLib/txm_queue_send_notify.o
                0x0000000008021078                _txe_queue_send_notify
 .text          0x00000000080210a4       0x2c ./Middlewares/ThreadX/RTOS/ModuleLib/txm_semaphore_ceiling_put.o
                0x00000000080210a4                _txe_semaphore_ceiling_put
 .text          0x00000000080210d0       0x3c ./Middlewares/ThreadX/RTOS/ModuleLib/txm_semaphore_create.o
                0x00000000080210d0                _txe_semaphore_create
 .text          0x000000000802110c       0x2c ./Middlewares/ThreadX/RTOS/ModuleLib/txm_semaphore_delete.o
                0x000000000802110c                _txe_semaphore_delete
 .text          0x0000000008021138       0x2c ./Middlewares/ThreadX/RTOS/ModuleLib/txm_semaphore_get.o
                0x0000000008021138                _txe_semaphore_get
 .text          0x0000000008021164       0x44 ./Middlewares/ThreadX/RTOS/ModuleLib/txm_semaphore_info_get.o
                0x0000000008021164                _txe_semaphore_info_get
 .text          0x00000000080211a8       0x40 ./Middlewares/ThreadX/RTOS/ModuleLib/txm_semaphore_performance_info_get.o
                0x00000000080211a8                _tx_semaphore_performance_info_get
 .text          0x00000000080211e8       0x3c ./Middlewares/ThreadX/RTOS/ModuleLib/txm_semaphore_performance_system_info_get.o
                0x00000000080211e8                _tx_semaphore_performance_system_info_get
 .text          0x0000000008021224       0x2c ./Middlewares/ThreadX/RTOS/ModuleLib/txm_semaphore_prioritize.o
                0x0000000008021224                _txe_semaphore_prioritize
 .text          0x0000000008021250       0x2c ./Middlewares/ThreadX/RTOS/ModuleLib/txm_semaphore_put.o
                0x0000000008021250                _txe_semaphore_put
 .text          0x000000000802127c       0x2c ./Middlewares/ThreadX/RTOS/ModuleLib/txm_semaphore_put_notify.o
                0x000000000802127c                _txe_semaphore_put_notify
 .text          0x00000000080212a8       0x58 ./Middlewares/ThreadX/RTOS/ModuleLib/txm_thread_create.o
                0x00000000080212a8                _txe_thread_create
 .text          0x0000000008021300       0x2c ./Middlewares/ThreadX/RTOS/ModuleLib/txm_thread_delete.o
                0x0000000008021300                _txe_thread_delete
 .text          0x000000000802132c       0x2c ./Middlewares/ThreadX/RTOS/ModuleLib/txm_thread_entry_exit_notify.o
                0x000000000802132c                _txe_thread_entry_exit_notify
 .text          0x0000000008021358       0x2c ./Middlewares/ThreadX/RTOS/ModuleLib/txm_thread_identify.o
                0x0000000008021358                _tx_thread_identify
 .text          0x0000000008021384       0x50 ./Middlewares/ThreadX/RTOS/ModuleLib/txm_thread_info_get.o
                0x0000000008021384                _txe_thread_info_get
 .text          0x00000000080213d4       0x2c ./Middlewares/ThreadX/RTOS/ModuleLib/txm_thread_interrupt_control.o
                0x00000000080213d4                _tx_thread_interrupt_control
 .text          0x0000000008021400       0x58 ./Middlewares/ThreadX/RTOS/ModuleLib/txm_thread_performance_info_get.o
                0x0000000008021400                _tx_thread_performance_info_get
 .text          0x0000000008021458       0x58 ./Middlewares/ThreadX/RTOS/ModuleLib/txm_thread_performance_system_info_get.o
                0x0000000008021458                _tx_thread_performance_system_info_get
 .text          0x00000000080214b0       0x30 ./Middlewares/ThreadX/RTOS/ModuleLib/txm_thread_preemption_change.o
                0x00000000080214b0                _txe_thread_preemption_change
 .text          0x00000000080214e0       0x30 ./Middlewares/ThreadX/RTOS/ModuleLib/txm_thread_priority_change.o
                0x00000000080214e0                _txe_thread_priority_change
 .text          0x0000000008021510       0x20 ./Middlewares/ThreadX/RTOS/ModuleLib/txm_thread_relinquish.o
                0x0000000008021510                _txe_thread_relinquish
 .text          0x0000000008021530       0x2c ./Middlewares/ThreadX/RTOS/ModuleLib/txm_thread_reset.o
                0x0000000008021530                _txe_thread_reset
 .text          0x000000000802155c       0x2c ./Middlewares/ThreadX/RTOS/ModuleLib/txm_thread_resume.o
                0x000000000802155c                _txe_thread_resume
 .text          0x0000000008021588       0x2c ./Middlewares/ThreadX/RTOS/ModuleLib/txm_thread_sleep.o
                0x0000000008021588                _tx_thread_sleep
 .text          0x00000000080215b4       0x2c ./Middlewares/ThreadX/RTOS/ModuleLib/txm_thread_stack_error_notify.o
                0x00000000080215b4                _tx_thread_stack_error_notify
 .text          0x00000000080215e0       0x2c ./Middlewares/ThreadX/RTOS/ModuleLib/txm_thread_suspend.o
                0x00000000080215e0                _txe_thread_suspend
 .text          0x000000000802160c       0x2c ./Middlewares/ThreadX/RTOS/ModuleLib/txm_thread_terminate.o
                0x000000000802160c                _txe_thread_terminate
 .text          0x0000000008021638       0x30 ./Middlewares/ThreadX/RTOS/ModuleLib/txm_thread_time_slice_change.o
                0x0000000008021638                _txe_thread_time_slice_change
 .text          0x0000000008021668       0x2c ./Middlewares/ThreadX/RTOS/ModuleLib/txm_thread_wait_abort.o
                0x0000000008021668                _txe_thread_wait_abort
 .text          0x0000000008021694       0x28 ./Middlewares/ThreadX/RTOS/ModuleLib/txm_time_get.o
                0x0000000008021694                _tx_time_get
 .text          0x00000000080216bc       0x28 ./Middlewares/ThreadX/RTOS/ModuleLib/txm_time_set.o
                0x00000000080216bc                _tx_time_set
 .text          0x00000000080216e4       0x2c ./Middlewares/ThreadX/RTOS/ModuleLib/txm_timer_activate.o
                0x00000000080216e4                _txe_timer_activate
 .text          0x0000000008021710       0x30 ./Middlewares/ThreadX/RTOS/ModuleLib/txm_timer_change.o
                0x0000000008021710                _txe_timer_change
 .text          0x0000000008021740       0x4c ./Middlewares/ThreadX/RTOS/ModuleLib/txm_timer_create.o
                0x0000000008021740                _txe_timer_create
 .text          0x000000000802178c       0x2c ./Middlewares/ThreadX/RTOS/ModuleLib/txm_timer_deactivate.o
                0x000000000802178c                _txe_timer_deactivate
 .text          0x00000000080217b8       0x2c ./Middlewares/ThreadX/RTOS/ModuleLib/txm_timer_delete.o
                0x00000000080217b8                _txe_timer_delete
 .text          0x00000000080217e4       0x44 ./Middlewares/ThreadX/RTOS/ModuleLib/txm_timer_info_get.o
                0x00000000080217e4                _txe_timer_info_get
 .text          0x0000000008021828       0x44 ./Middlewares/ThreadX/RTOS/ModuleLib/txm_timer_performance_info_get.o
                0x0000000008021828                _tx_timer_performance_info_get
 .text          0x000000000802186c       0x40 ./Middlewares/ThreadX/RTOS/ModuleLib/txm_timer_performance_system_info_get.o
                0x000000000802186c                _tx_timer_performance_system_info_get
 .text          0x00000000080218ac       0x2c ./Middlewares/ThreadX/RTOS/ModuleLib/txm_trace_buffer_full_notify.o
                0x00000000080218ac                _tx_trace_buffer_full_notify
 .text          0x00000000080218d8       0x28 ./Middlewares/ThreadX/RTOS/ModuleLib/txm_trace_disable.o
                0x00000000080218d8                _tx_trace_disable
 .text          0x0000000008021900       0x30 ./Middlewares/ThreadX/RTOS/ModuleLib/txm_trace_enable.o
                0x0000000008021900                _tx_trace_enable
 .text          0x0000000008021930       0x2c ./Middlewares/ThreadX/RTOS/ModuleLib/txm_trace_event_filter.o
                0x0000000008021930                _tx_trace_event_filter
 .text          0x000000000802195c       0x2c ./Middlewares/ThreadX/RTOS/ModuleLib/txm_trace_event_unfilter.o
                0x000000000802195c                _tx_trace_event_unfilter
 .text          0x0000000008021988       0x2c ./Middlewares/ThreadX/RTOS/ModuleLib/txm_trace_interrupt_control.o
                0x0000000008021988                _tx_trace_interrupt_control
 .text          0x00000000080219b4       0x28 ./Middlewares/ThreadX/RTOS/ModuleLib/txm_trace_isr_enter_insert.o
                0x00000000080219b4                _tx_trace_isr_enter_insert
 .text          0x00000000080219dc       0x28 ./Middlewares/ThreadX/RTOS/ModuleLib/txm_trace_isr_exit_insert.o
                0x00000000080219dc                _tx_trace_isr_exit_insert
 .text          0x0000000008021a04       0x40 ./Middlewares/ThreadX/RTOS/ModuleLib/txm_trace_user_event_insert.o
                0x0000000008021a04                _tx_trace_user_event_insert
                0x0000000008021a44                __text_end__ = (__text_start__ + SIZEOF (.text))
                0x0000000008021a44                __dtors_load_start__ = ALIGN (__text_end__, 0x4)

.vfp11_veneer   0x0000000008020000        0x0
 .vfp11_veneer  0x0000000008020000        0x0 linker stubs

.v4_bx          0x0000000008020000        0x0
 .v4_bx         0x0000000008020000        0x0 linker stubs

.iplt           0x0000000008020000        0x0
 .iplt          0x0000000008020000        0x0 ./Application/Startup/gcc_setup.o

.dtors          0x0000000008021a44        0x0
                0x0000000008021a44                __dtors_start__ = .
 *(SORT_BY_NAME(.dtors.*))
 *(.dtors)
                0x0000000008021a44                __dtors_end__ = (__dtors_start__ + SIZEOF (.dtors))
                0x0000000008021a44                __ctors_load_start__ = ALIGN (__dtors_end__, 0x4)

.ctors          0x0000000008021a44        0x0
                0x0000000008021a44                __ctors_start__ = .
 *(SORT_BY_NAME(.ctors.*))
 *(.ctors)
                0x0000000008021a44                __ctors_end__ = (__ctors_start__ + SIZEOF (.ctors))
                0x0000000008021a44                __got_load_start__ = ALIGN (__ctors_end__, 0x4)

.got            0x0000000008021a44       0x30
                0x0000000008021a44                . = ALIGN (0x4)
                0x0000000008021a44                _sgot = .
 *(.got)
 .got           0x0000000008021a44       0x24 ./Application/Startup/gcc_setup.o
 *(.got*)
 .got.plt       0x0000000008021a68        0xc ./Application/Startup/gcc_setup.o
                0x0000000008021a68                _GLOBAL_OFFSET_TABLE_
                0x0000000008021a74                . = ALIGN (0x4)
                0x0000000008021a74                _egot = .
                0x0000000008021a74                __got_end__ = (__got_load_start__ + SIZEOF (.got))
                0x0000000008021a74                __rodata_load_start__ = ALIGN (__got_end__, 0x4)

.rodata         0x0000000008021a74       0x6f
                0x0000000008021a74                __rodata_start__ = .
 *(.rodata .rodata.* .gnu.linkonce.r.*)
 .rodata        0x0000000008021a74       0x6f ./Application/User/app_module.o
                0x0000000008021ae3                __rodata_end__ = (__rodata_start__ + SIZEOF (.rodata))
                0x0000000000001ae3                __code_size__ = (__rodata_end__ - __FLASH_segment_start__)
                0x0000000008021ae4                __fast_load_start__ = ALIGN (__rodata_end__, 0x4)
                0x0000000008021ae4                __fast_load_end__ = (__fast_load_start__ + SIZEOF (.fast))
                0x0000000020020000                __new_got_start__ = ALIGN (__RAM_segment_start__, 0x4)
                0x0000000020020030                __new_got_end__ = (__new_got_start__ + SIZEOF (.got))

.fast           0x0000000020020030        0x0 load address 0x0000000008021ae4
                0x0000000020020030                __fast_start__ = .
 *(.fast .fast.*)
                0x0000000020020030                __fast_end__ = (__fast_start__ + SIZEOF (.fast))

.fast_run       0x0000000020020030        0x0
                0x0000000020020030                __fast_run_start__ = .
                0x0000000020020030                . = MAX ((__fast_run_start__ + SIZEOF (.fast)), .)
                0x0000000020020030                __fast_run_end__ = (__fast_run_start__ + SIZEOF (.fast_run))
                0x0000000008021ae4                __data_load_start__ = ALIGN ((__fast_load_start__ + SIZEOF (.fast)), 0x4)

.data           0x0000000020020030        0x0 load address 0x0000000008021ae4
                0x0000000020020030                __data_start__ = .
 *(.data .data.* .gnu.linkonce.d.*)
 .data          0x0000000020020030        0x0 ./Application/Startup/gcc_setup.o
 .data          0x0000000020020030        0x0 ./Application/User/app_module.o
 .data          0x0000000020020030        0x0 ./Middlewares/ThreadX/RTOS/ModuleLib/txm_block_allocate.o
 .data          0x0000000020020030        0x0 ./Middlewares/ThreadX/RTOS/ModuleLib/txm_block_pool_create.o
 .data          0x0000000020020030        0x0 ./Middlewares/ThreadX/RTOS/ModuleLib/txm_block_pool_delete.o
 .data          0x0000000020020030        0x0 ./Middlewares/ThreadX/RTOS/ModuleLib/txm_block_pool_info_get.o
 .data          0x0000000020020030        0x0 ./Middlewares/ThreadX/RTOS/ModuleLib/txm_block_pool_performance_info_get.o
 .data          0x0000000020020030        0x0 ./Middlewares/ThreadX/RTOS/ModuleLib/txm_block_pool_performance_system_info_get.o
 .data          0x0000000020020030        0x0 ./Middlewares/ThreadX/RTOS/ModuleLib/txm_block_pool_prioritize.o
 .data          0x0000000020020030        0x0 ./Middlewares/ThreadX/RTOS/ModuleLib/txm_block_release.o
 .data          0x0000000020020030        0x0 ./Middlewares/ThreadX/RTOS/ModuleLib/txm_byte_allocate.o
 .data          0x0000000020020030        0x0 ./Middlewares/ThreadX/RTOS/ModuleLib/txm_byte_pool_create.o
 .data          0x0000000020020030        0x0 ./Middlewares/ThreadX/RTOS/ModuleLib/txm_byte_pool_delete.o
 .data          0x0000000020020030        0x0 ./Middlewares/ThreadX/RTOS/ModuleLib/txm_byte_pool_info_get.o
 .data          0x0000000020020030        0x0 ./Middlewares/ThreadX/RTOS/ModuleLib/txm_byte_pool_performance_info_get.o
 .data          0x0000000020020030        0x0 ./Middlewares/ThreadX/RTOS/ModuleLib/txm_byte_pool_performance_system_info_get.o
 .data          0x0000000020020030        0x0 ./Middlewares/ThreadX/RTOS/ModuleLib/txm_byte_pool_prioritize.o
 .data          0x0000000020020030        0x0 ./Middlewares/ThreadX/RTOS/ModuleLib/txm_byte_release.o
 .data          0x0000000020020030        0x0 ./Middlewares/ThreadX/RTOS/ModuleLib/txm_event_flags_create.o
 .data          0x0000000020020030        0x0 ./Middlewares/ThreadX/RTOS/ModuleLib/txm_event_flags_delete.o
 .data          0x0000000020020030        0x0 ./Middlewares/ThreadX/RTOS/ModuleLib/txm_event_flags_get.o
 .data          0x0000000020020030        0x0 ./Middlewares/ThreadX/RTOS/ModuleLib/txm_event_flags_info_get.o
 .data          0x0000000020020030        0x0 ./Middlewares/ThreadX/RTOS/ModuleLib/txm_event_flags_performance_info_get.o
 .data          0x0000000020020030        0x0 ./Middlewares/ThreadX/RTOS/ModuleLib/txm_event_flags_performance_system_info_get.o
 .data          0x0000000020020030        0x0 ./Middlewares/ThreadX/RTOS/ModuleLib/txm_event_flags_set.o
 .data          0x0000000020020030        0x0 ./Middlewares/ThreadX/RTOS/ModuleLib/txm_event_flags_set_notify.o
 .data          0x0000000020020030        0x0 ./Middlewares/ThreadX/RTOS/ModuleLib/txm_module_application_request.o
 .data          0x0000000020020030        0x0 ./Middlewares/ThreadX/RTOS/ModuleLib/txm_module_callback_request_thread_entry.o
 .data          0x0000000020020030        0x0 ./Middlewares/ThreadX/RTOS/ModuleLib/txm_module_object_allocate.o
 .data          0x0000000020020030        0x0 ./Middlewares/ThreadX/RTOS/ModuleLib/txm_module_object_deallocate.o
 .data          0x0000000020020030        0x0 ./Middlewares/ThreadX/RTOS/ModuleLib/txm_module_object_pointer_get.o
 .data          0x0000000020020030        0x0 ./Middlewares/ThreadX/RTOS/ModuleLib/txm_module_object_pointer_get_extended.o
 .data          0x0000000020020030        0x0 ./Middlewares/ThreadX/RTOS/ModuleLib/txm_module_thread_shell_entry.o
 .data          0x0000000020020030        0x0 ./Middlewares/ThreadX/RTOS/ModuleLib/txm_module_thread_system_suspend.o
 .data          0x0000000020020030        0x0 ./Middlewares/ThreadX/RTOS/ModuleLib/txm_mutex_create.o
 .data          0x0000000020020030        0x0 ./Middlewares/ThreadX/RTOS/ModuleLib/txm_mutex_delete.o
 .data          0x0000000020020030        0x0 ./Middlewares/ThreadX/RTOS/ModuleLib/txm_mutex_get.o
 .data          0x0000000020020030        0x0 ./Middlewares/ThreadX/RTOS/ModuleLib/txm_mutex_info_get.o
 .data          0x0000000020020030        0x0 ./Middlewares/ThreadX/RTOS/ModuleLib/txm_mutex_performance_info_get.o
 .data          0x0000000020020030        0x0 ./Middlewares/ThreadX/RTOS/ModuleLib/txm_mutex_performance_system_info_get.o
 .data          0x0000000020020030        0x0 ./Middlewares/ThreadX/RTOS/ModuleLib/txm_mutex_prioritize.o
 .data          0x0000000020020030        0x0 ./Middlewares/ThreadX/RTOS/ModuleLib/txm_mutex_put.o
 .data          0x0000000020020030        0x0 ./Middlewares/ThreadX/RTOS/ModuleLib/txm_queue_create.o
 .data          0x0000000020020030        0x0 ./Middlewares/ThreadX/RTOS/ModuleLib/txm_queue_delete.o
 .data          0x0000000020020030        0x0 ./Middlewares/ThreadX/RTOS/ModuleLib/txm_queue_flush.o
 .data          0x0000000020020030        0x0 ./Middlewares/ThreadX/RTOS/ModuleLib/txm_queue_front_send.o
 .data          0x0000000020020030        0x0 ./Middlewares/ThreadX/RTOS/ModuleLib/txm_queue_info_get.o
 .data          0x0000000020020030        0x0 ./Middlewares/ThreadX/RTOS/ModuleLib/txm_queue_performance_info_get.o
 .data          0x0000000020020030        0x0 ./Middlewares/ThreadX/RTOS/ModuleLib/txm_queue_performance_system_info_get.o
 .data          0x0000000020020030        0x0 ./Middlewares/ThreadX/RTOS/ModuleLib/txm_queue_prioritize.o
 .data          0x0000000020020030        0x0 ./Middlewares/ThreadX/RTOS/ModuleLib/txm_queue_receive.o
 .data          0x0000000020020030        0x0 ./Middlewares/ThreadX/RTOS/ModuleLib/txm_queue_send.o
 .data          0x0000000020020030        0x0 ./Middlewares/ThreadX/RTOS/ModuleLib/txm_queue_send_notify.o
 .data          0x0000000020020030        0x0 ./Middlewares/ThreadX/RTOS/ModuleLib/txm_semaphore_ceiling_put.o
 .data          0x0000000020020030        0x0 ./Middlewares/ThreadX/RTOS/ModuleLib/txm_semaphore_create.o
 .data          0x0000000020020030        0x0 ./Middlewares/ThreadX/RTOS/ModuleLib/txm_semaphore_delete.o
 .data          0x0000000020020030        0x0 ./Middlewares/ThreadX/RTOS/ModuleLib/txm_semaphore_get.o
 .data          0x0000000020020030        0x0 ./Middlewares/ThreadX/RTOS/ModuleLib/txm_semaphore_info_get.o
 .data          0x0000000020020030        0x0 ./Middlewares/ThreadX/RTOS/ModuleLib/txm_semaphore_performance_info_get.o
 .data          0x0000000020020030        0x0 ./Middlewares/ThreadX/RTOS/ModuleLib/txm_semaphore_performance_system_info_get.o
 .data          0x0000000020020030        0x0 ./Middlewares/ThreadX/RTOS/ModuleLib/txm_semaphore_prioritize.o
 .data          0x0000000020020030        0x0 ./Middlewares/ThreadX/RTOS/ModuleLib/txm_semaphore_put.o
 .data          0x0000000020020030        0x0 ./Middlewares/ThreadX/RTOS/ModuleLib/txm_semaphore_put_notify.o
 .data          0x0000000020020030        0x0 ./Middlewares/ThreadX/RTOS/ModuleLib/txm_thread_create.o
 .data          0x0000000020020030        0x0 ./Middlewares/ThreadX/RTOS/ModuleLib/txm_thread_delete.o
 .data          0x0000000020020030        0x0 ./Middlewares/ThreadX/RTOS/ModuleLib/txm_thread_entry_exit_notify.o
 .data          0x0000000020020030        0x0 ./Middlewares/ThreadX/RTOS/ModuleLib/txm_thread_identify.o
 .data          0x0000000020020030        0x0 ./Middlewares/ThreadX/RTOS/ModuleLib/txm_thread_info_get.o
 .data          0x0000000020020030        0x0 ./Middlewares/ThreadX/RTOS/ModuleLib/txm_thread_interrupt_control.o
 .data          0x0000000020020030        0x0 ./Middlewares/ThreadX/RTOS/ModuleLib/txm_thread_performance_info_get.o
 .data          0x0000000020020030        0x0 ./Middlewares/ThreadX/RTOS/ModuleLib/txm_thread_performance_system_info_get.o
 .data          0x0000000020020030        0x0 ./Middlewares/ThreadX/RTOS/ModuleLib/txm_thread_preemption_change.o
 .data          0x0000000020020030        0x0 ./Middlewares/ThreadX/RTOS/ModuleLib/txm_thread_priority_change.o
 .data          0x0000000020020030        0x0 ./Middlewares/ThreadX/RTOS/ModuleLib/txm_thread_relinquish.o
 .data          0x0000000020020030        0x0 ./Middlewares/ThreadX/RTOS/ModuleLib/txm_thread_reset.o
 .data          0x0000000020020030        0x0 ./Middlewares/ThreadX/RTOS/ModuleLib/txm_thread_resume.o
 .data          0x0000000020020030        0x0 ./Middlewares/ThreadX/RTOS/ModuleLib/txm_thread_sleep.o
 .data          0x0000000020020030        0x0 ./Middlewares/ThreadX/RTOS/ModuleLib/txm_thread_stack_error_notify.o
 .data          0x0000000020020030        0x0 ./Middlewares/ThreadX/RTOS/ModuleLib/txm_thread_suspend.o
 .data          0x0000000020020030        0x0 ./Middlewares/ThreadX/RTOS/ModuleLib/txm_thread_terminate.o
 .data          0x0000000020020030        0x0 ./Middlewares/ThreadX/RTOS/ModuleLib/txm_thread_time_slice_change.o
 .data          0x0000000020020030        0x0 ./Middlewares/ThreadX/RTOS/ModuleLib/txm_thread_wait_abort.o
 .data          0x0000000020020030        0x0 ./Middlewares/ThreadX/RTOS/ModuleLib/txm_time_get.o
 .data          0x0000000020020030        0x0 ./Middlewares/ThreadX/RTOS/ModuleLib/txm_time_set.o
 .data          0x0000000020020030        0x0 ./Middlewares/ThreadX/RTOS/ModuleLib/txm_timer_activate.o
 .data          0x0000000020020030        0x0 ./Middlewares/ThreadX/RTOS/ModuleLib/txm_timer_change.o
 .data          0x0000000020020030        0x0 ./Middlewares/ThreadX/RTOS/ModuleLib/txm_timer_create.o
 .data          0x0000000020020030        0x0 ./Middlewares/ThreadX/RTOS/ModuleLib/txm_timer_deactivate.o
 .data          0x0000000020020030        0x0 ./Middlewares/ThreadX/RTOS/ModuleLib/txm_timer_delete.o
 .data          0x0000000020020030        0x0 ./Middlewares/ThreadX/RTOS/ModuleLib/txm_timer_info_get.o
 .data          0x0000000020020030        0x0 ./Middlewares/ThreadX/RTOS/ModuleLib/txm_timer_performance_info_get.o
 .data          0x0000000020020030        0x0 ./Middlewares/ThreadX/RTOS/ModuleLib/txm_timer_performance_system_info_get.o
 .data          0x0000000020020030        0x0 ./Middlewares/ThreadX/RTOS/ModuleLib/txm_trace_buffer_full_notify.o
 .data          0x0000000020020030        0x0 ./Middlewares/ThreadX/RTOS/ModuleLib/txm_trace_disable.o
 .data          0x0000000020020030        0x0 ./Middlewares/ThreadX/RTOS/ModuleLib/txm_trace_enable.o
 .data          0x0000000020020030        0x0 ./Middlewares/ThreadX/RTOS/ModuleLib/txm_trace_event_filter.o
 .data          0x0000000020020030        0x0 ./Middlewares/ThreadX/RTOS/ModuleLib/txm_trace_event_unfilter.o
 .data          0x0000000020020030        0x0 ./Middlewares/ThreadX/RTOS/ModuleLib/txm_trace_interrupt_control.o
 .data          0x0000000020020030        0x0 ./Middlewares/ThreadX/RTOS/ModuleLib/txm_trace_isr_enter_insert.o
 .data          0x0000000020020030        0x0 ./Middlewares/ThreadX/RTOS/ModuleLib/txm_trace_isr_exit_insert.o
 .data          0x0000000020020030        0x0 ./Middlewares/ThreadX/RTOS/ModuleLib/txm_trace_user_event_insert.o
                0x0000000020020030                __data_end__ = (__data_start__ + SIZEOF (.data))
                0x0000000008021ae4                __data_load_end__ = (__data_load_start__ + SIZEOF (.data))
                0x0000000008021ae4                __FLASH_segment_used_end__ = (ALIGN ((__fast_load_start__ + SIZEOF (.fast)), 0x4) + SIZEOF (.data))

.igot.plt       0x0000000020020000        0x0
 .igot.plt      0x0000000020020000        0x0 ./Application/Startup/gcc_setup.o

.data_run       0x0000000020020030        0x0
                0x0000000020020030                __data_run_start__ = .
                0x0000000020020030                . = MAX ((__data_run_start__ + SIZEOF (.data)), .)
                0x0000000020020030                __data_run_end__ = (__data_run_start__ + SIZEOF (.data_run))
                0x0000000020020030                __bss_load_start__ = ALIGN (__data_run_end__, 0x4)

.bss            0x0000000020020030     0x23c8
                0x0000000020020030                __bss_start__ = .
 *(.bss .bss.* .gnu.linkonce.b.*)
 .bss           0x0000000020020030        0x0 ./Application/Startup/gcc_setup.o
 *fill*         0x0000000020020030       0x10 
 .bss           0x0000000020020040     0x23b0 ./Application/User/app_module.o
                0x0000000020020040                default_module_pool_space
                0x00000000200223e0                MainThread
                0x00000000200223e4                ModuleBytePool
                0x00000000200223e8                ModuleBlockPool
                0x00000000200223ec                ResidentQueue
 .bss           0x00000000200223f0        0x0 ./Middlewares/ThreadX/RTOS/ModuleLib/txm_block_allocate.o
 .bss           0x00000000200223f0        0x0 ./Middlewares/ThreadX/RTOS/ModuleLib/txm_block_pool_create.o
 .bss           0x00000000200223f0        0x0 ./Middlewares/ThreadX/RTOS/ModuleLib/txm_block_pool_delete.o
 .bss           0x00000000200223f0        0x0 ./Middlewares/ThreadX/RTOS/ModuleLib/txm_block_pool_info_get.o
 .bss           0x00000000200223f0        0x0 ./Middlewares/ThreadX/RTOS/ModuleLib/txm_block_pool_performance_info_get.o
 .bss           0x00000000200223f0        0x0 ./Middlewares/ThreadX/RTOS/ModuleLib/txm_block_pool_performance_system_info_get.o
 .bss           0x00000000200223f0        0x0 ./Middlewares/ThreadX/RTOS/ModuleLib/txm_block_pool_prioritize.o
 .bss           0x00000000200223f0        0x0 ./Middlewares/ThreadX/RTOS/ModuleLib/txm_block_release.o
 .bss           0x00000000200223f0        0x0 ./Middlewares/ThreadX/RTOS/ModuleLib/txm_byte_allocate.o
 .bss           0x00000000200223f0        0x0 ./Middlewares/ThreadX/RTOS/ModuleLib/txm_byte_pool_create.o
 .bss           0x00000000200223f0        0x0 ./Middlewares/ThreadX/RTOS/ModuleLib/txm_byte_pool_delete.o
 .bss           0x00000000200223f0        0x0 ./Middlewares/ThreadX/RTOS/ModuleLib/txm_byte_pool_info_get.o
 .bss           0x00000000200223f0        0x0 ./Middlewares/ThreadX/RTOS/ModuleLib/txm_byte_pool_performance_info_get.o
 .bss           0x00000000200223f0        0x0 ./Middlewares/ThreadX/RTOS/ModuleLib/txm_byte_pool_performance_system_info_get.o
 .bss           0x00000000200223f0        0x0 ./Middlewares/ThreadX/RTOS/ModuleLib/txm_byte_pool_prioritize.o
 .bss           0x00000000200223f0        0x0 ./Middlewares/ThreadX/RTOS/ModuleLib/txm_byte_release.o
 .bss           0x00000000200223f0        0x0 ./Middlewares/ThreadX/RTOS/ModuleLib/txm_event_flags_create.o
 .bss           0x00000000200223f0        0x0 ./Middlewares/ThreadX/RTOS/ModuleLib/txm_event_flags_delete.o
 .bss           0x00000000200223f0        0x0 ./Middlewares/ThreadX/RTOS/ModuleLib/txm_event_flags_get.o
 .bss           0x00000000200223f0        0x0 ./Middlewares/ThreadX/RTOS/ModuleLib/txm_event_flags_info_get.o
 .bss           0x00000000200223f0        0x0 ./Middlewares/ThreadX/RTOS/ModuleLib/txm_event_flags_performance_info_get.o
 .bss           0x00000000200223f0        0x0 ./Middlewares/ThreadX/RTOS/ModuleLib/txm_event_flags_performance_system_info_get.o
 .bss           0x00000000200223f0        0x0 ./Middlewares/ThreadX/RTOS/ModuleLib/txm_event_flags_set.o
 .bss           0x00000000200223f0        0x0 ./Middlewares/ThreadX/RTOS/ModuleLib/txm_event_flags_set_notify.o
 .bss           0x00000000200223f0        0x0 ./Middlewares/ThreadX/RTOS/ModuleLib/txm_module_application_request.o
 .bss           0x00000000200223f0        0x0 ./Middlewares/ThreadX/RTOS/ModuleLib/txm_module_callback_request_thread_entry.o
 .bss           0x00000000200223f0        0x0 ./Middlewares/ThreadX/RTOS/ModuleLib/txm_module_object_allocate.o
 .bss           0x00000000200223f0        0x0 ./Middlewares/ThreadX/RTOS/ModuleLib/txm_module_object_deallocate.o
 .bss           0x00000000200223f0        0x0 ./Middlewares/ThreadX/RTOS/ModuleLib/txm_module_object_pointer_get.o
 .bss           0x00000000200223f0        0x0 ./Middlewares/ThreadX/RTOS/ModuleLib/txm_module_object_pointer_get_extended.o
 .bss           0x00000000200223f0        0x8 ./Middlewares/ThreadX/RTOS/ModuleLib/txm_module_thread_shell_entry.o
                0x00000000200223f0                _txm_module_entry_info
                0x00000000200223f4                _txm_module_kernel_call_dispatcher
 .bss           0x00000000200223f8        0x0 ./Middlewares/ThreadX/RTOS/ModuleLib/txm_module_thread_system_suspend.o
 .bss           0x00000000200223f8        0x0 ./Middlewares/ThreadX/RTOS/ModuleLib/txm_mutex_create.o
 .bss           0x00000000200223f8        0x0 ./Middlewares/ThreadX/RTOS/ModuleLib/txm_mutex_delete.o
 .bss           0x00000000200223f8        0x0 ./Middlewares/ThreadX/RTOS/ModuleLib/txm_mutex_get.o
 .bss           0x00000000200223f8        0x0 ./Middlewares/ThreadX/RTOS/ModuleLib/txm_mutex_info_get.o
 .bss           0x00000000200223f8        0x0 ./Middlewares/ThreadX/RTOS/ModuleLib/txm_mutex_performance_info_get.o
 .bss           0x00000000200223f8        0x0 ./Middlewares/ThreadX/RTOS/ModuleLib/txm_mutex_performance_system_info_get.o
 .bss           0x00000000200223f8        0x0 ./Middlewares/ThreadX/RTOS/ModuleLib/txm_mutex_prioritize.o
 .bss           0x00000000200223f8        0x0 ./Middlewares/ThreadX/RTOS/ModuleLib/txm_mutex_put.o
 .bss           0x00000000200223f8        0x0 ./Middlewares/ThreadX/RTOS/ModuleLib/txm_queue_create.o
 .bss           0x00000000200223f8        0x0 ./Middlewares/ThreadX/RTOS/ModuleLib/txm_queue_delete.o
 .bss           0x00000000200223f8        0x0 ./Middlewares/ThreadX/RTOS/ModuleLib/txm_queue_flush.o
 .bss           0x00000000200223f8        0x0 ./Middlewares/ThreadX/RTOS/ModuleLib/txm_queue_front_send.o
 .bss           0x00000000200223f8        0x0 ./Middlewares/ThreadX/RTOS/ModuleLib/txm_queue_info_get.o
 .bss           0x00000000200223f8        0x0 ./Middlewares/ThreadX/RTOS/ModuleLib/txm_queue_performance_info_get.o
 .bss           0x00000000200223f8        0x0 ./Middlewares/ThreadX/RTOS/ModuleLib/txm_queue_performance_system_info_get.o
 .bss           0x00000000200223f8        0x0 ./Middlewares/ThreadX/RTOS/ModuleLib/txm_queue_prioritize.o
 .bss           0x00000000200223f8        0x0 ./Middlewares/ThreadX/RTOS/ModuleLib/txm_queue_receive.o
 .bss           0x00000000200223f8        0x0 ./Middlewares/ThreadX/RTOS/ModuleLib/txm_queue_send.o
 .bss           0x00000000200223f8        0x0 ./Middlewares/ThreadX/RTOS/ModuleLib/txm_queue_send_notify.o
 .bss           0x00000000200223f8        0x0 ./Middlewares/ThreadX/RTOS/ModuleLib/txm_semaphore_ceiling_put.o
 .bss           0x00000000200223f8        0x0 ./Middlewares/ThreadX/RTOS/ModuleLib/txm_semaphore_create.o
 .bss           0x00000000200223f8        0x0 ./Middlewares/ThreadX/RTOS/ModuleLib/txm_semaphore_delete.o
 .bss           0x00000000200223f8        0x0 ./Middlewares/ThreadX/RTOS/ModuleLib/txm_semaphore_get.o
 .bss           0x00000000200223f8        0x0 ./Middlewares/ThreadX/RTOS/ModuleLib/txm_semaphore_info_get.o
 .bss           0x00000000200223f8        0x0 ./Middlewares/ThreadX/RTOS/ModuleLib/txm_semaphore_performance_info_get.o
 .bss           0x00000000200223f8        0x0 ./Middlewares/ThreadX/RTOS/ModuleLib/txm_semaphore_performance_system_info_get.o
 .bss           0x00000000200223f8        0x0 ./Middlewares/ThreadX/RTOS/ModuleLib/txm_semaphore_prioritize.o
 .bss           0x00000000200223f8        0x0 ./Middlewares/ThreadX/RTOS/ModuleLib/txm_semaphore_put.o
 .bss           0x00000000200223f8        0x0 ./Middlewares/ThreadX/RTOS/ModuleLib/txm_semaphore_put_notify.o
 .bss           0x00000000200223f8        0x0 ./Middlewares/ThreadX/RTOS/ModuleLib/txm_thread_create.o
 .bss           0x00000000200223f8        0x0 ./Middlewares/ThreadX/RTOS/ModuleLib/txm_thread_delete.o
 .bss           0x00000000200223f8        0x0 ./Middlewares/ThreadX/RTOS/ModuleLib/txm_thread_entry_exit_notify.o
 .bss           0x00000000200223f8        0x0 ./Middlewares/ThreadX/RTOS/ModuleLib/txm_thread_identify.o
 .bss           0x00000000200223f8        0x0 ./Middlewares/ThreadX/RTOS/ModuleLib/txm_thread_info_get.o
 .bss           0x00000000200223f8        0x0 ./Middlewares/ThreadX/RTOS/ModuleLib/txm_thread_interrupt_control.o
 .bss           0x00000000200223f8        0x0 ./Middlewares/ThreadX/RTOS/ModuleLib/txm_thread_performance_info_get.o
 .bss           0x00000000200223f8        0x0 ./Middlewares/ThreadX/RTOS/ModuleLib/txm_thread_performance_system_info_get.o
 .bss           0x00000000200223f8        0x0 ./Middlewares/ThreadX/RTOS/ModuleLib/txm_thread_preemption_change.o
 .bss           0x00000000200223f8        0x0 ./Middlewares/ThreadX/RTOS/ModuleLib/txm_thread_priority_change.o
 .bss           0x00000000200223f8        0x0 ./Middlewares/ThreadX/RTOS/ModuleLib/txm_thread_relinquish.o
 .bss           0x00000000200223f8        0x0 ./Middlewares/ThreadX/RTOS/ModuleLib/txm_thread_reset.o
 .bss           0x00000000200223f8        0x0 ./Middlewares/ThreadX/RTOS/ModuleLib/txm_thread_resume.o
 .bss           0x00000000200223f8        0x0 ./Middlewares/ThreadX/RTOS/ModuleLib/txm_thread_sleep.o
 .bss           0x00000000200223f8        0x0 ./Middlewares/ThreadX/RTOS/ModuleLib/txm_thread_stack_error_notify.o
 .bss           0x00000000200223f8        0x0 ./Middlewares/ThreadX/RTOS/ModuleLib/txm_thread_suspend.o
 .bss           0x00000000200223f8        0x0 ./Middlewares/ThreadX/RTOS/ModuleLib/txm_thread_terminate.o
 .bss           0x00000000200223f8        0x0 ./Middlewares/ThreadX/RTOS/ModuleLib/txm_thread_time_slice_change.o
 .bss           0x00000000200223f8        0x0 ./Middlewares/ThreadX/RTOS/ModuleLib/txm_thread_wait_abort.o
 .bss           0x00000000200223f8        0x0 ./Middlewares/ThreadX/RTOS/ModuleLib/txm_time_get.o
 .bss           0x00000000200223f8        0x0 ./Middlewares/ThreadX/RTOS/ModuleLib/txm_time_set.o
 .bss           0x00000000200223f8        0x0 ./Middlewares/ThreadX/RTOS/ModuleLib/txm_timer_activate.o
 .bss           0x00000000200223f8        0x0 ./Middlewares/ThreadX/RTOS/ModuleLib/txm_timer_change.o
 .bss           0x00000000200223f8        0x0 ./Middlewares/ThreadX/RTOS/ModuleLib/txm_timer_create.o
 .bss           0x00000000200223f8        0x0 ./Middlewares/ThreadX/RTOS/ModuleLib/txm_timer_deactivate.o
 .bss           0x00000000200223f8        0x0 ./Middlewares/ThreadX/RTOS/ModuleLib/txm_timer_delete.o
 .bss           0x00000000200223f8        0x0 ./Middlewares/ThreadX/RTOS/ModuleLib/txm_timer_info_get.o
 .bss           0x00000000200223f8        0x0 ./Middlewares/ThreadX/RTOS/ModuleLib/txm_timer_performance_info_get.o
 .bss           0x00000000200223f8        0x0 ./Middlewares/ThreadX/RTOS/ModuleLib/txm_timer_performance_system_info_get.o
 .bss           0x00000000200223f8        0x0 ./Middlewares/ThreadX/RTOS/ModuleLib/txm_trace_buffer_full_notify.o
 .bss           0x00000000200223f8        0x0 ./Middlewares/ThreadX/RTOS/ModuleLib/txm_trace_disable.o
 .bss           0x00000000200223f8        0x0 ./Middlewares/ThreadX/RTOS/ModuleLib/txm_trace_enable.o
 .bss           0x00000000200223f8        0x0 ./Middlewares/ThreadX/RTOS/ModuleLib/txm_trace_event_filter.o
 .bss           0x00000000200223f8        0x0 ./Middlewares/ThreadX/RTOS/ModuleLib/txm_trace_event_unfilter.o
 .bss           0x00000000200223f8        0x0 ./Middlewares/ThreadX/RTOS/ModuleLib/txm_trace_interrupt_control.o
 .bss           0x00000000200223f8        0x0 ./Middlewares/ThreadX/RTOS/ModuleLib/txm_trace_isr_enter_insert.o
 .bss           0x00000000200223f8        0x0 ./Middlewares/ThreadX/RTOS/ModuleLib/txm_trace_isr_exit_insert.o
 .bss           0x00000000200223f8        0x0 ./Middlewares/ThreadX/RTOS/ModuleLib/txm_trace_user_event_insert.o
 *(COMMON)
                0x00000000200223f8                __bss_end__ = (__bss_start__ + SIZEOF (.bss))
                0x00000000200223f8                __non_init_load_start__ = ALIGN (__bss_end__, 0x4)

.stack          0x0000000020020000        0x0
 .stack         0x0000000020020000        0x0 ./Application/Startup/gcc_setup.o

.stack_process  0x0000000020020000        0x0
 .stack_process
                0x0000000020020000        0x0 ./Application/Startup/gcc_setup.o

.non_init       0x00000000200223f8        0x0
                0x00000000200223f8                __non_init_start__ = .
 *(.non_init .non_init.*)
                0x00000000200223f8                __non_init_end__ = (__non_init_start__ + SIZEOF (.non_init))
                0x00000000200223f8                __heap_load_start__ = ALIGN (__non_init_end__, 0x4)

.heap           0x00000000200223f8       0x40
                0x00000000200223f8                __heap_start__ = .
 *(.heap)
 .heap          0x00000000200223f8        0x0 ./Application/Startup/gcc_setup.o
                0x0000000020022438                . = ALIGN (MAX ((__heap_start__ + __HEAPSIZE__), .), 0x4)
 *fill*         0x00000000200223f8       0x40 
                0x0000000020022438                __heap_end__ = (__heap_start__ + SIZEOF (.heap))
                0x0000000000002438                __data_size__ = (__heap_end__ - __RAM_segment_start__)
OUTPUT(stm32u575_m33_write_before_exploit.elf elf32-littlearm)
LOAD linker stubs

.ARM.attributes
                0x0000000000000000       0x36
 .ARM.attributes
                0x0000000000000000       0x26 ./Application/Startup/gcc_setup.o
 .ARM.attributes
                0x0000000000000026       0x3a ./Application/User/app_module.o
 .ARM.attributes
                0x0000000000000060       0x3a ./Middlewares/ThreadX/RTOS/ModuleLib/txm_block_allocate.o
 .ARM.attributes
                0x000000000000009a       0x3a ./Middlewares/ThreadX/RTOS/ModuleLib/txm_block_pool_create.o
 .ARM.attributes
                0x00000000000000d4       0x3a ./Middlewares/ThreadX/RTOS/ModuleLib/txm_block_pool_delete.o
 .ARM.attributes
                0x000000000000010e       0x3a ./Middlewares/ThreadX/RTOS/ModuleLib/txm_block_pool_info_get.o
 .ARM.attributes
                0x0000000000000148       0x3a ./Middlewares/ThreadX/RTOS/ModuleLib/txm_block_pool_performance_info_get.o
 .ARM.attributes
                0x0000000000000182       0x3a ./Middlewares/ThreadX/RTOS/ModuleLib/txm_block_pool_performance_system_info_get.o
 .ARM.attributes
                0x00000000000001bc       0x3a ./Middlewares/ThreadX/RTOS/ModuleLib/txm_block_pool_prioritize.o
 .ARM.attributes
                0x00000000000001f6       0x3a ./Middlewares/ThreadX/RTOS/ModuleLib/txm_block_release.o
 .ARM.attributes
                0x0000000000000230       0x3a ./Middlewares/ThreadX/RTOS/ModuleLib/txm_byte_allocate.o
 .ARM.attributes
                0x000000000000026a       0x3a ./Middlewares/ThreadX/RTOS/ModuleLib/txm_byte_pool_create.o
 .ARM.attributes
                0x00000000000002a4       0x3a ./Middlewares/ThreadX/RTOS/ModuleLib/txm_byte_pool_delete.o
 .ARM.attributes
                0x00000000000002de       0x3a ./Middlewares/ThreadX/RTOS/ModuleLib/txm_byte_pool_info_get.o
 .ARM.attributes
                0x0000000000000318       0x3a ./Middlewares/ThreadX/RTOS/ModuleLib/txm_byte_pool_performance_info_get.o
 .ARM.attributes
                0x0000000000000352       0x3a ./Middlewares/ThreadX/RTOS/ModuleLib/txm_byte_pool_performance_system_info_get.o
 .ARM.attributes
                0x000000000000038c       0x3a ./Middlewares/ThreadX/RTOS/ModuleLib/txm_byte_pool_prioritize.o
 .ARM.attributes
                0x00000000000003c6       0x3a ./Middlewares/ThreadX/RTOS/ModuleLib/txm_byte_release.o
 .ARM.attributes
                0x0000000000000400       0x3a ./Middlewares/ThreadX/RTOS/ModuleLib/txm_event_flags_create.o
 .ARM.attributes
                0x000000000000043a       0x3a ./Middlewares/ThreadX/RTOS/ModuleLib/txm_event_flags_delete.o
 .ARM.attributes
                0x0000000000000474       0x3a ./Middlewares/ThreadX/RTOS/ModuleLib/txm_event_flags_get.o
 .ARM.attributes
                0x00000000000004ae       0x3a ./Middlewares/ThreadX/RTOS/ModuleLib/txm_event_flags_info_get.o
 .ARM.attributes
                0x00000000000004e8       0x3a ./Middlewares/ThreadX/RTOS/ModuleLib/txm_event_flags_performance_info_get.o
 .ARM.attributes
                0x0000000000000522       0x3a ./Middlewares/ThreadX/RTOS/ModuleLib/txm_event_flags_performance_system_info_get.o
 .ARM.attributes
                0x000000000000055c       0x3a ./Middlewares/ThreadX/RTOS/ModuleLib/txm_event_flags_set.o
 .ARM.attributes
                0x0000000000000596       0x3a ./Middlewares/ThreadX/RTOS/ModuleLib/txm_event_flags_set_notify.o
 .ARM.attributes
                0x00000000000005d0       0x3a ./Middlewares/ThreadX/RTOS/ModuleLib/txm_module_application_request.o
 .ARM.attributes
                0x000000000000060a       0x3a ./Middlewares/ThreadX/RTOS/ModuleLib/txm_module_callback_request_thread_entry.o
 .ARM.attributes
                0x0000000000000644       0x3a ./Middlewares/ThreadX/RTOS/ModuleLib/txm_module_object_allocate.o
 .ARM.attributes
                0x000000000000067e       0x3a ./Middlewares/ThreadX/RTOS/ModuleLib/txm_module_object_deallocate.o
 .ARM.attributes
                0x00000000000006b8       0x3a ./Middlewares/ThreadX/RTOS/ModuleLib/txm_module_object_pointer_get.o
 .ARM.attributes
                0x00000000000006f2       0x3a ./Middlewares/ThreadX/RTOS/ModuleLib/txm_module_object_pointer_get_extended.o
 .ARM.attributes
                0x000000000000072c       0x3a ./Middlewares/ThreadX/RTOS/ModuleLib/txm_module_thread_shell_entry.o
 .ARM.attributes
                0x0000000000000766       0x3a ./Middlewares/ThreadX/RTOS/ModuleLib/txm_module_thread_system_suspend.o
 .ARM.attributes
                0x00000000000007a0       0x3a ./Middlewares/ThreadX/RTOS/ModuleLib/txm_mutex_create.o
 .ARM.attributes
                0x00000000000007da       0x3a ./Middlewares/ThreadX/RTOS/ModuleLib/txm_mutex_delete.o
 .ARM.attributes
                0x0000000000000814       0x3a ./Middlewares/ThreadX/RTOS/ModuleLib/txm_mutex_get.o
 .ARM.attributes
                0x000000000000084e       0x3a ./Middlewares/ThreadX/RTOS/ModuleLib/txm_mutex_info_get.o
 .ARM.attributes
                0x0000000000000888       0x3a ./Middlewares/ThreadX/RTOS/ModuleLib/txm_mutex_performance_info_get.o
 .ARM.attributes
                0x00000000000008c2       0x3a ./Middlewares/ThreadX/RTOS/ModuleLib/txm_mutex_performance_system_info_get.o
 .ARM.attributes
                0x00000000000008fc       0x3a ./Middlewares/ThreadX/RTOS/ModuleLib/txm_mutex_prioritize.o
 .ARM.attributes
                0x0000000000000936       0x3a ./Middlewares/ThreadX/RTOS/ModuleLib/txm_mutex_put.o
 .ARM.attributes
                0x0000000000000970       0x3a ./Middlewares/ThreadX/RTOS/ModuleLib/txm_queue_create.o
 .ARM.attributes
                0x00000000000009aa       0x3a ./Middlewares/ThreadX/RTOS/ModuleLib/txm_queue_delete.o
 .ARM.attributes
                0x00000000000009e4       0x3a ./Middlewares/ThreadX/RTOS/ModuleLib/txm_queue_flush.o
 .ARM.attributes
                0x0000000000000a1e       0x3a ./Middlewares/ThreadX/RTOS/ModuleLib/txm_queue_front_send.o
 .ARM.attributes
                0x0000000000000a58       0x3a ./Middlewares/ThreadX/RTOS/ModuleLib/txm_queue_info_get.o
 .ARM.attributes
                0x0000000000000a92       0x3a ./Middlewares/ThreadX/RTOS/ModuleLib/txm_queue_performance_info_get.o
 .ARM.attributes
                0x0000000000000acc       0x3a ./Middlewares/ThreadX/RTOS/ModuleLib/txm_queue_performance_system_info_get.o
 .ARM.attributes
                0x0000000000000b06       0x3a ./Middlewares/ThreadX/RTOS/ModuleLib/txm_queue_prioritize.o
 .ARM.attributes
                0x0000000000000b40       0x3a ./Middlewares/ThreadX/RTOS/ModuleLib/txm_queue_receive.o
 .ARM.attributes
                0x0000000000000b7a       0x3a ./Middlewares/ThreadX/RTOS/ModuleLib/txm_queue_send.o
 .ARM.attributes
                0x0000000000000bb4       0x3a ./Middlewares/ThreadX/RTOS/ModuleLib/txm_queue_send_notify.o
 .ARM.attributes
                0x0000000000000bee       0x3a ./Middlewares/ThreadX/RTOS/ModuleLib/txm_semaphore_ceiling_put.o
 .ARM.attributes
                0x0000000000000c28       0x3a ./Middlewares/ThreadX/RTOS/ModuleLib/txm_semaphore_create.o
 .ARM.attributes
                0x0000000000000c62       0x3a ./Middlewares/ThreadX/RTOS/ModuleLib/txm_semaphore_delete.o
 .ARM.attributes
                0x0000000000000c9c       0x3a ./Middlewares/ThreadX/RTOS/ModuleLib/txm_semaphore_get.o
 .ARM.attributes
                0x0000000000000cd6       0x3a ./Middlewares/ThreadX/RTOS/ModuleLib/txm_semaphore_info_get.o
 .ARM.attributes
                0x0000000000000d10       0x3a ./Middlewares/ThreadX/RTOS/ModuleLib/txm_semaphore_performance_info_get.o
 .ARM.attributes
                0x0000000000000d4a       0x3a ./Middlewares/ThreadX/RTOS/ModuleLib/txm_semaphore_performance_system_info_get.o
 .ARM.attributes
                0x0000000000000d84       0x3a ./Middlewares/ThreadX/RTOS/ModuleLib/txm_semaphore_prioritize.o
 .ARM.attributes
                0x0000000000000dbe       0x3a ./Middlewares/ThreadX/RTOS/ModuleLib/txm_semaphore_put.o
 .ARM.attributes
                0x0000000000000df8       0x3a ./Middlewares/ThreadX/RTOS/ModuleLib/txm_semaphore_put_notify.o
 .ARM.attributes
                0x0000000000000e32       0x3a ./Middlewares/ThreadX/RTOS/ModuleLib/txm_thread_create.o
 .ARM.attributes
                0x0000000000000e6c       0x3a ./Middlewares/ThreadX/RTOS/ModuleLib/txm_thread_delete.o
 .ARM.attributes
                0x0000000000000ea6       0x3a ./Middlewares/ThreadX/RTOS/ModuleLib/txm_thread_entry_exit_notify.o
 .ARM.attributes
                0x0000000000000ee0       0x3a ./Middlewares/ThreadX/RTOS/ModuleLib/txm_thread_identify.o
 .ARM.attributes
                0x0000000000000f1a       0x3a ./Middlewares/ThreadX/RTOS/ModuleLib/txm_thread_info_get.o
 .ARM.attributes
                0x0000000000000f54       0x3a ./Middlewares/ThreadX/RTOS/ModuleLib/txm_thread_interrupt_control.o
 .ARM.attributes
                0x0000000000000f8e       0x3a ./Middlewares/ThreadX/RTOS/ModuleLib/txm_thread_performance_info_get.o
 .ARM.attributes
                0x0000000000000fc8       0x3a ./Middlewares/ThreadX/RTOS/ModuleLib/txm_thread_performance_system_info_get.o
 .ARM.attributes
                0x0000000000001002       0x3a ./Middlewares/ThreadX/RTOS/ModuleLib/txm_thread_preemption_change.o
 .ARM.attributes
                0x000000000000103c       0x3a ./Middlewares/ThreadX/RTOS/ModuleLib/txm_thread_priority_change.o
 .ARM.attributes
                0x0000000000001076       0x3a ./Middlewares/ThreadX/RTOS/ModuleLib/txm_thread_relinquish.o
 .ARM.attributes
                0x00000000000010b0       0x3a ./Middlewares/ThreadX/RTOS/ModuleLib/txm_thread_reset.o
 .ARM.attributes
                0x00000000000010ea       0x3a ./Middlewares/ThreadX/RTOS/ModuleLib/txm_thread_resume.o
 .ARM.attributes
                0x0000000000001124       0x3a ./Middlewares/ThreadX/RTOS/ModuleLib/txm_thread_sleep.o
 .ARM.attributes
                0x000000000000115e       0x3a ./Middlewares/ThreadX/RTOS/ModuleLib/txm_thread_stack_error_notify.o
 .ARM.attributes
                0x0000000000001198       0x3a ./Middlewares/ThreadX/RTOS/ModuleLib/txm_thread_suspend.o
 .ARM.attributes
                0x00000000000011d2       0x3a ./Middlewares/ThreadX/RTOS/ModuleLib/txm_thread_terminate.o
 .ARM.attributes
                0x000000000000120c       0x3a ./Middlewares/ThreadX/RTOS/ModuleLib/txm_thread_time_slice_change.o
 .ARM.attributes
                0x0000000000001246       0x3a ./Middlewares/ThreadX/RTOS/ModuleLib/txm_thread_wait_abort.o
 .ARM.attributes
                0x0000000000001280       0x3a ./Middlewares/ThreadX/RTOS/ModuleLib/txm_time_get.o
 .ARM.attributes
                0x00000000000012ba       0x3a ./Middlewares/ThreadX/RTOS/ModuleLib/txm_time_set.o
 .ARM.attributes
                0x00000000000012f4       0x3a ./Middlewares/ThreadX/RTOS/ModuleLib/txm_timer_activate.o
 .ARM.attributes
                0x000000000000132e       0x3a ./Middlewares/ThreadX/RTOS/ModuleLib/txm_timer_change.o
 .ARM.attributes
                0x0000000000001368       0x3a ./Middlewares/ThreadX/RTOS/ModuleLib/txm_timer_create.o
 .ARM.attributes
                0x00000000000013a2       0x3a ./Middlewares/ThreadX/RTOS/ModuleLib/txm_timer_deactivate.o
 .ARM.attributes
                0x00000000000013dc       0x3a ./Middlewares/ThreadX/RTOS/ModuleLib/txm_timer_delete.o
 .ARM.attributes
                0x0000000000001416       0x3a ./Middlewares/ThreadX/RTOS/ModuleLib/txm_timer_info_get.o
 .ARM.attributes
                0x0000000000001450       0x3a ./Middlewares/ThreadX/RTOS/ModuleLib/txm_timer_performance_info_get.o
 .ARM.attributes
                0x000000000000148a       0x3a ./Middlewares/ThreadX/RTOS/ModuleLib/txm_timer_performance_system_info_get.o
 .ARM.attributes
                0x00000000000014c4       0x3a ./Middlewares/ThreadX/RTOS/ModuleLib/txm_trace_buffer_full_notify.o
 .ARM.attributes
                0x00000000000014fe       0x3a ./Middlewares/ThreadX/RTOS/ModuleLib/txm_trace_disable.o
 .ARM.attributes
                0x0000000000001538       0x3a ./Middlewares/ThreadX/RTOS/ModuleLib/txm_trace_enable.o
 .ARM.attributes
                0x0000000000001572       0x3a ./Middlewares/ThreadX/RTOS/ModuleLib/txm_trace_event_filter.o
 .ARM.attributes
                0x00000000000015ac       0x3a ./Middlewares/ThreadX/RTOS/ModuleLib/txm_trace_event_unfilter.o
 .ARM.attributes
                0x00000000000015e6       0x3a ./Middlewares/ThreadX/RTOS/ModuleLib/txm_trace_interrupt_control.o
 .ARM.attributes
                0x0000000000001620       0x3a ./Middlewares/ThreadX/RTOS/ModuleLib/txm_trace_isr_enter_insert.o
 .ARM.attributes
                0x000000000000165a       0x3a ./Middlewares/ThreadX/RTOS/ModuleLib/txm_trace_isr_exit_insert.o
 .ARM.attributes
                0x0000000000001694       0x3a ./Middlewares/ThreadX/RTOS/ModuleLib/txm_trace_user_event_insert.o

.comment        0x0000000000000000       0x43
 .comment       0x0000000000000000       0x43 ./Application/User/app_module.o
                                         0x44 (size before relaxing)
 .comment       0x0000000000000043       0x44 ./Middlewares/ThreadX/RTOS/ModuleLib/txm_block_allocate.o
 .comment       0x0000000000000043       0x44 ./Middlewares/ThreadX/RTOS/ModuleLib/txm_block_pool_create.o
 .comment       0x0000000000000043       0x44 ./Middlewares/ThreadX/RTOS/ModuleLib/txm_block_pool_delete.o
 .comment       0x0000000000000043       0x44 ./Middlewares/ThreadX/RTOS/ModuleLib/txm_block_pool_info_get.o
 .comment       0x0000000000000043       0x44 ./Middlewares/ThreadX/RTOS/ModuleLib/txm_block_pool_performance_info_get.o
 .comment       0x0000000000000043       0x44 ./Middlewares/ThreadX/RTOS/ModuleLib/txm_block_pool_performance_system_info_get.o
 .comment       0x0000000000000043       0x44 ./Middlewares/ThreadX/RTOS/ModuleLib/txm_block_pool_prioritize.o
 .comment       0x0000000000000043       0x44 ./Middlewares/ThreadX/RTOS/ModuleLib/txm_block_release.o
 .comment       0x0000000000000043       0x44 ./Middlewares/ThreadX/RTOS/ModuleLib/txm_byte_allocate.o
 .comment       0x0000000000000043       0x44 ./Middlewares/ThreadX/RTOS/ModuleLib/txm_byte_pool_create.o
 .comment       0x0000000000000043       0x44 ./Middlewares/ThreadX/RTOS/ModuleLib/txm_byte_pool_delete.o
 .comment       0x0000000000000043       0x44 ./Middlewares/ThreadX/RTOS/ModuleLib/txm_byte_pool_info_get.o
 .comment       0x0000000000000043       0x44 ./Middlewares/ThreadX/RTOS/ModuleLib/txm_byte_pool_performance_info_get.o
 .comment       0x0000000000000043       0x44 ./Middlewares/ThreadX/RTOS/ModuleLib/txm_byte_pool_performance_system_info_get.o
 .comment       0x0000000000000043       0x44 ./Middlewares/ThreadX/RTOS/ModuleLib/txm_byte_pool_prioritize.o
 .comment       0x0000000000000043       0x44 ./Middlewares/ThreadX/RTOS/ModuleLib/txm_byte_release.o
 .comment       0x0000000000000043       0x44 ./Middlewares/ThreadX/RTOS/ModuleLib/txm_event_flags_create.o
 .comment       0x0000000000000043       0x44 ./Middlewares/ThreadX/RTOS/ModuleLib/txm_event_flags_delete.o
 .comment       0x0000000000000043       0x44 ./Middlewares/ThreadX/RTOS/ModuleLib/txm_event_flags_get.o
 .comment       0x0000000000000043       0x44 ./Middlewares/ThreadX/RTOS/ModuleLib/txm_event_flags_info_get.o
 .comment       0x0000000000000043       0x44 ./Middlewares/ThreadX/RTOS/ModuleLib/txm_event_flags_performance_info_get.o
 .comment       0x0000000000000043       0x44 ./Middlewares/ThreadX/RTOS/ModuleLib/txm_event_flags_performance_system_info_get.o
 .comment       0x0000000000000043       0x44 ./Middlewares/ThreadX/RTOS/ModuleLib/txm_event_flags_set.o
 .comment       0x0000000000000043       0x44 ./Middlewares/ThreadX/RTOS/ModuleLib/txm_event_flags_set_notify.o
 .comment       0x0000000000000043       0x44 ./Middlewares/ThreadX/RTOS/ModuleLib/txm_module_application_request.o
 .comment       0x0000000000000043       0x44 ./Middlewares/ThreadX/RTOS/ModuleLib/txm_module_callback_request_thread_entry.o
 .comment       0x0000000000000043       0x44 ./Middlewares/ThreadX/RTOS/ModuleLib/txm_module_object_allocate.o
 .comment       0x0000000000000043       0x44 ./Middlewares/ThreadX/RTOS/ModuleLib/txm_module_object_deallocate.o
 .comment       0x0000000000000043       0x44 ./Middlewares/ThreadX/RTOS/ModuleLib/txm_module_object_pointer_get.o
 .comment       0x0000000000000043       0x44 ./Middlewares/ThreadX/RTOS/ModuleLib/txm_module_object_pointer_get_extended.o
 .comment       0x0000000000000043       0x44 ./Middlewares/ThreadX/RTOS/ModuleLib/txm_module_thread_shell_entry.o
 .comment       0x0000000000000043       0x44 ./Middlewares/ThreadX/RTOS/ModuleLib/txm_module_thread_system_suspend.o
 .comment       0x0000000000000043       0x44 ./Middlewares/ThreadX/RTOS/ModuleLib/txm_mutex_create.o
 .comment       0x0000000000000043       0x44 ./Middlewares/ThreadX/RTOS/ModuleLib/txm_mutex_delete.o
 .comment       0x0000000000000043       0x44 ./Middlewares/ThreadX/RTOS/ModuleLib/txm_mutex_get.o
 .comment       0x0000000000000043       0x44 ./Middlewares/ThreadX/RTOS/ModuleLib/txm_mutex_info_get.o
 .comment       0x0000000000000043       0x44 ./Middlewares/ThreadX/RTOS/ModuleLib/txm_mutex_performance_info_get.o
 .comment       0x0000000000000043       0x44 ./Middlewares/ThreadX/RTOS/ModuleLib/txm_mutex_performance_system_info_get.o
 .comment       0x0000000000000043       0x44 ./Middlewares/ThreadX/RTOS/ModuleLib/txm_mutex_prioritize.o
 .comment       0x0000000000000043       0x44 ./Middlewares/ThreadX/RTOS/ModuleLib/txm_mutex_put.o
 .comment       0x0000000000000043       0x44 ./Middlewares/ThreadX/RTOS/ModuleLib/txm_queue_create.o
 .comment       0x0000000000000043       0x44 ./Middlewares/ThreadX/RTOS/ModuleLib/txm_queue_delete.o
 .comment       0x0000000000000043       0x44 ./Middlewares/ThreadX/RTOS/ModuleLib/txm_queue_flush.o
 .comment       0x0000000000000043       0x44 ./Middlewares/ThreadX/RTOS/ModuleLib/txm_queue_front_send.o
 .comment       0x0000000000000043       0x44 ./Middlewares/ThreadX/RTOS/ModuleLib/txm_queue_info_get.o
 .comment       0x0000000000000043       0x44 ./Middlewares/ThreadX/RTOS/ModuleLib/txm_queue_performance_info_get.o
 .comment       0x0000000000000043       0x44 ./Middlewares/ThreadX/RTOS/ModuleLib/txm_queue_performance_system_info_get.o
 .comment       0x0000000000000043       0x44 ./Middlewares/ThreadX/RTOS/ModuleLib/txm_queue_prioritize.o
 .comment       0x0000000000000043       0x44 ./Middlewares/ThreadX/RTOS/ModuleLib/txm_queue_receive.o
 .comment       0x0000000000000043       0x44 ./Middlewares/ThreadX/RTOS/ModuleLib/txm_queue_send.o
 .comment       0x0000000000000043       0x44 ./Middlewares/ThreadX/RTOS/ModuleLib/txm_queue_send_notify.o
 .comment       0x0000000000000043       0x44 ./Middlewares/ThreadX/RTOS/ModuleLib/txm_semaphore_ceiling_put.o
 .comment       0x0000000000000043       0x44 ./Middlewares/ThreadX/RTOS/ModuleLib/txm_semaphore_create.o
 .comment       0x0000000000000043       0x44 ./Middlewares/ThreadX/RTOS/ModuleLib/txm_semaphore_delete.o
 .comment       0x0000000000000043       0x44 ./Middlewares/ThreadX/RTOS/ModuleLib/txm_semaphore_get.o
 .comment       0x0000000000000043       0x44 ./Middlewares/ThreadX/RTOS/ModuleLib/txm_semaphore_info_get.o
 .comment       0x0000000000000043       0x44 ./Middlewares/ThreadX/RTOS/ModuleLib/txm_semaphore_performance_info_get.o
 .comment       0x0000000000000043       0x44 ./Middlewares/ThreadX/RTOS/ModuleLib/txm_semaphore_performance_system_info_get.o
 .comment       0x0000000000000043       0x44 ./Middlewares/ThreadX/RTOS/ModuleLib/txm_semaphore_prioritize.o
 .comment       0x0000000000000043       0x44 ./Middlewares/ThreadX/RTOS/ModuleLib/txm_semaphore_put.o
 .comment       0x0000000000000043       0x44 ./Middlewares/ThreadX/RTOS/ModuleLib/txm_semaphore_put_notify.o
 .comment       0x0000000000000043       0x44 ./Middlewares/ThreadX/RTOS/ModuleLib/txm_thread_create.o
 .comment       0x0000000000000043       0x44 ./Middlewares/ThreadX/RTOS/ModuleLib/txm_thread_delete.o
 .comment       0x0000000000000043       0x44 ./Middlewares/ThreadX/RTOS/ModuleLib/txm_thread_entry_exit_notify.o
 .comment       0x0000000000000043       0x44 ./Middlewares/ThreadX/RTOS/ModuleLib/txm_thread_identify.o
 .comment       0x0000000000000043       0x44 ./Middlewares/ThreadX/RTOS/ModuleLib/txm_thread_info_get.o
 .comment       0x0000000000000043       0x44 ./Middlewares/ThreadX/RTOS/ModuleLib/txm_thread_interrupt_control.o
 .comment       0x0000000000000043       0x44 ./Middlewares/ThreadX/RTOS/ModuleLib/txm_thread_performance_info_get.o
 .comment       0x0000000000000043       0x44 ./Middlewares/ThreadX/RTOS/ModuleLib/txm_thread_performance_system_info_get.o
 .comment       0x0000000000000043       0x44 ./Middlewares/ThreadX/RTOS/ModuleLib/txm_thread_preemption_change.o
 .comment       0x0000000000000043       0x44 ./Middlewares/ThreadX/RTOS/ModuleLib/txm_thread_priority_change.o
 .comment       0x0000000000000043       0x44 ./Middlewares/ThreadX/RTOS/ModuleLib/txm_thread_relinquish.o
 .comment       0x0000000000000043       0x44 ./Middlewares/ThreadX/RTOS/ModuleLib/txm_thread_reset.o
 .comment       0x0000000000000043       0x44 ./Middlewares/ThreadX/RTOS/ModuleLib/txm_thread_resume.o
 .comment       0x0000000000000043       0x44 ./Middlewares/ThreadX/RTOS/ModuleLib/txm_thread_sleep.o
 .comment       0x0000000000000043       0x44 ./Middlewares/ThreadX/RTOS/ModuleLib/txm_thread_stack_error_notify.o
 .comment       0x0000000000000043       0x44 ./Middlewares/ThreadX/RTOS/ModuleLib/txm_thread_suspend.o
 .comment       0x0000000000000043       0x44 ./Middlewares/ThreadX/RTOS/ModuleLib/txm_thread_terminate.o
 .comment       0x0000000000000043       0x44 ./Middlewares/ThreadX/RTOS/ModuleLib/txm_thread_time_slice_change.o
 .comment       0x0000000000000043       0x44 ./Middlewares/ThreadX/RTOS/ModuleLib/txm_thread_wait_abort.o
 .comment       0x0000000000000043       0x44 ./Middlewares/ThreadX/RTOS/ModuleLib/txm_time_get.o
 .comment       0x0000000000000043       0x44 ./Middlewares/ThreadX/RTOS/ModuleLib/txm_time_set.o
 .comment       0x0000000000000043       0x44 ./Middlewares/ThreadX/RTOS/ModuleLib/txm_timer_activate.o
 .comment       0x0000000000000043       0x44 ./Middlewares/ThreadX/RTOS/ModuleLib/txm_timer_change.o
 .comment       0x0000000000000043       0x44 ./Middlewares/ThreadX/RTOS/ModuleLib/txm_timer_create.o
 .comment       0x0000000000000043       0x44 ./Middlewares/ThreadX/RTOS/ModuleLib/txm_timer_deactivate.o
 .comment       0x0000000000000043       0x44 ./Middlewares/ThreadX/RTOS/ModuleLib/txm_timer_delete.o
 .comment       0x0000000000000043       0x44 ./Middlewares/ThreadX/RTOS/ModuleLib/txm_timer_info_get.o
 .comment       0x0000000000000043       0x44 ./Middlewares/ThreadX/RTOS/ModuleLib/txm_timer_performance_info_get.o
 .comment       0x0000000000000043       0x44 ./Middlewares/ThreadX/RTOS/ModuleLib/txm_timer_performance_system_info_get.o
 .comment       0x0000000000000043       0x44 ./Middlewares/ThreadX/RTOS/ModuleLib/txm_trace_buffer_full_notify.o
 .comment       0x0000000000000043       0x44 ./Middlewares/ThreadX/RTOS/ModuleLib/txm_trace_disable.o
 .comment       0x0000000000000043       0x44 ./Middlewares/ThreadX/RTOS/ModuleLib/txm_trace_enable.o
 .comment       0x0000000000000043       0x44 ./Middlewares/ThreadX/RTOS/ModuleLib/txm_trace_event_filter.o
 .comment       0x0000000000000043       0x44 ./Middlewares/ThreadX/RTOS/ModuleLib/txm_trace_event_unfilter.o
 .comment       0x0000000000000043       0x44 ./Middlewares/ThreadX/RTOS/ModuleLib/txm_trace_interrupt_control.o
 .comment       0x0000000000000043       0x44 ./Middlewares/ThreadX/RTOS/ModuleLib/txm_trace_isr_enter_insert.o
 .comment       0x0000000000000043       0x44 ./Middlewares/ThreadX/RTOS/ModuleLib/txm_trace_isr_exit_insert.o
 .comment       0x0000000000000043       0x44 ./Middlewares/ThreadX/RTOS/ModuleLib/txm_trace_user_event_insert.o

.debug_line     0x0000000000000000    0x2bc7a
 .debug_line    0x0000000000000000       0x9b ./Application/Startup/gcc_setup.o
 .debug_line    0x000000000000009b      0x75d ./Application/User/app_module.o
 .debug_line    0x00000000000007f8      0x6f0 ./Middlewares/ThreadX/RTOS/ModuleLib/txm_block_allocate.o
 .debug_line    0x0000000000000ee8      0x6fe ./Middlewares/ThreadX/RTOS/ModuleLib/txm_block_pool_create.o
 .debug_line    0x00000000000015e6      0x6f3 ./Middlewares/ThreadX/RTOS/ModuleLib/txm_block_pool_delete.o
 .debug_line    0x0000000000001cd9      0x713 ./Middlewares/ThreadX/RTOS/ModuleLib/txm_block_pool_info_get.o
 .debug_line    0x00000000000023ec      0x713 ./Middlewares/ThreadX/RTOS/ModuleLib/txm_block_pool_performance_info_get.o
 .debug_line    0x0000000000002aff      0x714 ./Middlewares/ThreadX/RTOS/ModuleLib/txm_block_pool_performance_system_info_get.o
 .debug_line    0x0000000000003213      0x6f7 ./Middlewares/ThreadX/RTOS/ModuleLib/txm_block_pool_prioritize.o
 .debug_line    0x000000000000390a      0x6ef ./Middlewares/ThreadX/RTOS/ModuleLib/txm_block_release.o
 .debug_line    0x0000000000003ff9      0x6f3 ./Middlewares/ThreadX/RTOS/ModuleLib/txm_byte_allocate.o
 .debug_line    0x00000000000046ec      0x6fa ./Middlewares/ThreadX/RTOS/ModuleLib/txm_byte_pool_create.o
 .debug_line    0x0000000000004de6      0x6f2 ./Middlewares/ThreadX/RTOS/ModuleLib/txm_byte_pool_delete.o
 .debug_line    0x00000000000054d8      0x712 ./Middlewares/ThreadX/RTOS/ModuleLib/txm_byte_pool_info_get.o
 .debug_line    0x0000000000005bea      0x724 ./Middlewares/ThreadX/RTOS/ModuleLib/txm_byte_pool_performance_info_get.o
 .debug_line    0x000000000000630e      0x725 ./Middlewares/ThreadX/RTOS/ModuleLib/txm_byte_pool_performance_system_info_get.o
 .debug_line    0x0000000000006a33      0x6f6 ./Middlewares/ThreadX/RTOS/ModuleLib/txm_byte_pool_prioritize.o
 .debug_line    0x0000000000007129      0x6ee ./Middlewares/ThreadX/RTOS/ModuleLib/txm_byte_release.o
 .debug_line    0x0000000000007817      0x6f4 ./Middlewares/ThreadX/RTOS/ModuleLib/txm_event_flags_create.o
 .debug_line    0x0000000000007f0b      0x6f4 ./Middlewares/ThreadX/RTOS/ModuleLib/txm_event_flags_delete.o
 .debug_line    0x00000000000085ff      0x6fb ./Middlewares/ThreadX/RTOS/ModuleLib/txm_event_flags_get.o
 .debug_line    0x0000000000008cfa      0x70e ./Middlewares/ThreadX/RTOS/ModuleLib/txm_event_flags_info_get.o
 .debug_line    0x0000000000009408      0x714 ./Middlewares/ThreadX/RTOS/ModuleLib/txm_event_flags_performance_info_get.o
 .debug_line    0x0000000000009b1c      0x715 ./Middlewares/ThreadX/RTOS/ModuleLib/txm_event_flags_performance_system_info_get.o
 .debug_line    0x000000000000a231      0x6f1 ./Middlewares/ThreadX/RTOS/ModuleLib/txm_event_flags_set.o
 .debug_line    0x000000000000a922      0x6f8 ./Middlewares/ThreadX/RTOS/ModuleLib/txm_event_flags_set_notify.o
 .debug_line    0x000000000000b01a      0x6fc ./Middlewares/ThreadX/RTOS/ModuleLib/txm_module_application_request.o
 .debug_line    0x000000000000b716      0x772 ./Middlewares/ThreadX/RTOS/ModuleLib/txm_module_callback_request_thread_entry.o
 .debug_line    0x000000000000be88      0x6f8 ./Middlewares/ThreadX/RTOS/ModuleLib/txm_module_object_allocate.o
 .debug_line    0x000000000000c580      0x6fa ./Middlewares/ThreadX/RTOS/ModuleLib/txm_module_object_deallocate.o
 .debug_line    0x000000000000cc7a      0x6fb ./Middlewares/ThreadX/RTOS/ModuleLib/txm_module_object_pointer_get.o
 .debug_line    0x000000000000d375      0x70d ./Middlewares/ThreadX/RTOS/ModuleLib/txm_module_object_pointer_get_extended.o
 .debug_line    0x000000000000da82      0x749 ./Middlewares/ThreadX/RTOS/ModuleLib/txm_module_thread_shell_entry.o
 .debug_line    0x000000000000e1cb      0x6fe ./Middlewares/ThreadX/RTOS/ModuleLib/txm_module_thread_system_suspend.o
 .debug_line    0x000000000000e8c9      0x6f2 ./Middlewares/ThreadX/RTOS/ModuleLib/txm_mutex_create.o
 .debug_line    0x000000000000efbb      0x6ee ./Middlewares/ThreadX/RTOS/ModuleLib/txm_mutex_delete.o
 .debug_line    0x000000000000f6a9      0x6eb ./Middlewares/ThreadX/RTOS/ModuleLib/txm_mutex_get.o
 .debug_line    0x000000000000fd94      0x70e ./Middlewares/ThreadX/RTOS/ModuleLib/txm_mutex_info_get.o
 .debug_line    0x00000000000104a2      0x71a ./Middlewares/ThreadX/RTOS/ModuleLib/txm_mutex_performance_info_get.o
 .debug_line    0x0000000000010bbc      0x71b ./Middlewares/ThreadX/RTOS/ModuleLib/txm_mutex_performance_system_info_get.o
 .debug_line    0x00000000000112d7      0x6f2 ./Middlewares/ThreadX/RTOS/ModuleLib/txm_mutex_prioritize.o
 .debug_line    0x00000000000119c9      0x6eb ./Middlewares/ThreadX/RTOS/ModuleLib/txm_mutex_put.o
 .debug_line    0x00000000000120b4      0x6f9 ./Middlewares/ThreadX/RTOS/ModuleLib/txm_queue_create.o
 .debug_line    0x00000000000127ad      0x6ee ./Middlewares/ThreadX/RTOS/ModuleLib/txm_queue_delete.o
 .debug_line    0x0000000000012e9b      0x6ed ./Middlewares/ThreadX/RTOS/ModuleLib/txm_queue_flush.o
 .debug_line    0x0000000000013588      0x6f2 ./Middlewares/ThreadX/RTOS/ModuleLib/txm_queue_front_send.o
 .debug_line    0x0000000000013c7a      0x70e ./Middlewares/ThreadX/RTOS/ModuleLib/txm_queue_info_get.o
 .debug_line    0x0000000000014388      0x71a ./Middlewares/ThreadX/RTOS/ModuleLib/txm_queue_performance_info_get.o
 .debug_line    0x0000000000014aa2      0x71b ./Middlewares/ThreadX/RTOS/ModuleLib/txm_queue_performance_system_info_get.o
 .debug_line    0x00000000000151bd      0x6f2 ./Middlewares/ThreadX/RTOS/ModuleLib/txm_queue_prioritize.o
 .debug_line    0x00000000000158af      0x6ef ./Middlewares/ThreadX/RTOS/ModuleLib/txm_queue_receive.o
 .debug_line    0x0000000000015f9e      0x6ec ./Middlewares/ThreadX/RTOS/ModuleLib/txm_queue_send.o
 .debug_line    0x000000000001668a      0x6f3 ./Middlewares/ThreadX/RTOS/ModuleLib/txm_queue_send_notify.o
 .debug_line    0x0000000000016d7d      0x6f7 ./Middlewares/ThreadX/RTOS/ModuleLib/txm_semaphore_ceiling_put.o
 .debug_line    0x0000000000017474      0x6f6 ./Middlewares/ThreadX/RTOS/ModuleLib/txm_semaphore_create.o
 .debug_line    0x0000000000017b6a      0x6f2 ./Middlewares/ThreadX/RTOS/ModuleLib/txm_semaphore_delete.o
 .debug_line    0x000000000001825c      0x6ef ./Middlewares/ThreadX/RTOS/ModuleLib/txm_semaphore_get.o
 .debug_line    0x000000000001894b      0x70c ./Middlewares/ThreadX/RTOS/ModuleLib/txm_semaphore_info_get.o
 .debug_line    0x0000000000019057      0x712 ./Middlewares/ThreadX/RTOS/ModuleLib/txm_semaphore_performance_info_get.o
 .debug_line    0x0000000000019769      0x713 ./Middlewares/ThreadX/RTOS/ModuleLib/txm_semaphore_performance_system_info_get.o
 .debug_line    0x0000000000019e7c      0x6f6 ./Middlewares/ThreadX/RTOS/ModuleLib/txm_semaphore_prioritize.o
 .debug_line    0x000000000001a572      0x6ef ./Middlewares/ThreadX/RTOS/ModuleLib/txm_semaphore_put.o
 .debug_line    0x000000000001ac61      0x6f6 ./Middlewares/ThreadX/RTOS/ModuleLib/txm_semaphore_put_notify.o
 .debug_line    0x000000000001b357      0x702 ./Middlewares/ThreadX/RTOS/ModuleLib/txm_thread_create.o
 .debug_line    0x000000000001ba59      0x6ef ./Middlewares/ThreadX/RTOS/ModuleLib/txm_thread_delete.o
 .debug_line    0x000000000001c148      0x6fa ./Middlewares/ThreadX/RTOS/ModuleLib/txm_thread_entry_exit_notify.o
 .debug_line    0x000000000001c842      0x6f1 ./Middlewares/ThreadX/RTOS/ModuleLib/txm_thread_identify.o
 .debug_line    0x000000000001cf33      0x71b ./Middlewares/ThreadX/RTOS/ModuleLib/txm_thread_info_get.o
 .debug_line    0x000000000001d64e      0x6fa ./Middlewares/ThreadX/RTOS/ModuleLib/txm_thread_interrupt_control.o
 .debug_line    0x000000000001dd48      0x733 ./Middlewares/ThreadX/RTOS/ModuleLib/txm_thread_performance_info_get.o
 .debug_line    0x000000000001e47b      0x73a ./Middlewares/ThreadX/RTOS/ModuleLib/txm_thread_performance_system_info_get.o
 .debug_line    0x000000000001ebb5      0x6fa ./Middlewares/ThreadX/RTOS/ModuleLib/txm_thread_preemption_change.o
 .debug_line    0x000000000001f2af      0x6f8 ./Middlewares/ThreadX/RTOS/ModuleLib/txm_thread_priority_change.o
 .debug_line    0x000000000001f9a7      0x6ed ./Middlewares/ThreadX/RTOS/ModuleLib/txm_thread_relinquish.o
 .debug_line    0x0000000000020094      0x6ee ./Middlewares/ThreadX/RTOS/ModuleLib/txm_thread_reset.o
 .debug_line    0x0000000000020782      0x6ef ./Middlewares/ThreadX/RTOS/ModuleLib/txm_thread_resume.o
 .debug_line    0x0000000000020e71      0x6ee ./Middlewares/ThreadX/RTOS/ModuleLib/txm_thread_sleep.o
 .debug_line    0x000000000002155f      0x6fb ./Middlewares/ThreadX/RTOS/ModuleLib/txm_thread_stack_error_notify.o
 .debug_line    0x0000000000021c5a      0x6f0 ./Middlewares/ThreadX/RTOS/ModuleLib/txm_thread_suspend.o
 .debug_line    0x000000000002234a      0x6f2 ./Middlewares/ThreadX/RTOS/ModuleLib/txm_thread_terminate.o
 .debug_line    0x0000000000022a3c      0x6fa ./Middlewares/ThreadX/RTOS/ModuleLib/txm_thread_time_slice_change.o
 .debug_line    0x0000000000023136      0x6f3 ./Middlewares/ThreadX/RTOS/ModuleLib/txm_thread_wait_abort.o
 .debug_line    0x0000000000023829      0x6ea ./Middlewares/ThreadX/RTOS/ModuleLib/txm_time_get.o
 .debug_line    0x0000000000023f13      0x6e4 ./Middlewares/ThreadX/RTOS/ModuleLib/txm_time_set.o
 .debug_line    0x00000000000245f7      0x6f0 ./Middlewares/ThreadX/RTOS/ModuleLib/txm_timer_activate.o
 .debug_line    0x0000000000024ce7      0x6ee ./Middlewares/ThreadX/RTOS/ModuleLib/txm_timer_change.o
 .debug_line    0x00000000000253d5      0x6f9 ./Middlewares/ThreadX/RTOS/ModuleLib/txm_timer_create.o
 .debug_line    0x0000000000025ace      0x6f2 ./Middlewares/ThreadX/RTOS/ModuleLib/txm_timer_deactivate.o
 .debug_line    0x00000000000261c0      0x6ee ./Middlewares/ThreadX/RTOS/ModuleLib/txm_timer_delete.o
 .debug_line    0x00000000000268ae      0x708 ./Middlewares/ThreadX/RTOS/ModuleLib/txm_timer_info_get.o
 .debug_line    0x0000000000026fb6      0x714 ./Middlewares/ThreadX/RTOS/ModuleLib/txm_timer_performance_info_get.o