C:/Users/admin/Desktop/security24_material/qemu_stm32f405_m4_write_before_exploit/qemu_stm32f405_m4_write_before_exploit/Src/main.c:74:5:main	8	static
C:/Users/admin/Desktop/security24_material/qemu_stm32f405_m4_write_before_exploit/qemu_stm32f405_m4_write_before_exploit/Src/main.c:128:6:SystemClock_Config	88	static
C:/Users/admin/Desktop/security24_material/qemu_stm32f405_m4_write_before_exploit/qemu_stm32f405_m4_write_before_exploit/Src/main.c:183:6:PeriphCommonClock_Config	56	static
C:/Users/admin/Desktop/security24_material/qemu_stm32f405_m4_write_before_exploit/qemu_stm32f405_m4_write_before_exploit/Src/main.c:202:6:Error_Handler	8	static
C:/Users/admin/Desktop/security24_material/qemu_stm32f405_m4_write_before_exploit/qemu_stm32f405_m4_write_before_exploit/Src/main.c:222:1:__io_putchar	16	static
C:/Users/admin/Desktop/security24_material/qemu_stm32f405_m4_write_before_exploit/qemu_stm32f405_m4_write_before_exploit/Src/main.c:237:13:USART3_UART_Init	8	static
C:/Users/admin/Desktop/security24_material/qemu_stm32f405_m4_write_before_exploit/qemu_stm32f405_m4_write_before_exploit/Src/main.c:270:13:GPIO_Init	16	static
C:/Users/admin/Desktop/security24_material/qemu_stm32f405_m4_write_before_exploit/qemu_stm32f405_m4_write_before_exploit/Src/main.c:287:6:HAL_TIM_PeriodElapsedCallback	16	static
