/Users/gisakaimoe/STM32CubeIDE/workspace_1.7.0/Tx_MPU/Src/main.c:76:5:main	1
/Users/gisakaimoe/STM32CubeIDE/workspace_1.7.0/Tx_MPU/Src/main.c:126:6:SystemClock_Config	4
/Users/gisakaimoe/STM32CubeIDE/workspace_1.7.0/Tx_MPU/Src/main.c:180:6:SystemPower_Config	2
/Users/gisakaimoe/STM32CubeIDE/workspace_1.7.0/Tx_MPU/Src/main.c:199:13:MX_ICACHE_Init	3
/Users/gisakaimoe/STM32CubeIDE/workspace_1.7.0/Tx_MPU/Src/main.c:230:13:MX_USART1_UART_Init	5
/Users/gisakaimoe/STM32CubeIDE/workspace_1.7.0/Tx_MPU/Src/main.c:278:13:MX_GPIO_Init	1
/Users/gisakaimoe/STM32CubeIDE/workspace_1.7.0/Tx_MPU/Src/main.c:315:1:__io_putchar	1
/Users/gisakaimoe/STM32CubeIDE/workspace_1.7.0/Tx_MPU/Src/main.c:334:6:HAL_TIM_PeriodElapsedCallback	2
/Users/gisakaimoe/STM32CubeIDE/workspace_1.7.0/Tx_MPU/Src/main.c:351:6:Error_Handler	1
