C:/Users/admin/Desktop/security24_material/qemu_stm32f405_m4_read_before_exploit/qemu_stm32f405_m4_read_before_exploit/Src/stm32f4xx_it.c:41:6:NMI_Handler	4	static
C:/Users/admin/Desktop/security24_material/qemu_stm32f405_m4_read_before_exploit/qemu_stm32f405_m4_read_before_exploit/Src/stm32f4xx_it.c:50:6:HardFault_Handler	4	static
C:/Users/admin/Desktop/security24_material/qemu_stm32f405_m4_read_before_exploit/qemu_stm32f405_m4_read_before_exploit/Src/stm32f4xx_it.c:63:6:DebugMon_Handler	4	static
C:/Users/admin/Desktop/security24_material/qemu_stm32f405_m4_read_before_exploit/qemu_stm32f405_m4_read_before_exploit/Src/stm32f4xx_it.c:79:6:TIM6_DAC_IRQHandler	8	static
