C:/Users/admin/Desktop/security24_material/qemu_stm32f405_m4_write_after_exploit/qemu_stm32f405_m4_write_after_exploit/Src/main.c:74:5:main	1
C:/Users/admin/Desktop/security24_material/qemu_stm32f405_m4_write_after_exploit/qemu_stm32f405_m4_write_after_exploit/Src/main.c:128:6:SystemClock_Config	4
C:/Users/admin/Desktop/security24_material/qemu_stm32f405_m4_write_after_exploit/qemu_stm32f405_m4_write_after_exploit/Src/main.c:183:6:PeriphCommonClock_Config	2
C:/Users/admin/Desktop/security24_material/qemu_stm32f405_m4_write_after_exploit/qemu_stm32f405_m4_write_after_exploit/Src/main.c:202:6:Error_Handler	1
C:/Users/admin/Desktop/security24_material/qemu_stm32f405_m4_write_after_exploit/qemu_stm32f405_m4_write_after_exploit/Src/main.c:222:1:__io_putchar	1
C:/Users/admin/Desktop/security24_material/qemu_stm32f405_m4_write_after_exploit/qemu_stm32f405_m4_write_after_exploit/Src/main.c:237:13:USART3_UART_Init	2
C:/Users/admin/Desktop/security24_material/qemu_stm32f405_m4_write_after_exploit/qemu_stm32f405_m4_write_after_exploit/Src/main.c:270:13:GPIO_Init	1
C:/Users/admin/Desktop/security24_material/qemu_stm32f405_m4_write_after_exploit/qemu_stm32f405_m4_write_after_exploit/Src/main.c:287:6:HAL_TIM_PeriodElapsedCallback	2
