C:/Users/admin/Desktop/security24_material/qemu_stm32f405_m4_read_before_exploit/qemu_stm32f405_m4_read_before_exploit/Src/app_module.c:46:9:default_module_start	56	static
C:/Users/admin/Desktop/security24_material/qemu_stm32f405_m4_read_before_exploit/qemu_stm32f405_m4_read_before_exploit/Src/app_module.c:72:6:MaliciousTimerFunction	4	static
C:/Users/admin/Desktop/security24_material/qemu_stm32f405_m4_read_before_exploit/qemu_stm32f405_m4_read_before_exploit/Src/app_module.c:74:6:MainThread_Entry	16	static
C:/Users/admin/Desktop/security24_material/qemu_stm32f405_m4_read_before_exploit/qemu_stm32f405_m4_read_before_exploit/Src/app_module.c:77:6:thread_0_entry	56	static
C:/Users/admin/Desktop/security24_material/qemu_stm32f405_m4_read_before_exploit/qemu_stm32f405_m4_read_before_exploit/Src/app_module.c:153:6:Error_Handler	8	static
