C:/Users/admin/Desktop/security24_material/qemu_stm32l475_m4_write_after_exploit/qemu_stm32l475_m4_write_after_exploit/Src/main.c:73:5:main	8	static
C:/Users/admin/Desktop/security24_material/qemu_stm32l475_m4_write_after_exploit/qemu_stm32l475_m4_write_after_exploit/Src/main.c:120:6:SystemClock_Config	96	static
C:/Users/admin/Desktop/security24_material/qemu_stm32l475_m4_write_after_exploit/qemu_stm32l475_m4_write_after_exploit/Src/main.c:162:6:Error_Handler	8	static
C:/Users/admin/Desktop/security24_material/qemu_stm32l475_m4_write_after_exploit/qemu_stm32l475_m4_write_after_exploit/Src/main.c:195:6:MX_LPUART1_UART_Init	8	static
C:/Users/admin/Desktop/security24_material/qemu_stm32l475_m4_write_after_exploit/qemu_stm32l475_m4_write_after_exploit/Src/main.c:243:13:GPIO_Init	48	static
C:/Users/admin/Desktop/security24_material/qemu_stm32l475_m4_write_after_exploit/qemu_stm32l475_m4_write_after_exploit/Src/main.c:277:6:HAL_TIM_PeriodElapsedCallback	16	static
