C:/Users/admin/Desktop/security24_material/stm32u575_m33_write_before_exploit/Src/app_module.c:92:9:default_module_start	56	static
C:/Users/admin/Desktop/security24_material/stm32u575_m33_write_before_exploit/Src/app_module.c:136:6:MainThread_Entry	80	static
C:/Users/admin/Desktop/security24_material/stm32u575_m33_write_before_exploit/Src/app_module.c:227:6:Error_Handler	8	static
C:/Users/admin/Desktop/security24_material/stm32u575_m33_write_before_exploit/Src/app_module.c:233:6:MaliciousTimerFunction	16	static
