C:/Users/admin/STM32CubeIDE/workspace_1.14.1/Tx_MPU/Src/main.c:73:5:main	1
C:/Users/admin/STM32CubeIDE/workspace_1.14.1/Tx_MPU/Src/main.c:120:6:SystemClock_Config	3
C:/Users/admin/STM32CubeIDE/workspace_1.14.1/Tx_MPU/Src/main.c:162:6:Error_Handler	1
C:/Users/admin/STM32CubeIDE/workspace_1.14.1/Tx_MPU/Src/main.c:195:6:MX_LPUART1_UART_Init	5
C:/Users/admin/STM32CubeIDE/workspace_1.14.1/Tx_MPU/Src/main.c:243:13:GPIO_Init	1
C:/Users/admin/STM32CubeIDE/workspace_1.14.1/Tx_MPU/Src/main.c:277:6:HAL_TIM_PeriodElapsedCallback	2
